
Discarded input sections

 .group         0x00000000        0xc CMakeFiles/STM32103_m.dir/stm32/startup/startup_stm32f10x_md.c.o
 .text          0x00000000        0x0 CMakeFiles/STM32103_m.dir/stm32/startup/startup_stm32f10x_md.c.o
 .data          0x00000000        0x0 CMakeFiles/STM32103_m.dir/stm32/startup/startup_stm32f10x_md.c.o
 .bss           0x00000000        0x0 CMakeFiles/STM32103_m.dir/stm32/startup/startup_stm32f10x_md.c.o
 .group         0x00000000        0xc CMakeFiles/STM32103_m.dir/stm32/system_stm32f10x.c.o
 .group         0x00000000        0xc CMakeFiles/STM32103_m.dir/stm32/system_stm32f10x.c.o
 .group         0x00000000        0xc CMakeFiles/STM32103_m.dir/stm32/system_stm32f10x.c.o
 .group         0x00000000        0xc CMakeFiles/STM32103_m.dir/stm32/system_stm32f10x.c.o
 .group         0x00000000        0xc CMakeFiles/STM32103_m.dir/stm32/system_stm32f10x.c.o
 .group         0x00000000        0xc CMakeFiles/STM32103_m.dir/stm32/system_stm32f10x.c.o
 .group         0x00000000        0xc CMakeFiles/STM32103_m.dir/stm32/system_stm32f10x.c.o
 .text          0x00000000        0x0 CMakeFiles/STM32103_m.dir/stm32/system_stm32f10x.c.o
 .data          0x00000000        0x0 CMakeFiles/STM32103_m.dir/stm32/system_stm32f10x.c.o
 .bss           0x00000000        0x0 CMakeFiles/STM32103_m.dir/stm32/system_stm32f10x.c.o
 .data.SystemCoreClock
                0x00000000        0x4 CMakeFiles/STM32103_m.dir/stm32/system_stm32f10x.c.o
 .rodata.AHBPrescTable
                0x00000000       0x10 CMakeFiles/STM32103_m.dir/stm32/system_stm32f10x.c.o
 .text.SystemCoreClockUpdate
                0x00000000       0xe4 CMakeFiles/STM32103_m.dir/stm32/system_stm32f10x.c.o
 .debug_macro   0x00000000      0xaba CMakeFiles/STM32103_m.dir/stm32/system_stm32f10x.c.o
 .group         0x00000000        0xc CMakeFiles/STM32103_m.dir/syscalls/syscalls.c.o
 .group         0x00000000        0xc CMakeFiles/STM32103_m.dir/syscalls/syscalls.c.o
 .group         0x00000000        0xc CMakeFiles/STM32103_m.dir/syscalls/syscalls.c.o
 .group         0x00000000        0xc CMakeFiles/STM32103_m.dir/syscalls/syscalls.c.o
 .group         0x00000000        0xc CMakeFiles/STM32103_m.dir/syscalls/syscalls.c.o
 .group         0x00000000        0xc CMakeFiles/STM32103_m.dir/syscalls/syscalls.c.o
 .group         0x00000000        0xc CMakeFiles/STM32103_m.dir/syscalls/syscalls.c.o
 .group         0x00000000        0xc CMakeFiles/STM32103_m.dir/syscalls/syscalls.c.o
 .group         0x00000000        0xc CMakeFiles/STM32103_m.dir/syscalls/syscalls.c.o
 .group         0x00000000        0xc CMakeFiles/STM32103_m.dir/syscalls/syscalls.c.o
 .group         0x00000000        0xc CMakeFiles/STM32103_m.dir/syscalls/syscalls.c.o
 .group         0x00000000        0xc CMakeFiles/STM32103_m.dir/syscalls/syscalls.c.o
 .group         0x00000000        0xc CMakeFiles/STM32103_m.dir/syscalls/syscalls.c.o
 .group         0x00000000        0xc CMakeFiles/STM32103_m.dir/syscalls/syscalls.c.o
 .group         0x00000000        0xc CMakeFiles/STM32103_m.dir/syscalls/syscalls.c.o
 .group         0x00000000        0xc CMakeFiles/STM32103_m.dir/syscalls/syscalls.c.o
 .group         0x00000000        0xc CMakeFiles/STM32103_m.dir/syscalls/syscalls.c.o
 .group         0x00000000        0xc CMakeFiles/STM32103_m.dir/syscalls/syscalls.c.o
 .group         0x00000000        0xc CMakeFiles/STM32103_m.dir/syscalls/syscalls.c.o
 .group         0x00000000        0xc CMakeFiles/STM32103_m.dir/syscalls/syscalls.c.o
 .group         0x00000000        0xc CMakeFiles/STM32103_m.dir/syscalls/syscalls.c.o
 .group         0x00000000        0xc CMakeFiles/STM32103_m.dir/syscalls/syscalls.c.o
 .group         0x00000000        0xc CMakeFiles/STM32103_m.dir/syscalls/syscalls.c.o
 .group         0x00000000        0xc CMakeFiles/STM32103_m.dir/syscalls/syscalls.c.o
 .group         0x00000000        0xc CMakeFiles/STM32103_m.dir/syscalls/syscalls.c.o
 .group         0x00000000        0xc CMakeFiles/STM32103_m.dir/syscalls/syscalls.c.o
 .group         0x00000000        0xc CMakeFiles/STM32103_m.dir/syscalls/syscalls.c.o
 .group         0x00000000        0xc CMakeFiles/STM32103_m.dir/syscalls/syscalls.c.o
 .group         0x00000000        0xc CMakeFiles/STM32103_m.dir/syscalls/syscalls.c.o
 .group         0x00000000        0xc CMakeFiles/STM32103_m.dir/syscalls/syscalls.c.o
 .group         0x00000000        0xc CMakeFiles/STM32103_m.dir/syscalls/syscalls.c.o
 .group         0x00000000        0xc CMakeFiles/STM32103_m.dir/syscalls/syscalls.c.o
 .text          0x00000000        0x0 CMakeFiles/STM32103_m.dir/syscalls/syscalls.c.o
 .data          0x00000000        0x0 CMakeFiles/STM32103_m.dir/syscalls/syscalls.c.o
 .bss           0x00000000        0x0 CMakeFiles/STM32103_m.dir/syscalls/syscalls.c.o
 .text._sbrk    0x00000000       0x3c CMakeFiles/STM32103_m.dir/syscalls/syscalls.c.o
 .text.link     0x00000000       0x18 CMakeFiles/STM32103_m.dir/syscalls/syscalls.c.o
 .text._close   0x00000000       0x16 CMakeFiles/STM32103_m.dir/syscalls/syscalls.c.o
 .text._fstat   0x00000000       0x1e CMakeFiles/STM32103_m.dir/syscalls/syscalls.c.o
 .text._isatty  0x00000000       0x14 CMakeFiles/STM32103_m.dir/syscalls/syscalls.c.o
 .text._lseek   0x00000000       0x18 CMakeFiles/STM32103_m.dir/syscalls/syscalls.c.o
 .text._read    0x00000000       0x18 CMakeFiles/STM32103_m.dir/syscalls/syscalls.c.o
 .text._write   0x00000000       0x18 CMakeFiles/STM32103_m.dir/syscalls/syscalls.c.o
 .text.abort    0x00000000        0x6 CMakeFiles/STM32103_m.dir/syscalls/syscalls.c.o
 .bss.heap.0    0x00000000        0x4 CMakeFiles/STM32103_m.dir/syscalls/syscalls.c.o
 .debug_info    0x00000000      0x477 CMakeFiles/STM32103_m.dir/syscalls/syscalls.c.o
 .debug_abbrev  0x00000000      0x116 CMakeFiles/STM32103_m.dir/syscalls/syscalls.c.o
 .debug_aranges
                0x00000000       0x60 CMakeFiles/STM32103_m.dir/syscalls/syscalls.c.o
 .debug_rnglists
                0x00000000       0x43 CMakeFiles/STM32103_m.dir/syscalls/syscalls.c.o
 .debug_macro   0x00000000      0x17f CMakeFiles/STM32103_m.dir/syscalls/syscalls.c.o
 .debug_macro   0x00000000      0xaba CMakeFiles/STM32103_m.dir/syscalls/syscalls.c.o
 .debug_macro   0x00000000       0x22 CMakeFiles/STM32103_m.dir/syscalls/syscalls.c.o
 .debug_macro   0x00000000       0x60 CMakeFiles/STM32103_m.dir/syscalls/syscalls.c.o
 .debug_macro   0x00000000       0x24 CMakeFiles/STM32103_m.dir/syscalls/syscalls.c.o
 .debug_macro   0x00000000       0x5c CMakeFiles/STM32103_m.dir/syscalls/syscalls.c.o
 .debug_macro   0x00000000       0x3c CMakeFiles/STM32103_m.dir/syscalls/syscalls.c.o
 .debug_macro   0x00000000       0x34 CMakeFiles/STM32103_m.dir/syscalls/syscalls.c.o
 .debug_macro   0x00000000       0x16 CMakeFiles/STM32103_m.dir/syscalls/syscalls.c.o
 .debug_macro   0x00000000       0x57 CMakeFiles/STM32103_m.dir/syscalls/syscalls.c.o
 .debug_macro   0x00000000       0x9e CMakeFiles/STM32103_m.dir/syscalls/syscalls.c.o
 .debug_macro   0x00000000      0x38c CMakeFiles/STM32103_m.dir/syscalls/syscalls.c.o
 .debug_macro   0x00000000      0x10b CMakeFiles/STM32103_m.dir/syscalls/syscalls.c.o
 .debug_macro   0x00000000       0x10 CMakeFiles/STM32103_m.dir/syscalls/syscalls.c.o
 .debug_macro   0x00000000       0x16 CMakeFiles/STM32103_m.dir/syscalls/syscalls.c.o
 .debug_macro   0x00000000       0x4a CMakeFiles/STM32103_m.dir/syscalls/syscalls.c.o
 .debug_macro   0x00000000       0x34 CMakeFiles/STM32103_m.dir/syscalls/syscalls.c.o
 .debug_macro   0x00000000       0x10 CMakeFiles/STM32103_m.dir/syscalls/syscalls.c.o
 .debug_macro   0x00000000       0x52 CMakeFiles/STM32103_m.dir/syscalls/syscalls.c.o
 .debug_macro   0x00000000      0x1de CMakeFiles/STM32103_m.dir/syscalls/syscalls.c.o
 .debug_macro   0x00000000       0x16 CMakeFiles/STM32103_m.dir/syscalls/syscalls.c.o
 .debug_macro   0x00000000       0x16 CMakeFiles/STM32103_m.dir/syscalls/syscalls.c.o
 .debug_macro   0x00000000      0x12a CMakeFiles/STM32103_m.dir/syscalls/syscalls.c.o
 .debug_macro   0x00000000       0x52 CMakeFiles/STM32103_m.dir/syscalls/syscalls.c.o
 .debug_macro   0x00000000       0x10 CMakeFiles/STM32103_m.dir/syscalls/syscalls.c.o
 .debug_macro   0x00000000       0x6a CMakeFiles/STM32103_m.dir/syscalls/syscalls.c.o
 .debug_macro   0x00000000       0x9e CMakeFiles/STM32103_m.dir/syscalls/syscalls.c.o
 .debug_macro   0x00000000       0x16 CMakeFiles/STM32103_m.dir/syscalls/syscalls.c.o
 .debug_macro   0x00000000       0x3c CMakeFiles/STM32103_m.dir/syscalls/syscalls.c.o
 .debug_macro   0x00000000       0x10 CMakeFiles/STM32103_m.dir/syscalls/syscalls.c.o
 .debug_macro   0x00000000       0x10 CMakeFiles/STM32103_m.dir/syscalls/syscalls.c.o
 .debug_macro   0x00000000       0x2e CMakeFiles/STM32103_m.dir/syscalls/syscalls.c.o
 .debug_macro   0x00000000      0x102 CMakeFiles/STM32103_m.dir/syscalls/syscalls.c.o
 .debug_line    0x00000000      0x2e4 CMakeFiles/STM32103_m.dir/syscalls/syscalls.c.o
 .debug_str     0x00000000     0x6e62 CMakeFiles/STM32103_m.dir/syscalls/syscalls.c.o
 .comment       0x00000000       0x27 CMakeFiles/STM32103_m.dir/syscalls/syscalls.c.o
 .debug_frame   0x00000000      0x168 CMakeFiles/STM32103_m.dir/syscalls/syscalls.c.o
 .ARM.attributes
                0x00000000       0x2d CMakeFiles/STM32103_m.dir/syscalls/syscalls.c.o
 .group         0x00000000        0xc CMakeFiles/STM32103_m.dir/main.c.o
 .group         0x00000000        0xc CMakeFiles/STM32103_m.dir/main.c.o
 .group         0x00000000        0xc CMakeFiles/STM32103_m.dir/main.c.o
 .group         0x00000000        0xc CMakeFiles/STM32103_m.dir/main.c.o
 .group         0x00000000        0xc CMakeFiles/STM32103_m.dir/main.c.o
 .group         0x00000000        0xc CMakeFiles/STM32103_m.dir/main.c.o
 .group         0x00000000        0xc CMakeFiles/STM32103_m.dir/main.c.o
 .group         0x00000000        0xc CMakeFiles/STM32103_m.dir/main.c.o
 .text          0x00000000        0x0 CMakeFiles/STM32103_m.dir/main.c.o
 .data          0x00000000        0x0 CMakeFiles/STM32103_m.dir/main.c.o
 .bss           0x00000000        0x0 CMakeFiles/STM32103_m.dir/main.c.o
 .text.delay    0x00000000       0x2c CMakeFiles/STM32103_m.dir/main.c.o
 .text.getSystemCounter
                0x00000000       0x14 CMakeFiles/STM32103_m.dir/main.c.o
 .text.some_action
                0x00000000       0x34 CMakeFiles/STM32103_m.dir/main.c.o
 .debug_macro   0x00000000      0xaba CMakeFiles/STM32103_m.dir/main.c.o
 .debug_macro   0x00000000      0x34e CMakeFiles/STM32103_m.dir/main.c.o
 .debug_macro   0x00000000       0x56 CMakeFiles/STM32103_m.dir/main.c.o
 .debug_macro   0x00000000       0x3a CMakeFiles/STM32103_m.dir/main.c.o
 .debug_macro   0x00000000       0x18 CMakeFiles/STM32103_m.dir/main.c.o
 .debug_macro   0x00000000      0xa8b CMakeFiles/STM32103_m.dir/main.c.o
 .debug_macro   0x00000000     0x7def CMakeFiles/STM32103_m.dir/main.c.o

Memory Configuration

Name             Origin             Length             Attributes
rom              0x08000000         0x0000fc00         xr
flash            0x0800fc00         0x00000400         xrw
ram              0x20000000         0x00005000         xrw
*default*        0x00000000         0xffffffff

Linker script and memory map

                0x00010000                        __mcu_flash_size = 0x10000
                0x00005000                        __mcu_ram_size = 0x5000
                0x00000400                        __mcu_flash_page_size = 0x400
                0x00000001                        __mcu_flash_eeprom_pages = 0x1
                0x00000000                        _Min_Heap_Size = 0x0
                0x00000100                        _Min_Stack_Size = 0x100
                0x08000000                        __mcu_flash_rom_offset = 0x8000000
                0x20000000                        __mcu_ram_offset = 0x20000000
                0x00000400                        __mcu_flash_eeprom_size = (__mcu_flash_eeprom_pages * __mcu_flash_page_size)
                0x0000fc00                        __mcu_flash_rom_size = (__mcu_flash_size - __mcu_flash_eeprom_size)
                0x0800fc00                        __mcu_flash_eeprom_offset = (__mcu_flash_rom_offset + __mcu_flash_rom_size)
                0x20005000                        _estack = (__mcu_ram_offset + __mcu_ram_size)

.text           0x08000000      0x5f4
 *(.isr_vector .isr_vector.*)
 .isr_vector    0x08000000      0x10c CMakeFiles/STM32103_m.dir/stm32/startup/startup_stm32f10x_md.c.o
                0x08000000                g_pfnVectors
 *(.text .text.* .gnu.linkonce.t.*)
 .text.Default_Reset_Handler
                0x0800010c       0x60 CMakeFiles/STM32103_m.dir/stm32/startup/startup_stm32f10x_md.c.o
                0x0800010c                Reset_Handler
                0x0800010c                Default_Reset_Handler
 .text.Default_Handler
                0x0800016c        0x6 CMakeFiles/STM32103_m.dir/stm32/startup/startup_stm32f10x_md.c.o
                0x0800016c                EXTI2_IRQHandler
                0x0800016c                DebugMon_Handler
                0x0800016c                TIM1_CC_IRQHandler
                0x0800016c                HardFault_Handler
                0x0800016c                PVD_IRQHandler
                0x0800016c                PendSV_Handler
                0x0800016c                NMI_Handler
                0x0800016c                EXTI3_IRQHandler
                0x0800016c                EXTI0_IRQHandler
                0x0800016c                I2C2_EV_IRQHandler
                0x0800016c                UsageFault_Handler
                0x0800016c                ADC1_2_IRQHandler
                0x0800016c                SPI1_IRQHandler
                0x0800016c                TAMPER_IRQHandler
                0x0800016c                DMA1_Channel4_IRQHandler
                0x0800016c                USART3_IRQHandler
                0x0800016c                RTC_IRQHandler
                0x0800016c                DMA1_Channel7_IRQHandler
                0x0800016c                CAN1_RX1_IRQHandler
                0x0800016c                TIM4_IRQHandler
                0x0800016c                I2C1_EV_IRQHandler
                0x0800016c                DMA1_Channel6_IRQHandler
                0x0800016c                TIM3_IRQHandler
                0x0800016c                RCC_IRQHandler
                0x0800016c                TIM1_TRG_COM_IRQHandler
                0x0800016c                DMA1_Channel1_IRQHandler
                0x0800016c                EXTI15_10_IRQHandler
                0x0800016c                EXTI9_5_IRQHandler
                0x0800016c                SPI2_IRQHandler
                0x0800016c                MemManage_Handler
                0x0800016c                SVC_Handler
                0x0800016c                DMA1_Channel5_IRQHandler
                0x0800016c                EXTI4_IRQHandler
                0x0800016c                USB_LP_CAN1_RX0_IRQHandler
                0x0800016c                USB_HP_CAN1_TX_IRQHandler
                0x0800016c                DMA1_Channel3_IRQHandler
                0x0800016c                TIM1_UP_IRQHandler
                0x0800016c                WWDG_IRQHandler
                0x0800016c                TIM2_IRQHandler
                0x0800016c                TIM1_BRK_IRQHandler
                0x0800016c                EXTI1_IRQHandler
                0x0800016c                RTCAlarm_IRQHandler
                0x0800016c                USART2_IRQHandler
                0x0800016c                I2C2_ER_IRQHandler
                0x0800016c                DMA1_Channel2_IRQHandler
                0x0800016c                CAN1_SCE_IRQHandler
                0x0800016c                FLASH_IRQHandler
                0x0800016c                BusFault_Handler
                0x0800016c                USART1_IRQHandler
                0x0800016c                I2C1_ER_IRQHandler
                0x0800016c                USBWakeUp_IRQHandler
 *fill*         0x08000172        0x2 
 .text.SystemInit
                0x08000174       0x68 CMakeFiles/STM32103_m.dir/stm32/system_stm32f10x.c.o
                0x08000174                SystemInit
 .text.SetSysClock
                0x080001dc        0xc CMakeFiles/STM32103_m.dir/stm32/system_stm32f10x.c.o
 .text.SetSysClockTo72
                0x080001e8      0x100 CMakeFiles/STM32103_m.dir/stm32/system_stm32f10x.c.o
 .text.MIN      0x080002e8       0x48 CMakeFiles/STM32103_m.dir/main.c.o
                0x080002e8                MIN
 .text.delay_us
                0x08000330       0x2c CMakeFiles/STM32103_m.dir/main.c.o
                0x08000330                delay_us
 .text.delay_ms
                0x0800035c       0x50 CMakeFiles/STM32103_m.dir/main.c.o
                0x0800035c                delay_ms
 .text.gpioToggle
                0x080003ac       0x40 CMakeFiles/STM32103_m.dir/main.c.o
                0x080003ac                gpioToggle
 .text.SysTick_Handler
                0x080003ec       0x1c CMakeFiles/STM32103_m.dir/main.c.o
                0x080003ec                SysTick_Handler
 .text.main     0x08000408      0x1ec CMakeFiles/STM32103_m.dir/main.c.o
                0x08000408                main
 *(.glue_7t)
 .glue_7t       0x080005f4        0x0 linker stubs
 *(.glue_7)
 .glue_7        0x080005f4        0x0 linker stubs
 *(.rodata .rodata* .gnu.linkonce.r.*)

.vfp11_veneer   0x080005f4        0x0
 .vfp11_veneer  0x080005f4        0x0 linker stubs

.v4_bx          0x080005f4        0x0
 .v4_bx         0x080005f4        0x0 linker stubs

.iplt           0x080005f4        0x0
 .iplt          0x080005f4        0x0 CMakeFiles/STM32103_m.dir/stm32/startup/startup_stm32f10x_md.c.o

.rel.dyn        0x080005f4        0x0
 .rel.iplt      0x080005f4        0x0 CMakeFiles/STM32103_m.dir/stm32/startup/startup_stm32f10x_md.c.o

.ARM.extab
 *(.ARM.extab* .gnu.linkonce.armextab.*)

.ARM.exidx
 *(.ARM.exidx* .gnu.linkonce.armexidx.*)
                0x080005f4                        . = ALIGN (0x4)
                0x080005f4                        _etext = .
                0x080005f4                        _sidata = .

.data           0x20000000        0x0 load address 0x080005f4
                0x20000000                        _sdata = .
 *(.data .data.*)
                0x20000000                        . = ALIGN (0x4)
                0x20000000                        _edata = .

.igot.plt       0x20000000        0x0
 .igot.plt      0x20000000        0x0 CMakeFiles/STM32103_m.dir/stm32/startup/startup_stm32f10x_md.c.o

.bss            0x20000000        0x4
                0x20000000                        _sbss = .
 *(.bss .bss.*)
 .bss.Counter   0x20000000        0x4 CMakeFiles/STM32103_m.dir/main.c.o
 *(COMMON)
                0x20000004                        . = ALIGN (0x4)
                0x20000004                        _ebss = .

.ram_storage    0x20000004        0x0
                0x20000004                        . = ALIGN (0x4)
 *(.ram_storage .ram_storage.*)

.co_stack       0x20000004      0x404
                0x20000008                        . = ALIGN (0x8)
 *fill*         0x20000004        0x4 
 *(.co_stack .co_stack.*)
 .co_stack      0x20000008      0x400 CMakeFiles/STM32103_m.dir/stm32/startup/startup_stm32f10x_md.c.o
                0x20000008                pulStack
                0x20000408                        . = ALIGN (0x4)
                0x20000408                        _end = .
LOAD CMakeFiles/STM32103_m.dir/stm32/startup/startup_stm32f10x_md.c.o
LOAD CMakeFiles/STM32103_m.dir/stm32/system_stm32f10x.c.o
LOAD CMakeFiles/STM32103_m.dir/syscalls/syscalls.c.o
LOAD CMakeFiles/STM32103_m.dir/main.c.o
OUTPUT(STM32103_m.elf elf32-littlearm)
LOAD linker stubs

.debug_info     0x00000000      0x9f6
 .debug_info    0x00000000      0x109 CMakeFiles/STM32103_m.dir/stm32/startup/startup_stm32f10x_md.c.o
 .debug_info    0x00000109      0x462 CMakeFiles/STM32103_m.dir/stm32/system_stm32f10x.c.o
 .debug_info    0x0000056b      0x48b CMakeFiles/STM32103_m.dir/main.c.o

.debug_abbrev   0x00000000      0x45a
 .debug_abbrev  0x00000000       0xee CMakeFiles/STM32103_m.dir/stm32/startup/startup_stm32f10x_md.c.o
 .debug_abbrev  0x000000ee      0x181 CMakeFiles/STM32103_m.dir/stm32/system_stm32f10x.c.o
 .debug_abbrev  0x0000026f      0x1eb CMakeFiles/STM32103_m.dir/main.c.o

.debug_aranges  0x00000000       0xc0
 .debug_aranges
                0x00000000       0x28 CMakeFiles/STM32103_m.dir/stm32/startup/startup_stm32f10x_md.c.o
 .debug_aranges
                0x00000028       0x38 CMakeFiles/STM32103_m.dir/stm32/system_stm32f10x.c.o
 .debug_aranges
                0x00000060       0x60 CMakeFiles/STM32103_m.dir/main.c.o

.debug_rnglists
                0x00000000       0x84
 .debug_rnglists
                0x00000000       0x19 CMakeFiles/STM32103_m.dir/stm32/startup/startup_stm32f10x_md.c.o
 .debug_rnglists
                0x00000019       0x27 CMakeFiles/STM32103_m.dir/stm32/system_stm32f10x.c.o
 .debug_rnglists
                0x00000040       0x44 CMakeFiles/STM32103_m.dir/main.c.o

.debug_macro    0x00000000     0x9835
 .debug_macro   0x00000000       0x1d CMakeFiles/STM32103_m.dir/stm32/startup/startup_stm32f10x_md.c.o
 .debug_macro   0x0000001d      0xaba CMakeFiles/STM32103_m.dir/stm32/startup/startup_stm32f10x_md.c.o
 .debug_macro   0x00000ad7       0x62 CMakeFiles/STM32103_m.dir/stm32/system_stm32f10x.c.o
 .debug_macro   0x00000b39       0x56 CMakeFiles/STM32103_m.dir/stm32/system_stm32f10x.c.o
 .debug_macro   0x00000b8f       0x3a CMakeFiles/STM32103_m.dir/stm32/system_stm32f10x.c.o
 .debug_macro   0x00000bc9      0x34e CMakeFiles/STM32103_m.dir/stm32/system_stm32f10x.c.o
 .debug_macro   0x00000f17       0x18 CMakeFiles/STM32103_m.dir/stm32/system_stm32f10x.c.o
 .debug_macro   0x00000f2f      0xa8b CMakeFiles/STM32103_m.dir/stm32/system_stm32f10x.c.o
 .debug_macro   0x000019ba     0x7def CMakeFiles/STM32103_m.dir/stm32/system_stm32f10x.c.o
 .debug_macro   0x000097a9       0x6a CMakeFiles/STM32103_m.dir/main.c.o
 .debug_macro   0x00009813       0x22 CMakeFiles/STM32103_m.dir/main.c.o

.debug_line     0x00000000      0x710
 .debug_line    0x00000000       0xae CMakeFiles/STM32103_m.dir/stm32/startup/startup_stm32f10x_md.c.o
 .debug_line    0x000000ae      0x2c0 CMakeFiles/STM32103_m.dir/stm32/system_stm32f10x.c.o
 .debug_line    0x0000036e      0x3a2 CMakeFiles/STM32103_m.dir/main.c.o

.debug_str      0x00000000    0x335ed
 .debug_str     0x00000000    0x335ed CMakeFiles/STM32103_m.dir/stm32/startup/startup_stm32f10x_md.c.o
                               0x2eed (size before relaxing)
 .debug_str     0x000335ed    0x334f4 CMakeFiles/STM32103_m.dir/stm32/system_stm32f10x.c.o
 .debug_str     0x000335ed    0x33510 CMakeFiles/STM32103_m.dir/main.c.o

.comment        0x00000000       0x26
 .comment       0x00000000       0x26 CMakeFiles/STM32103_m.dir/stm32/startup/startup_stm32f10x_md.c.o
                                 0x27 (size before relaxing)
 .comment       0x00000026       0x27 CMakeFiles/STM32103_m.dir/stm32/system_stm32f10x.c.o
 .comment       0x00000026       0x27 CMakeFiles/STM32103_m.dir/main.c.o

.ARM.attributes
                0x00000000       0x2d
 .ARM.attributes
                0x00000000       0x2d CMakeFiles/STM32103_m.dir/stm32/startup/startup_stm32f10x_md.c.o
 .ARM.attributes
                0x0000002d       0x2d CMakeFiles/STM32103_m.dir/stm32/system_stm32f10x.c.o
 .ARM.attributes
                0x0000005a       0x2d CMakeFiles/STM32103_m.dir/main.c.o

.debug_frame    0x00000000      0x240
 .debug_frame   0x00000000       0x4c CMakeFiles/STM32103_m.dir/stm32/startup/startup_stm32f10x_md.c.o
 .debug_frame   0x0000004c       0x98 CMakeFiles/STM32103_m.dir/stm32/system_stm32f10x.c.o
 .debug_frame   0x000000e4      0x15c CMakeFiles/STM32103_m.dir/main.c.o
