Archive member included to satisfy reference by file (symbol)

/home/lot/progmk/STM32103_m/libs/libopencm3/lib/libopencm3_stm32f1.a(gpio.o)
                              CMakeFiles/STM32103_m.dir/main.c.o (gpio_set_mode)
/home/lot/progmk/STM32103_m/libs/libopencm3/lib/libopencm3_stm32f1.a(rcc.o)
                              CMakeFiles/STM32103_m.dir/main.c.o (rcc_clock_setup_pll)
/home/lot/progmk/STM32103_m/libs/libopencm3/lib/libopencm3_stm32f1.a(rcc_common_all.o)
                              CMakeFiles/STM32103_m.dir/main.c.o (rcc_periph_clock_enable)
/home/lot/progmk/STM32103_m/libs/libopencm3/lib/libopencm3_stm32f1.a(usart_common_all.o)
                              CMakeFiles/STM32103_m.dir/main.c.o (usart_set_baudrate)
/home/lot/progmk/STM32103_m/libs/libopencm3/lib/libopencm3_stm32f1.a(usart_common_f124.o)
                              /home/lot/progmk/STM32103_m/libs/libopencm3/lib/libopencm3_stm32f1.a(usart_common_all.o) (usart_send)
/home/lot/progmk/STM32103_m/libs/libopencm3/lib/libopencm3_stm32f1.a(vector.o)
                              (reset_handler)
/home/lot/progmk/STM32103_m/libs/libopencm3/lib/libopencm3_stm32f1.a(assert.o)
                              /home/lot/progmk/STM32103_m/libs/libopencm3/lib/libopencm3_stm32f1.a(rcc.o) (cm3_assert_failed)
/home/lot/progmk/STM32103_m/libs/libopencm3/lib/libopencm3_stm32f1.a(flash_common_all.o)
                              /home/lot/progmk/STM32103_m/libs/libopencm3/lib/libopencm3_stm32f1.a(rcc.o) (flash_set_ws)

Discarded input sections

 .group         0x00000000        0xc CMakeFiles/STM32103_m.dir/stm32/startup/startup_stm32f10x_md.c.o
 .text          0x00000000        0x0 CMakeFiles/STM32103_m.dir/stm32/startup/startup_stm32f10x_md.c.o
 .data          0x00000000        0x0 CMakeFiles/STM32103_m.dir/stm32/startup/startup_stm32f10x_md.c.o
 .bss           0x00000000        0x0 CMakeFiles/STM32103_m.dir/stm32/startup/startup_stm32f10x_md.c.o
 .co_stack      0x00000000      0x400 CMakeFiles/STM32103_m.dir/stm32/startup/startup_stm32f10x_md.c.o
 .isr_vector    0x00000000      0x10c CMakeFiles/STM32103_m.dir/stm32/startup/startup_stm32f10x_md.c.o
 .text.Default_Reset_Handler
                0x00000000       0x60 CMakeFiles/STM32103_m.dir/stm32/startup/startup_stm32f10x_md.c.o
 .text.Default_Handler
                0x00000000        0x6 CMakeFiles/STM32103_m.dir/stm32/startup/startup_stm32f10x_md.c.o
 .debug_info    0x00000000      0x109 CMakeFiles/STM32103_m.dir/stm32/startup/startup_stm32f10x_md.c.o
 .debug_abbrev  0x00000000       0xee CMakeFiles/STM32103_m.dir/stm32/startup/startup_stm32f10x_md.c.o
 .debug_aranges
                0x00000000       0x28 CMakeFiles/STM32103_m.dir/stm32/startup/startup_stm32f10x_md.c.o
 .debug_rnglists
                0x00000000       0x19 CMakeFiles/STM32103_m.dir/stm32/startup/startup_stm32f10x_md.c.o
 .debug_macro   0x00000000       0x1d CMakeFiles/STM32103_m.dir/stm32/startup/startup_stm32f10x_md.c.o
 .debug_macro   0x00000000      0xac0 CMakeFiles/STM32103_m.dir/stm32/startup/startup_stm32f10x_md.c.o
 .debug_line    0x00000000       0xae CMakeFiles/STM32103_m.dir/stm32/startup/startup_stm32f10x_md.c.o
 .debug_str     0x00000000     0x2ef5 CMakeFiles/STM32103_m.dir/stm32/startup/startup_stm32f10x_md.c.o
 .comment       0x00000000       0x27 CMakeFiles/STM32103_m.dir/stm32/startup/startup_stm32f10x_md.c.o
 .debug_frame   0x00000000       0x4c CMakeFiles/STM32103_m.dir/stm32/startup/startup_stm32f10x_md.c.o
 .ARM.attributes
                0x00000000       0x2d CMakeFiles/STM32103_m.dir/stm32/startup/startup_stm32f10x_md.c.o
 .group         0x00000000        0xc CMakeFiles/STM32103_m.dir/stm32/system_stm32f10x.c.o
 .group         0x00000000        0xc CMakeFiles/STM32103_m.dir/stm32/system_stm32f10x.c.o
 .group         0x00000000        0xc CMakeFiles/STM32103_m.dir/stm32/system_stm32f10x.c.o
 .group         0x00000000        0xc CMakeFiles/STM32103_m.dir/stm32/system_stm32f10x.c.o
 .group         0x00000000        0xc CMakeFiles/STM32103_m.dir/stm32/system_stm32f10x.c.o
 .group         0x00000000        0xc CMakeFiles/STM32103_m.dir/stm32/system_stm32f10x.c.o
 .group         0x00000000        0xc CMakeFiles/STM32103_m.dir/stm32/system_stm32f10x.c.o
 .text          0x00000000        0x0 CMakeFiles/STM32103_m.dir/stm32/system_stm32f10x.c.o
 .data          0x00000000        0x0 CMakeFiles/STM32103_m.dir/stm32/system_stm32f10x.c.o
 .bss           0x00000000        0x0 CMakeFiles/STM32103_m.dir/stm32/system_stm32f10x.c.o
 .data.SystemCoreClock
                0x00000000        0x4 CMakeFiles/STM32103_m.dir/stm32/system_stm32f10x.c.o
 .rodata.AHBPrescTable
                0x00000000       0x10 CMakeFiles/STM32103_m.dir/stm32/system_stm32f10x.c.o
 .text.SystemInit
                0x00000000       0x68 CMakeFiles/STM32103_m.dir/stm32/system_stm32f10x.c.o
 .text.SystemCoreClockUpdate
                0x00000000       0xe4 CMakeFiles/STM32103_m.dir/stm32/system_stm32f10x.c.o
 .text.SetSysClock
                0x00000000        0xc CMakeFiles/STM32103_m.dir/stm32/system_stm32f10x.c.o
 .text.SetSysClockTo72
                0x00000000      0x100 CMakeFiles/STM32103_m.dir/stm32/system_stm32f10x.c.o
 .debug_info    0x00000000      0x462 CMakeFiles/STM32103_m.dir/stm32/system_stm32f10x.c.o
 .debug_abbrev  0x00000000      0x181 CMakeFiles/STM32103_m.dir/stm32/system_stm32f10x.c.o
 .debug_aranges
                0x00000000       0x38 CMakeFiles/STM32103_m.dir/stm32/system_stm32f10x.c.o
 .debug_rnglists
                0x00000000       0x27 CMakeFiles/STM32103_m.dir/stm32/system_stm32f10x.c.o
 .debug_macro   0x00000000       0x62 CMakeFiles/STM32103_m.dir/stm32/system_stm32f10x.c.o
 .debug_macro   0x00000000      0xac0 CMakeFiles/STM32103_m.dir/stm32/system_stm32f10x.c.o
 .debug_macro   0x00000000       0x56 CMakeFiles/STM32103_m.dir/stm32/system_stm32f10x.c.o
 .debug_macro   0x00000000       0x3a CMakeFiles/STM32103_m.dir/stm32/system_stm32f10x.c.o
 .debug_macro   0x00000000      0x34e CMakeFiles/STM32103_m.dir/stm32/system_stm32f10x.c.o
 .debug_macro   0x00000000       0x18 CMakeFiles/STM32103_m.dir/stm32/system_stm32f10x.c.o
 .debug_macro   0x00000000      0xa8b CMakeFiles/STM32103_m.dir/stm32/system_stm32f10x.c.o
 .debug_macro   0x00000000     0x7def CMakeFiles/STM32103_m.dir/stm32/system_stm32f10x.c.o
 .debug_line    0x00000000      0x2c0 CMakeFiles/STM32103_m.dir/stm32/system_stm32f10x.c.o
 .debug_str     0x00000000    0x334fc CMakeFiles/STM32103_m.dir/stm32/system_stm32f10x.c.o
 .comment       0x00000000       0x27 CMakeFiles/STM32103_m.dir/stm32/system_stm32f10x.c.o
 .debug_frame   0x00000000       0x98 CMakeFiles/STM32103_m.dir/stm32/system_stm32f10x.c.o
 .ARM.attributes
                0x00000000       0x2d CMakeFiles/STM32103_m.dir/stm32/system_stm32f10x.c.o
 .group         0x00000000        0xc CMakeFiles/STM32103_m.dir/syscalls/syscalls.c.o
 .group         0x00000000        0xc CMakeFiles/STM32103_m.dir/syscalls/syscalls.c.o
 .group         0x00000000        0xc CMakeFiles/STM32103_m.dir/syscalls/syscalls.c.o
 .group         0x00000000        0xc CMakeFiles/STM32103_m.dir/syscalls/syscalls.c.o
 .group         0x00000000        0xc CMakeFiles/STM32103_m.dir/syscalls/syscalls.c.o
 .group         0x00000000        0xc CMakeFiles/STM32103_m.dir/syscalls/syscalls.c.o
 .group         0x00000000        0xc CMakeFiles/STM32103_m.dir/syscalls/syscalls.c.o
 .group         0x00000000        0xc CMakeFiles/STM32103_m.dir/syscalls/syscalls.c.o
 .group         0x00000000        0xc CMakeFiles/STM32103_m.dir/syscalls/syscalls.c.o
 .group         0x00000000        0xc CMakeFiles/STM32103_m.dir/syscalls/syscalls.c.o
 .group         0x00000000        0xc CMakeFiles/STM32103_m.dir/syscalls/syscalls.c.o
 .group         0x00000000        0xc CMakeFiles/STM32103_m.dir/syscalls/syscalls.c.o
 .group         0x00000000        0xc CMakeFiles/STM32103_m.dir/syscalls/syscalls.c.o
 .group         0x00000000        0xc CMakeFiles/STM32103_m.dir/syscalls/syscalls.c.o
 .group         0x00000000        0xc CMakeFiles/STM32103_m.dir/syscalls/syscalls.c.o
 .group         0x00000000        0xc CMakeFiles/STM32103_m.dir/syscalls/syscalls.c.o
 .group         0x00000000        0xc CMakeFiles/STM32103_m.dir/syscalls/syscalls.c.o
 .group         0x00000000        0xc CMakeFiles/STM32103_m.dir/syscalls/syscalls.c.o
 .group         0x00000000        0xc CMakeFiles/STM32103_m.dir/syscalls/syscalls.c.o
 .group         0x00000000        0xc CMakeFiles/STM32103_m.dir/syscalls/syscalls.c.o
 .group         0x00000000        0xc CMakeFiles/STM32103_m.dir/syscalls/syscalls.c.o
 .group         0x00000000        0xc CMakeFiles/STM32103_m.dir/syscalls/syscalls.c.o
 .group         0x00000000        0xc CMakeFiles/STM32103_m.dir/syscalls/syscalls.c.o
 .group         0x00000000        0xc CMakeFiles/STM32103_m.dir/syscalls/syscalls.c.o
 .group         0x00000000        0xc CMakeFiles/STM32103_m.dir/syscalls/syscalls.c.o
 .group         0x00000000        0xc CMakeFiles/STM32103_m.dir/syscalls/syscalls.c.o
 .group         0x00000000        0xc CMakeFiles/STM32103_m.dir/syscalls/syscalls.c.o
 .group         0x00000000        0xc CMakeFiles/STM32103_m.dir/syscalls/syscalls.c.o
 .group         0x00000000        0xc CMakeFiles/STM32103_m.dir/syscalls/syscalls.c.o
 .group         0x00000000        0xc CMakeFiles/STM32103_m.dir/syscalls/syscalls.c.o
 .group         0x00000000        0xc CMakeFiles/STM32103_m.dir/syscalls/syscalls.c.o
 .group         0x00000000        0xc CMakeFiles/STM32103_m.dir/syscalls/syscalls.c.o
 .text          0x00000000        0x0 CMakeFiles/STM32103_m.dir/syscalls/syscalls.c.o
 .data          0x00000000        0x0 CMakeFiles/STM32103_m.dir/syscalls/syscalls.c.o
 .bss           0x00000000        0x0 CMakeFiles/STM32103_m.dir/syscalls/syscalls.c.o
 .text._sbrk    0x00000000       0x3c CMakeFiles/STM32103_m.dir/syscalls/syscalls.c.o
 .text.link     0x00000000       0x18 CMakeFiles/STM32103_m.dir/syscalls/syscalls.c.o
 .text._close   0x00000000       0x16 CMakeFiles/STM32103_m.dir/syscalls/syscalls.c.o
 .text._fstat   0x00000000       0x1e CMakeFiles/STM32103_m.dir/syscalls/syscalls.c.o
 .text._isatty  0x00000000       0x14 CMakeFiles/STM32103_m.dir/syscalls/syscalls.c.o
 .text._lseek   0x00000000       0x18 CMakeFiles/STM32103_m.dir/syscalls/syscalls.c.o
 .text._read    0x00000000       0x18 CMakeFiles/STM32103_m.dir/syscalls/syscalls.c.o
 .text._write   0x00000000       0x18 CMakeFiles/STM32103_m.dir/syscalls/syscalls.c.o
 .text.abort    0x00000000        0x6 CMakeFiles/STM32103_m.dir/syscalls/syscalls.c.o
 .bss.heap.0    0x00000000        0x4 CMakeFiles/STM32103_m.dir/syscalls/syscalls.c.o
 .debug_info    0x00000000      0x477 CMakeFiles/STM32103_m.dir/syscalls/syscalls.c.o
 .debug_abbrev  0x00000000      0x116 CMakeFiles/STM32103_m.dir/syscalls/syscalls.c.o
 .debug_aranges
                0x00000000       0x60 CMakeFiles/STM32103_m.dir/syscalls/syscalls.c.o
 .debug_rnglists
                0x00000000       0x43 CMakeFiles/STM32103_m.dir/syscalls/syscalls.c.o
 .debug_macro   0x00000000      0x17f CMakeFiles/STM32103_m.dir/syscalls/syscalls.c.o
 .debug_macro   0x00000000      0xac0 CMakeFiles/STM32103_m.dir/syscalls/syscalls.c.o
 .debug_macro   0x00000000       0x22 CMakeFiles/STM32103_m.dir/syscalls/syscalls.c.o
 .debug_macro   0x00000000       0x60 CMakeFiles/STM32103_m.dir/syscalls/syscalls.c.o
 .debug_macro   0x00000000       0x24 CMakeFiles/STM32103_m.dir/syscalls/syscalls.c.o
 .debug_macro   0x00000000       0x5c CMakeFiles/STM32103_m.dir/syscalls/syscalls.c.o
 .debug_macro   0x00000000       0x3c CMakeFiles/STM32103_m.dir/syscalls/syscalls.c.o
 .debug_macro   0x00000000       0x34 CMakeFiles/STM32103_m.dir/syscalls/syscalls.c.o
 .debug_macro   0x00000000       0x16 CMakeFiles/STM32103_m.dir/syscalls/syscalls.c.o
 .debug_macro   0x00000000       0x57 CMakeFiles/STM32103_m.dir/syscalls/syscalls.c.o
 .debug_macro   0x00000000       0x9e CMakeFiles/STM32103_m.dir/syscalls/syscalls.c.o
 .debug_macro   0x00000000      0x38c CMakeFiles/STM32103_m.dir/syscalls/syscalls.c.o
 .debug_macro   0x00000000      0x10b CMakeFiles/STM32103_m.dir/syscalls/syscalls.c.o
 .debug_macro   0x00000000       0x10 CMakeFiles/STM32103_m.dir/syscalls/syscalls.c.o
 .debug_macro   0x00000000       0x16 CMakeFiles/STM32103_m.dir/syscalls/syscalls.c.o
 .debug_macro   0x00000000       0x4a CMakeFiles/STM32103_m.dir/syscalls/syscalls.c.o
 .debug_macro   0x00000000       0x34 CMakeFiles/STM32103_m.dir/syscalls/syscalls.c.o
 .debug_macro   0x00000000       0x10 CMakeFiles/STM32103_m.dir/syscalls/syscalls.c.o
 .debug_macro   0x00000000       0x52 CMakeFiles/STM32103_m.dir/syscalls/syscalls.c.o
 .debug_macro   0x00000000      0x1de CMakeFiles/STM32103_m.dir/syscalls/syscalls.c.o
 .debug_macro   0x00000000       0x16 CMakeFiles/STM32103_m.dir/syscalls/syscalls.c.o
 .debug_macro   0x00000000       0x16 CMakeFiles/STM32103_m.dir/syscalls/syscalls.c.o
 .debug_macro   0x00000000      0x12a CMakeFiles/STM32103_m.dir/syscalls/syscalls.c.o
 .debug_macro   0x00000000       0x52 CMakeFiles/STM32103_m.dir/syscalls/syscalls.c.o
 .debug_macro   0x00000000       0x10 CMakeFiles/STM32103_m.dir/syscalls/syscalls.c.o
 .debug_macro   0x00000000       0x6a CMakeFiles/STM32103_m.dir/syscalls/syscalls.c.o
 .debug_macro   0x00000000       0x9e CMakeFiles/STM32103_m.dir/syscalls/syscalls.c.o
 .debug_macro   0x00000000       0x16 CMakeFiles/STM32103_m.dir/syscalls/syscalls.c.o
 .debug_macro   0x00000000       0x3c CMakeFiles/STM32103_m.dir/syscalls/syscalls.c.o
 .debug_macro   0x00000000       0x10 CMakeFiles/STM32103_m.dir/syscalls/syscalls.c.o
 .debug_macro   0x00000000       0x10 CMakeFiles/STM32103_m.dir/syscalls/syscalls.c.o
 .debug_macro   0x00000000       0x2e CMakeFiles/STM32103_m.dir/syscalls/syscalls.c.o
 .debug_macro   0x00000000      0x102 CMakeFiles/STM32103_m.dir/syscalls/syscalls.c.o
 .debug_line    0x00000000      0x2e4 CMakeFiles/STM32103_m.dir/syscalls/syscalls.c.o
 .debug_str     0x00000000     0x6e6a CMakeFiles/STM32103_m.dir/syscalls/syscalls.c.o
 .comment       0x00000000       0x27 CMakeFiles/STM32103_m.dir/syscalls/syscalls.c.o
 .debug_frame   0x00000000      0x168 CMakeFiles/STM32103_m.dir/syscalls/syscalls.c.o
 .ARM.attributes
                0x00000000       0x2d CMakeFiles/STM32103_m.dir/syscalls/syscalls.c.o
 .group         0x00000000        0xc CMakeFiles/STM32103_m.dir/main.c.o
 .group         0x00000000        0xc CMakeFiles/STM32103_m.dir/main.c.o
 .group         0x00000000        0xc CMakeFiles/STM32103_m.dir/main.c.o
 .group         0x00000000        0xc CMakeFiles/STM32103_m.dir/main.c.o
 .group         0x00000000        0xc CMakeFiles/STM32103_m.dir/main.c.o
 .group         0x00000000        0xc CMakeFiles/STM32103_m.dir/main.c.o
 .group         0x00000000        0xc CMakeFiles/STM32103_m.dir/main.c.o
 .group         0x00000000        0xc CMakeFiles/STM32103_m.dir/main.c.o
 .group         0x00000000        0xc CMakeFiles/STM32103_m.dir/main.c.o
 .group         0x00000000        0xc CMakeFiles/STM32103_m.dir/main.c.o
 .group         0x00000000        0xc CMakeFiles/STM32103_m.dir/main.c.o
 .group         0x00000000        0xc CMakeFiles/STM32103_m.dir/main.c.o
 .group         0x00000000        0xc CMakeFiles/STM32103_m.dir/main.c.o
 .group         0x00000000        0xc CMakeFiles/STM32103_m.dir/main.c.o
 .group         0x00000000        0xc CMakeFiles/STM32103_m.dir/main.c.o
 .group         0x00000000        0xc CMakeFiles/STM32103_m.dir/main.c.o
 .group         0x00000000        0xc CMakeFiles/STM32103_m.dir/main.c.o
 .group         0x00000000        0xc CMakeFiles/STM32103_m.dir/main.c.o
 .group         0x00000000        0xc CMakeFiles/STM32103_m.dir/main.c.o
 .text          0x00000000        0x0 CMakeFiles/STM32103_m.dir/main.c.o
 .data          0x00000000        0x0 CMakeFiles/STM32103_m.dir/main.c.o
 .bss           0x00000000        0x0 CMakeFiles/STM32103_m.dir/main.c.o
 .text.delay    0x00000000       0x28 CMakeFiles/STM32103_m.dir/main.c.o
 .text.delay_us
                0x00000000       0x2c CMakeFiles/STM32103_m.dir/main.c.o
 .text.delay_ms
                0x00000000       0x48 CMakeFiles/STM32103_m.dir/main.c.o
 .text.getSystemCounter
                0x00000000       0x14 CMakeFiles/STM32103_m.dir/main.c.o
 .debug_macro   0x00000000      0xac0 CMakeFiles/STM32103_m.dir/main.c.o
 .debug_macro   0x00000000      0x34e CMakeFiles/STM32103_m.dir/main.c.o
 .group         0x00000000        0xc /home/lot/progmk/STM32103_m/libs/libopencm3/lib/libopencm3_stm32f1.a(gpio.o)
 .group         0x00000000        0xc /home/lot/progmk/STM32103_m/libs/libopencm3/lib/libopencm3_stm32f1.a(gpio.o)
 .group         0x00000000        0xc /home/lot/progmk/STM32103_m/libs/libopencm3/lib/libopencm3_stm32f1.a(gpio.o)
 .group         0x00000000        0xc /home/lot/progmk/STM32103_m/libs/libopencm3/lib/libopencm3_stm32f1.a(gpio.o)
 .group         0x00000000        0xc /home/lot/progmk/STM32103_m/libs/libopencm3/lib/libopencm3_stm32f1.a(gpio.o)
 .group         0x00000000        0xc /home/lot/progmk/STM32103_m/libs/libopencm3/lib/libopencm3_stm32f1.a(gpio.o)
 .group         0x00000000        0xc /home/lot/progmk/STM32103_m/libs/libopencm3/lib/libopencm3_stm32f1.a(gpio.o)
 .group         0x00000000        0xc /home/lot/progmk/STM32103_m/libs/libopencm3/lib/libopencm3_stm32f1.a(gpio.o)
 .group         0x00000000        0xc /home/lot/progmk/STM32103_m/libs/libopencm3/lib/libopencm3_stm32f1.a(gpio.o)
 .text          0x00000000        0x0 /home/lot/progmk/STM32103_m/libs/libopencm3/lib/libopencm3_stm32f1.a(gpio.o)
 .data          0x00000000        0x0 /home/lot/progmk/STM32103_m/libs/libopencm3/lib/libopencm3_stm32f1.a(gpio.o)
 .bss           0x00000000        0x0 /home/lot/progmk/STM32103_m/libs/libopencm3/lib/libopencm3_stm32f1.a(gpio.o)
 .text.gpio_set_eventout
                0x00000000       0x10 /home/lot/progmk/STM32103_m/libs/libopencm3/lib/libopencm3_stm32f1.a(gpio.o)
 .text.gpio_primary_remap
                0x00000000       0x14 /home/lot/progmk/STM32103_m/libs/libopencm3/lib/libopencm3_stm32f1.a(gpio.o)
 .text.gpio_secondary_remap
                0x00000000       0x10 /home/lot/progmk/STM32103_m/libs/libopencm3/lib/libopencm3_stm32f1.a(gpio.o)
 .debug_macro   0x00000000      0x34e /home/lot/progmk/STM32103_m/libs/libopencm3/lib/libopencm3_stm32f1.a(gpio.o)
 .debug_macro   0x00000000       0x22 /home/lot/progmk/STM32103_m/libs/libopencm3/lib/libopencm3_stm32f1.a(gpio.o)
 .debug_macro   0x00000000       0x76 /home/lot/progmk/STM32103_m/libs/libopencm3/lib/libopencm3_stm32f1.a(gpio.o)
 .debug_macro   0x00000000      0x1b4 /home/lot/progmk/STM32103_m/libs/libopencm3/lib/libopencm3_stm32f1.a(gpio.o)
 .debug_macro   0x00000000       0x76 /home/lot/progmk/STM32103_m/libs/libopencm3/lib/libopencm3_stm32f1.a(gpio.o)
 .debug_macro   0x00000000      0xe2e /home/lot/progmk/STM32103_m/libs/libopencm3/lib/libopencm3_stm32f1.a(gpio.o)
 .group         0x00000000        0xc /home/lot/progmk/STM32103_m/libs/libopencm3/lib/libopencm3_stm32f1.a(rcc.o)
 .group         0x00000000        0xc /home/lot/progmk/STM32103_m/libs/libopencm3/lib/libopencm3_stm32f1.a(rcc.o)
 .group         0x00000000        0xc /home/lot/progmk/STM32103_m/libs/libopencm3/lib/libopencm3_stm32f1.a(rcc.o)
 .group         0x00000000        0xc /home/lot/progmk/STM32103_m/libs/libopencm3/lib/libopencm3_stm32f1.a(rcc.o)
 .group         0x00000000        0xc /home/lot/progmk/STM32103_m/libs/libopencm3/lib/libopencm3_stm32f1.a(rcc.o)
 .group         0x00000000        0xc /home/lot/progmk/STM32103_m/libs/libopencm3/lib/libopencm3_stm32f1.a(rcc.o)
 .group         0x00000000        0xc /home/lot/progmk/STM32103_m/libs/libopencm3/lib/libopencm3_stm32f1.a(rcc.o)
 .group         0x00000000        0xc /home/lot/progmk/STM32103_m/libs/libopencm3/lib/libopencm3_stm32f1.a(rcc.o)
 .group         0x00000000        0xc /home/lot/progmk/STM32103_m/libs/libopencm3/lib/libopencm3_stm32f1.a(rcc.o)
 .group         0x00000000        0xc /home/lot/progmk/STM32103_m/libs/libopencm3/lib/libopencm3_stm32f1.a(rcc.o)
 .group         0x00000000        0xc /home/lot/progmk/STM32103_m/libs/libopencm3/lib/libopencm3_stm32f1.a(rcc.o)
 .text          0x00000000        0x0 /home/lot/progmk/STM32103_m/libs/libopencm3/lib/libopencm3_stm32f1.a(rcc.o)
 .data          0x00000000        0x0 /home/lot/progmk/STM32103_m/libs/libopencm3/lib/libopencm3_stm32f1.a(rcc.o)
 .bss           0x00000000        0x0 /home/lot/progmk/STM32103_m/libs/libopencm3/lib/libopencm3_stm32f1.a(rcc.o)
 .text.rcc_osc_ready_int_clear
                0x00000000       0x5c /home/lot/progmk/STM32103_m/libs/libopencm3/lib/libopencm3_stm32f1.a(rcc.o)
 .text.rcc_osc_ready_int_enable
                0x00000000       0x5c /home/lot/progmk/STM32103_m/libs/libopencm3/lib/libopencm3_stm32f1.a(rcc.o)
 .text.rcc_osc_ready_int_disable
                0x00000000       0x5c /home/lot/progmk/STM32103_m/libs/libopencm3/lib/libopencm3_stm32f1.a(rcc.o)
 .text.rcc_osc_ready_int_flag
                0x00000000       0x54 /home/lot/progmk/STM32103_m/libs/libopencm3/lib/libopencm3_stm32f1.a(rcc.o)
 .text.rcc_css_int_clear
                0x00000000       0x10 /home/lot/progmk/STM32103_m/libs/libopencm3/lib/libopencm3_stm32f1.a(rcc.o)
 .text.rcc_css_int_flag
                0x00000000       0x10 /home/lot/progmk/STM32103_m/libs/libopencm3/lib/libopencm3_stm32f1.a(rcc.o)
 .text.rcc_osc_off
                0x00000000       0x60 /home/lot/progmk/STM32103_m/libs/libopencm3/lib/libopencm3_stm32f1.a(rcc.o)
 .text.rcc_css_enable
                0x00000000       0x10 /home/lot/progmk/STM32103_m/libs/libopencm3/lib/libopencm3_stm32f1.a(rcc.o)
 .text.rcc_css_disable
                0x00000000       0x10 /home/lot/progmk/STM32103_m/libs/libopencm3/lib/libopencm3_stm32f1.a(rcc.o)
 .text.rcc_rtc_clock_enabled_flag
                0x00000000       0x10 /home/lot/progmk/STM32103_m/libs/libopencm3/lib/libopencm3_stm32f1.a(rcc.o)
 .text.rcc_enable_rtc_clock
                0x00000000       0x10 /home/lot/progmk/STM32103_m/libs/libopencm3/lib/libopencm3_stm32f1.a(rcc.o)
 .text.rcc_set_rtc_clock_source
                0x00000000       0x84 /home/lot/progmk/STM32103_m/libs/libopencm3/lib/libopencm3_stm32f1.a(rcc.o)
 .text.rcc_system_clock_source
                0x00000000       0x10 /home/lot/progmk/STM32103_m/libs/libopencm3/lib/libopencm3_stm32f1.a(rcc.o)
 .text.rcc_clock_setup_in_hsi_out_64mhz
                0x00000000       0x70 /home/lot/progmk/STM32103_m/libs/libopencm3/lib/libopencm3_stm32f1.a(rcc.o)
 .text.rcc_clock_setup_in_hsi_out_48mhz
                0x00000000       0x7c /home/lot/progmk/STM32103_m/libs/libopencm3/lib/libopencm3_stm32f1.a(rcc.o)
 .text.rcc_clock_setup_in_hsi_out_24mhz
                0x00000000       0x60 /home/lot/progmk/STM32103_m/libs/libopencm3/lib/libopencm3_stm32f1.a(rcc.o)
 .text.rcc_clock_setup_in_hse_8mhz_out_24mhz
                0x00000000       0x78 /home/lot/progmk/STM32103_m/libs/libopencm3/lib/libopencm3_stm32f1.a(rcc.o)
 .text.rcc_clock_setup_in_hse_8mhz_out_72mhz
                0x00000000       0x88 /home/lot/progmk/STM32103_m/libs/libopencm3/lib/libopencm3_stm32f1.a(rcc.o)
 .text.rcc_clock_setup_in_hse_12mhz_out_72mhz
                0x00000000       0x88 /home/lot/progmk/STM32103_m/libs/libopencm3/lib/libopencm3_stm32f1.a(rcc.o)
 .text.rcc_clock_setup_in_hse_16mhz_out_72mhz
                0x00000000       0x88 /home/lot/progmk/STM32103_m/libs/libopencm3/lib/libopencm3_stm32f1.a(rcc.o)
 .text.rcc_clock_setup_in_hse_25mhz_out_72mhz
                0x00000000       0xa8 /home/lot/progmk/STM32103_m/libs/libopencm3/lib/libopencm3_stm32f1.a(rcc.o)
 .text.rcc_backupdomain_reset
                0x00000000       0x18 /home/lot/progmk/STM32103_m/libs/libopencm3/lib/libopencm3_stm32f1.a(rcc.o)
 .text.rcc_get_timer_clk_freq
                0x00000000       0x34 /home/lot/progmk/STM32103_m/libs/libopencm3/lib/libopencm3_stm32f1.a(rcc.o)
 .text.rcc_get_i2c_clk_freq
                0x00000000        0xc /home/lot/progmk/STM32103_m/libs/libopencm3/lib/libopencm3_stm32f1.a(rcc.o)
 .rodata.rcc_hsi_configs
                0x00000000       0x54 /home/lot/progmk/STM32103_m/libs/libopencm3/lib/libopencm3_stm32f1.a(rcc.o)
 .debug_macro   0x00000000      0xac0 /home/lot/progmk/STM32103_m/libs/libopencm3/lib/libopencm3_stm32f1.a(rcc.o)
 .debug_macro   0x00000000       0x1c /home/lot/progmk/STM32103_m/libs/libopencm3/lib/libopencm3_stm32f1.a(rcc.o)
 .debug_macro   0x00000000      0x34e /home/lot/progmk/STM32103_m/libs/libopencm3/lib/libopencm3_stm32f1.a(rcc.o)
 .debug_macro   0x00000000       0x22 /home/lot/progmk/STM32103_m/libs/libopencm3/lib/libopencm3_stm32f1.a(rcc.o)
 .debug_macro   0x00000000       0xe8 /home/lot/progmk/STM32103_m/libs/libopencm3/lib/libopencm3_stm32f1.a(rcc.o)
 .debug_macro   0x00000000       0x76 /home/lot/progmk/STM32103_m/libs/libopencm3/lib/libopencm3_stm32f1.a(rcc.o)
 .debug_macro   0x00000000      0x1b4 /home/lot/progmk/STM32103_m/libs/libopencm3/lib/libopencm3_stm32f1.a(rcc.o)
 .debug_macro   0x00000000      0x8c6 /home/lot/progmk/STM32103_m/libs/libopencm3/lib/libopencm3_stm32f1.a(rcc.o)
 .group         0x00000000        0xc /home/lot/progmk/STM32103_m/libs/libopencm3/lib/libopencm3_stm32f1.a(rcc_common_all.o)
 .group         0x00000000        0xc /home/lot/progmk/STM32103_m/libs/libopencm3/lib/libopencm3_stm32f1.a(rcc_common_all.o)
 .group         0x00000000        0xc /home/lot/progmk/STM32103_m/libs/libopencm3/lib/libopencm3_stm32f1.a(rcc_common_all.o)
 .group         0x00000000        0xc /home/lot/progmk/STM32103_m/libs/libopencm3/lib/libopencm3_stm32f1.a(rcc_common_all.o)
 .group         0x00000000        0xc /home/lot/progmk/STM32103_m/libs/libopencm3/lib/libopencm3_stm32f1.a(rcc_common_all.o)
 .group         0x00000000        0xc /home/lot/progmk/STM32103_m/libs/libopencm3/lib/libopencm3_stm32f1.a(rcc_common_all.o)
 .group         0x00000000        0xc /home/lot/progmk/STM32103_m/libs/libopencm3/lib/libopencm3_stm32f1.a(rcc_common_all.o)
 .group         0x00000000        0xc /home/lot/progmk/STM32103_m/libs/libopencm3/lib/libopencm3_stm32f1.a(rcc_common_all.o)
 .text          0x00000000        0x0 /home/lot/progmk/STM32103_m/libs/libopencm3/lib/libopencm3_stm32f1.a(rcc_common_all.o)
 .data          0x00000000        0x0 /home/lot/progmk/STM32103_m/libs/libopencm3/lib/libopencm3_stm32f1.a(rcc_common_all.o)
 .bss           0x00000000        0x0 /home/lot/progmk/STM32103_m/libs/libopencm3/lib/libopencm3_stm32f1.a(rcc_common_all.o)
 .text.rcc_peripheral_enable_clock
                0x00000000        0x8 /home/lot/progmk/STM32103_m/libs/libopencm3/lib/libopencm3_stm32f1.a(rcc_common_all.o)
 .text.rcc_peripheral_disable_clock
                0x00000000        0xa /home/lot/progmk/STM32103_m/libs/libopencm3/lib/libopencm3_stm32f1.a(rcc_common_all.o)
 .text.rcc_peripheral_reset
                0x00000000        0x8 /home/lot/progmk/STM32103_m/libs/libopencm3/lib/libopencm3_stm32f1.a(rcc_common_all.o)
 .text.rcc_peripheral_clear_reset
                0x00000000        0xa /home/lot/progmk/STM32103_m/libs/libopencm3/lib/libopencm3_stm32f1.a(rcc_common_all.o)
 .text.rcc_periph_clock_disable
                0x00000000       0x1c /home/lot/progmk/STM32103_m/libs/libopencm3/lib/libopencm3_stm32f1.a(rcc_common_all.o)
 .text.rcc_periph_reset_pulse
                0x00000000       0x22 /home/lot/progmk/STM32103_m/libs/libopencm3/lib/libopencm3_stm32f1.a(rcc_common_all.o)
 .text.rcc_periph_reset_hold
                0x00000000        0x4 /home/lot/progmk/STM32103_m/libs/libopencm3/lib/libopencm3_stm32f1.a(rcc_common_all.o)
 .text.rcc_periph_reset_release
                0x00000000        0x4 /home/lot/progmk/STM32103_m/libs/libopencm3/lib/libopencm3_stm32f1.a(rcc_common_all.o)
 .text.rcc_set_mco
                0x00000000       0x14 /home/lot/progmk/STM32103_m/libs/libopencm3/lib/libopencm3_stm32f1.a(rcc_common_all.o)
 .text.rcc_osc_bypass_enable
                0x00000000       0x28 /home/lot/progmk/STM32103_m/libs/libopencm3/lib/libopencm3_stm32f1.a(rcc_common_all.o)
 .text.rcc_osc_bypass_disable
                0x00000000       0x28 /home/lot/progmk/STM32103_m/libs/libopencm3/lib/libopencm3_stm32f1.a(rcc_common_all.o)
 .text.rcc_get_div_from_hpre
                0x00000000       0x18 /home/lot/progmk/STM32103_m/libs/libopencm3/lib/libopencm3_stm32f1.a(rcc_common_all.o)
 .debug_macro   0x00000000      0xac0 /home/lot/progmk/STM32103_m/libs/libopencm3/lib/libopencm3_stm32f1.a(rcc_common_all.o)
 .debug_macro   0x00000000       0x1c /home/lot/progmk/STM32103_m/libs/libopencm3/lib/libopencm3_stm32f1.a(rcc_common_all.o)
 .debug_macro   0x00000000      0x34e /home/lot/progmk/STM32103_m/libs/libopencm3/lib/libopencm3_stm32f1.a(rcc_common_all.o)
 .debug_macro   0x00000000       0x22 /home/lot/progmk/STM32103_m/libs/libopencm3/lib/libopencm3_stm32f1.a(rcc_common_all.o)
 .debug_macro   0x00000000       0xe8 /home/lot/progmk/STM32103_m/libs/libopencm3/lib/libopencm3_stm32f1.a(rcc_common_all.o)
 .debug_macro   0x00000000       0x76 /home/lot/progmk/STM32103_m/libs/libopencm3/lib/libopencm3_stm32f1.a(rcc_common_all.o)
 .debug_macro   0x00000000      0x1b4 /home/lot/progmk/STM32103_m/libs/libopencm3/lib/libopencm3_stm32f1.a(rcc_common_all.o)
 .debug_macro   0x00000000      0x8c6 /home/lot/progmk/STM32103_m/libs/libopencm3/lib/libopencm3_stm32f1.a(rcc_common_all.o)
 .group         0x00000000        0xc /home/lot/progmk/STM32103_m/libs/libopencm3/lib/libopencm3_stm32f1.a(usart_common_all.o)
 .group         0x00000000        0xc /home/lot/progmk/STM32103_m/libs/libopencm3/lib/libopencm3_stm32f1.a(usart_common_all.o)
 .group         0x00000000        0xc /home/lot/progmk/STM32103_m/libs/libopencm3/lib/libopencm3_stm32f1.a(usart_common_all.o)
 .group         0x00000000        0xc /home/lot/progmk/STM32103_m/libs/libopencm3/lib/libopencm3_stm32f1.a(usart_common_all.o)
 .group         0x00000000        0xc /home/lot/progmk/STM32103_m/libs/libopencm3/lib/libopencm3_stm32f1.a(usart_common_all.o)
 .group         0x00000000        0xc /home/lot/progmk/STM32103_m/libs/libopencm3/lib/libopencm3_stm32f1.a(usart_common_all.o)
 .group         0x00000000        0xc /home/lot/progmk/STM32103_m/libs/libopencm3/lib/libopencm3_stm32f1.a(usart_common_all.o)
 .group         0x00000000        0xc /home/lot/progmk/STM32103_m/libs/libopencm3/lib/libopencm3_stm32f1.a(usart_common_all.o)
 .group         0x00000000        0xc /home/lot/progmk/STM32103_m/libs/libopencm3/lib/libopencm3_stm32f1.a(usart_common_all.o)
 .group         0x00000000        0xc /home/lot/progmk/STM32103_m/libs/libopencm3/lib/libopencm3_stm32f1.a(usart_common_all.o)
 .text          0x00000000        0x0 /home/lot/progmk/STM32103_m/libs/libopencm3/lib/libopencm3_stm32f1.a(usart_common_all.o)
 .data          0x00000000        0x0 /home/lot/progmk/STM32103_m/libs/libopencm3/lib/libopencm3_stm32f1.a(usart_common_all.o)
 .bss           0x00000000        0x0 /home/lot/progmk/STM32103_m/libs/libopencm3/lib/libopencm3_stm32f1.a(usart_common_all.o)
 .text.usart_set_databits
                0x00000000       0x12 /home/lot/progmk/STM32103_m/libs/libopencm3/lib/libopencm3_stm32f1.a(usart_common_all.o)
 .text.usart_get_databits
                0x00000000        0xe /home/lot/progmk/STM32103_m/libs/libopencm3/lib/libopencm3_stm32f1.a(usart_common_all.o)
 .text.usart_get_stopbits
                0x00000000        0x8 /home/lot/progmk/STM32103_m/libs/libopencm3/lib/libopencm3_stm32f1.a(usart_common_all.o)
 .text.usart_set_parity
                0x00000000        0xc /home/lot/progmk/STM32103_m/libs/libopencm3/lib/libopencm3_stm32f1.a(usart_common_all.o)
 .text.usart_get_parity
                0x00000000        0x8 /home/lot/progmk/STM32103_m/libs/libopencm3/lib/libopencm3_stm32f1.a(usart_common_all.o)
 .text.usart_set_flow_control
                0x00000000        0xc /home/lot/progmk/STM32103_m/libs/libopencm3/lib/libopencm3_stm32f1.a(usart_common_all.o)
 .text.usart_disable
                0x00000000        0xa /home/lot/progmk/STM32103_m/libs/libopencm3/lib/libopencm3_stm32f1.a(usart_common_all.o)
 .text.usart_enable_rx_dma
                0x00000000        0xa /home/lot/progmk/STM32103_m/libs/libopencm3/lib/libopencm3_stm32f1.a(usart_common_all.o)
 .text.usart_disable_rx_dma
                0x00000000        0xa /home/lot/progmk/STM32103_m/libs/libopencm3/lib/libopencm3_stm32f1.a(usart_common_all.o)
 .text.usart_enable_tx_dma
                0x00000000        0xa /home/lot/progmk/STM32103_m/libs/libopencm3/lib/libopencm3_stm32f1.a(usart_common_all.o)
 .text.usart_disable_tx_dma
                0x00000000        0xa /home/lot/progmk/STM32103_m/libs/libopencm3/lib/libopencm3_stm32f1.a(usart_common_all.o)
 .text.usart_enable_rx_interrupt
                0x00000000        0xa /home/lot/progmk/STM32103_m/libs/libopencm3/lib/libopencm3_stm32f1.a(usart_common_all.o)
 .text.usart_disable_rx_interrupt
                0x00000000        0xa /home/lot/progmk/STM32103_m/libs/libopencm3/lib/libopencm3_stm32f1.a(usart_common_all.o)
 .text.usart_enable_tx_interrupt
                0x00000000        0xa /home/lot/progmk/STM32103_m/libs/libopencm3/lib/libopencm3_stm32f1.a(usart_common_all.o)
 .text.usart_disable_tx_interrupt
                0x00000000        0xa /home/lot/progmk/STM32103_m/libs/libopencm3/lib/libopencm3_stm32f1.a(usart_common_all.o)
 .text.usart_enable_tx_complete_interrupt
                0x00000000        0xa /home/lot/progmk/STM32103_m/libs/libopencm3/lib/libopencm3_stm32f1.a(usart_common_all.o)
 .text.usart_disable_tx_complete_interrupt
                0x00000000        0xa /home/lot/progmk/STM32103_m/libs/libopencm3/lib/libopencm3_stm32f1.a(usart_common_all.o)
 .text.usart_enable_idle_interrupt
                0x00000000        0xa /home/lot/progmk/STM32103_m/libs/libopencm3/lib/libopencm3_stm32f1.a(usart_common_all.o)
 .text.usart_disable_idle_interrupt
                0x00000000        0xa /home/lot/progmk/STM32103_m/libs/libopencm3/lib/libopencm3_stm32f1.a(usart_common_all.o)
 .text.usart_enable_error_interrupt
                0x00000000        0xa /home/lot/progmk/STM32103_m/libs/libopencm3/lib/libopencm3_stm32f1.a(usart_common_all.o)
 .text.usart_disable_error_interrupt
                0x00000000        0xa /home/lot/progmk/STM32103_m/libs/libopencm3/lib/libopencm3_stm32f1.a(usart_common_all.o)
 .debug_macro   0x00000000      0xac0 /home/lot/progmk/STM32103_m/libs/libopencm3/lib/libopencm3_stm32f1.a(usart_common_all.o)
 .debug_macro   0x00000000       0x1c /home/lot/progmk/STM32103_m/libs/libopencm3/lib/libopencm3_stm32f1.a(usart_common_all.o)
 .debug_macro   0x00000000      0x34e /home/lot/progmk/STM32103_m/libs/libopencm3/lib/libopencm3_stm32f1.a(usart_common_all.o)
 .debug_macro   0x00000000       0x22 /home/lot/progmk/STM32103_m/libs/libopencm3/lib/libopencm3_stm32f1.a(usart_common_all.o)
 .debug_macro   0x00000000       0xe8 /home/lot/progmk/STM32103_m/libs/libopencm3/lib/libopencm3_stm32f1.a(usart_common_all.o)
 .debug_macro   0x00000000       0x76 /home/lot/progmk/STM32103_m/libs/libopencm3/lib/libopencm3_stm32f1.a(usart_common_all.o)
 .debug_macro   0x00000000      0x1b4 /home/lot/progmk/STM32103_m/libs/libopencm3/lib/libopencm3_stm32f1.a(usart_common_all.o)
 .debug_macro   0x00000000       0x94 /home/lot/progmk/STM32103_m/libs/libopencm3/lib/libopencm3_stm32f1.a(usart_common_all.o)
 .debug_macro   0x00000000      0x29e /home/lot/progmk/STM32103_m/libs/libopencm3/lib/libopencm3_stm32f1.a(usart_common_all.o)
 .debug_macro   0x00000000      0x8c6 /home/lot/progmk/STM32103_m/libs/libopencm3/lib/libopencm3_stm32f1.a(usart_common_all.o)
 .group         0x00000000        0xc /home/lot/progmk/STM32103_m/libs/libopencm3/lib/libopencm3_stm32f1.a(usart_common_f124.o)
 .group         0x00000000        0xc /home/lot/progmk/STM32103_m/libs/libopencm3/lib/libopencm3_stm32f1.a(usart_common_f124.o)
 .group         0x00000000        0xc /home/lot/progmk/STM32103_m/libs/libopencm3/lib/libopencm3_stm32f1.a(usart_common_f124.o)
 .group         0x00000000        0xc /home/lot/progmk/STM32103_m/libs/libopencm3/lib/libopencm3_stm32f1.a(usart_common_f124.o)
 .group         0x00000000        0xc /home/lot/progmk/STM32103_m/libs/libopencm3/lib/libopencm3_stm32f1.a(usart_common_f124.o)
 .group         0x00000000        0xc /home/lot/progmk/STM32103_m/libs/libopencm3/lib/libopencm3_stm32f1.a(usart_common_f124.o)
 .group         0x00000000        0xc /home/lot/progmk/STM32103_m/libs/libopencm3/lib/libopencm3_stm32f1.a(usart_common_f124.o)
 .group         0x00000000        0xc /home/lot/progmk/STM32103_m/libs/libopencm3/lib/libopencm3_stm32f1.a(usart_common_f124.o)
 .group         0x00000000        0xc /home/lot/progmk/STM32103_m/libs/libopencm3/lib/libopencm3_stm32f1.a(usart_common_f124.o)
 .group         0x00000000        0xc /home/lot/progmk/STM32103_m/libs/libopencm3/lib/libopencm3_stm32f1.a(usart_common_f124.o)
 .text          0x00000000        0x0 /home/lot/progmk/STM32103_m/libs/libopencm3/lib/libopencm3_stm32f1.a(usart_common_f124.o)
 .data          0x00000000        0x0 /home/lot/progmk/STM32103_m/libs/libopencm3/lib/libopencm3_stm32f1.a(usart_common_f124.o)
 .bss           0x00000000        0x0 /home/lot/progmk/STM32103_m/libs/libopencm3/lib/libopencm3_stm32f1.a(usart_common_f124.o)
 .text.usart_get_flag
                0x00000000        0xc /home/lot/progmk/STM32103_m/libs/libopencm3/lib/libopencm3_stm32f1.a(usart_common_f124.o)
 .debug_macro   0x00000000      0xac0 /home/lot/progmk/STM32103_m/libs/libopencm3/lib/libopencm3_stm32f1.a(usart_common_f124.o)
 .debug_macro   0x00000000       0x1c /home/lot/progmk/STM32103_m/libs/libopencm3/lib/libopencm3_stm32f1.a(usart_common_f124.o)
 .debug_macro   0x00000000      0x34e /home/lot/progmk/STM32103_m/libs/libopencm3/lib/libopencm3_stm32f1.a(usart_common_f124.o)
 .debug_macro   0x00000000       0x22 /home/lot/progmk/STM32103_m/libs/libopencm3/lib/libopencm3_stm32f1.a(usart_common_f124.o)
 .debug_macro   0x00000000       0xe8 /home/lot/progmk/STM32103_m/libs/libopencm3/lib/libopencm3_stm32f1.a(usart_common_f124.o)
 .debug_macro   0x00000000       0x76 /home/lot/progmk/STM32103_m/libs/libopencm3/lib/libopencm3_stm32f1.a(usart_common_f124.o)
 .debug_macro   0x00000000      0x1b4 /home/lot/progmk/STM32103_m/libs/libopencm3/lib/libopencm3_stm32f1.a(usart_common_f124.o)
 .debug_macro   0x00000000       0x94 /home/lot/progmk/STM32103_m/libs/libopencm3/lib/libopencm3_stm32f1.a(usart_common_f124.o)
 .debug_macro   0x00000000      0x29e /home/lot/progmk/STM32103_m/libs/libopencm3/lib/libopencm3_stm32f1.a(usart_common_f124.o)
 .debug_macro   0x00000000      0x8c6 /home/lot/progmk/STM32103_m/libs/libopencm3/lib/libopencm3_stm32f1.a(usart_common_f124.o)
 .group         0x00000000        0xc /home/lot/progmk/STM32103_m/libs/libopencm3/lib/libopencm3_stm32f1.a(vector.o)
 .group         0x00000000        0xc /home/lot/progmk/STM32103_m/libs/libopencm3/lib/libopencm3_stm32f1.a(vector.o)
 .group         0x00000000        0xc /home/lot/progmk/STM32103_m/libs/libopencm3/lib/libopencm3_stm32f1.a(vector.o)
 .group         0x00000000        0xc /home/lot/progmk/STM32103_m/libs/libopencm3/lib/libopencm3_stm32f1.a(vector.o)
 .group         0x00000000        0xc /home/lot/progmk/STM32103_m/libs/libopencm3/lib/libopencm3_stm32f1.a(vector.o)
 .group         0x00000000        0xc /home/lot/progmk/STM32103_m/libs/libopencm3/lib/libopencm3_stm32f1.a(vector.o)
 .group         0x00000000        0xc /home/lot/progmk/STM32103_m/libs/libopencm3/lib/libopencm3_stm32f1.a(vector.o)
 .group         0x00000000        0xc /home/lot/progmk/STM32103_m/libs/libopencm3/lib/libopencm3_stm32f1.a(vector.o)
 .group         0x00000000        0xc /home/lot/progmk/STM32103_m/libs/libopencm3/lib/libopencm3_stm32f1.a(vector.o)
 .text          0x00000000        0x0 /home/lot/progmk/STM32103_m/libs/libopencm3/lib/libopencm3_stm32f1.a(vector.o)
 .data          0x00000000        0x0 /home/lot/progmk/STM32103_m/libs/libopencm3/lib/libopencm3_stm32f1.a(vector.o)
 .bss           0x00000000        0x0 /home/lot/progmk/STM32103_m/libs/libopencm3/lib/libopencm3_stm32f1.a(vector.o)
 .debug_macro   0x00000000      0xac0 /home/lot/progmk/STM32103_m/libs/libopencm3/lib/libopencm3_stm32f1.a(vector.o)
 .debug_macro   0x00000000       0x76 /home/lot/progmk/STM32103_m/libs/libopencm3/lib/libopencm3_stm32f1.a(vector.o)
 .debug_macro   0x00000000       0x1c /home/lot/progmk/STM32103_m/libs/libopencm3/lib/libopencm3_stm32f1.a(vector.o)
 .debug_macro   0x00000000      0x34e /home/lot/progmk/STM32103_m/libs/libopencm3/lib/libopencm3_stm32f1.a(vector.o)
 .debug_macro   0x00000000       0x22 /home/lot/progmk/STM32103_m/libs/libopencm3/lib/libopencm3_stm32f1.a(vector.o)
 .debug_macro   0x00000000       0xe8 /home/lot/progmk/STM32103_m/libs/libopencm3/lib/libopencm3_stm32f1.a(vector.o)
 .debug_macro   0x00000000       0x6e /home/lot/progmk/STM32103_m/libs/libopencm3/lib/libopencm3_stm32f1.a(vector.o)
 .debug_macro   0x00000000      0x1a2 /home/lot/progmk/STM32103_m/libs/libopencm3/lib/libopencm3_stm32f1.a(vector.o)
 .group         0x00000000        0xc /home/lot/progmk/STM32103_m/libs/libopencm3/lib/libopencm3_stm32f1.a(assert.o)
 .group         0x00000000        0xc /home/lot/progmk/STM32103_m/libs/libopencm3/lib/libopencm3_stm32f1.a(assert.o)
 .group         0x00000000        0xc /home/lot/progmk/STM32103_m/libs/libopencm3/lib/libopencm3_stm32f1.a(assert.o)
 .group         0x00000000        0xc /home/lot/progmk/STM32103_m/libs/libopencm3/lib/libopencm3_stm32f1.a(assert.o)
 .group         0x00000000        0xc /home/lot/progmk/STM32103_m/libs/libopencm3/lib/libopencm3_stm32f1.a(assert.o)
 .group         0x00000000        0xc /home/lot/progmk/STM32103_m/libs/libopencm3/lib/libopencm3_stm32f1.a(assert.o)
 .text          0x00000000        0x0 /home/lot/progmk/STM32103_m/libs/libopencm3/lib/libopencm3_stm32f1.a(assert.o)
 .data          0x00000000        0x0 /home/lot/progmk/STM32103_m/libs/libopencm3/lib/libopencm3_stm32f1.a(assert.o)
 .bss           0x00000000        0x0 /home/lot/progmk/STM32103_m/libs/libopencm3/lib/libopencm3_stm32f1.a(assert.o)
 .text.cm3_assert_failed
                0x00000000        0x2 /home/lot/progmk/STM32103_m/libs/libopencm3/lib/libopencm3_stm32f1.a(assert.o)
 .text.cm3_assert_failed_verbose
                0x00000000        0x6 /home/lot/progmk/STM32103_m/libs/libopencm3/lib/libopencm3_stm32f1.a(assert.o)
 .debug_info    0x00000000      0x101 /home/lot/progmk/STM32103_m/libs/libopencm3/lib/libopencm3_stm32f1.a(assert.o)
 .debug_abbrev  0x00000000       0x94 /home/lot/progmk/STM32103_m/libs/libopencm3/lib/libopencm3_stm32f1.a(assert.o)
 .debug_loclists
                0x00000000       0x80 /home/lot/progmk/STM32103_m/libs/libopencm3/lib/libopencm3_stm32f1.a(assert.o)
 .debug_aranges
                0x00000000       0x28 /home/lot/progmk/STM32103_m/libs/libopencm3/lib/libopencm3_stm32f1.a(assert.o)
 .debug_rnglists
                0x00000000       0x19 /home/lot/progmk/STM32103_m/libs/libopencm3/lib/libopencm3_stm32f1.a(assert.o)
 .debug_macro   0x00000000       0x40 /home/lot/progmk/STM32103_m/libs/libopencm3/lib/libopencm3_stm32f1.a(assert.o)
 .debug_macro   0x00000000      0xac0 /home/lot/progmk/STM32103_m/libs/libopencm3/lib/libopencm3_stm32f1.a(assert.o)
 .debug_macro   0x00000000       0x1c /home/lot/progmk/STM32103_m/libs/libopencm3/lib/libopencm3_stm32f1.a(assert.o)
 .debug_macro   0x00000000      0x34e /home/lot/progmk/STM32103_m/libs/libopencm3/lib/libopencm3_stm32f1.a(assert.o)
 .debug_macro   0x00000000       0x22 /home/lot/progmk/STM32103_m/libs/libopencm3/lib/libopencm3_stm32f1.a(assert.o)
 .debug_macro   0x00000000       0xe8 /home/lot/progmk/STM32103_m/libs/libopencm3/lib/libopencm3_stm32f1.a(assert.o)
 .debug_macro   0x00000000       0x16 /home/lot/progmk/STM32103_m/libs/libopencm3/lib/libopencm3_stm32f1.a(assert.o)
 .debug_line    0x00000000       0xdf /home/lot/progmk/STM32103_m/libs/libopencm3/lib/libopencm3_stm32f1.a(assert.o)
 .debug_str     0x00000000     0x3d7e /home/lot/progmk/STM32103_m/libs/libopencm3/lib/libopencm3_stm32f1.a(assert.o)
 .comment       0x00000000       0x27 /home/lot/progmk/STM32103_m/libs/libopencm3/lib/libopencm3_stm32f1.a(assert.o)
 .debug_frame   0x00000000       0x38 /home/lot/progmk/STM32103_m/libs/libopencm3/lib/libopencm3_stm32f1.a(assert.o)
 .ARM.attributes
                0x00000000       0x2d /home/lot/progmk/STM32103_m/libs/libopencm3/lib/libopencm3_stm32f1.a(assert.o)
 .group         0x00000000        0xc /home/lot/progmk/STM32103_m/libs/libopencm3/lib/libopencm3_stm32f1.a(flash_common_all.o)
 .group         0x00000000        0xc /home/lot/progmk/STM32103_m/libs/libopencm3/lib/libopencm3_stm32f1.a(flash_common_all.o)
 .group         0x00000000        0xc /home/lot/progmk/STM32103_m/libs/libopencm3/lib/libopencm3_stm32f1.a(flash_common_all.o)
 .group         0x00000000        0xc /home/lot/progmk/STM32103_m/libs/libopencm3/lib/libopencm3_stm32f1.a(flash_common_all.o)
 .group         0x00000000        0xc /home/lot/progmk/STM32103_m/libs/libopencm3/lib/libopencm3_stm32f1.a(flash_common_all.o)
 .group         0x00000000        0xc /home/lot/progmk/STM32103_m/libs/libopencm3/lib/libopencm3_stm32f1.a(flash_common_all.o)
 .group         0x00000000        0xc /home/lot/progmk/STM32103_m/libs/libopencm3/lib/libopencm3_stm32f1.a(flash_common_all.o)
 .group         0x00000000        0xc /home/lot/progmk/STM32103_m/libs/libopencm3/lib/libopencm3_stm32f1.a(flash_common_all.o)
 .group         0x00000000        0xc /home/lot/progmk/STM32103_m/libs/libopencm3/lib/libopencm3_stm32f1.a(flash_common_all.o)
 .text          0x00000000        0x0 /home/lot/progmk/STM32103_m/libs/libopencm3/lib/libopencm3_stm32f1.a(flash_common_all.o)
 .data          0x00000000        0x0 /home/lot/progmk/STM32103_m/libs/libopencm3/lib/libopencm3_stm32f1.a(flash_common_all.o)
 .bss           0x00000000        0x0 /home/lot/progmk/STM32103_m/libs/libopencm3/lib/libopencm3_stm32f1.a(flash_common_all.o)
 .text.flash_prefetch_enable
                0x00000000       0x10 /home/lot/progmk/STM32103_m/libs/libopencm3/lib/libopencm3_stm32f1.a(flash_common_all.o)
 .text.flash_prefetch_disable
                0x00000000       0x10 /home/lot/progmk/STM32103_m/libs/libopencm3/lib/libopencm3_stm32f1.a(flash_common_all.o)
 .text.flash_unlock_option_bytes
                0x00000000       0x18 /home/lot/progmk/STM32103_m/libs/libopencm3/lib/libopencm3_stm32f1.a(flash_common_all.o)
 .debug_macro   0x00000000      0xac0 /home/lot/progmk/STM32103_m/libs/libopencm3/lib/libopencm3_stm32f1.a(flash_common_all.o)
 .debug_macro   0x00000000       0x1c /home/lot/progmk/STM32103_m/libs/libopencm3/lib/libopencm3_stm32f1.a(flash_common_all.o)
 .debug_macro   0x00000000      0x34e /home/lot/progmk/STM32103_m/libs/libopencm3/lib/libopencm3_stm32f1.a(flash_common_all.o)
 .debug_macro   0x00000000       0x22 /home/lot/progmk/STM32103_m/libs/libopencm3/lib/libopencm3_stm32f1.a(flash_common_all.o)
 .debug_macro   0x00000000       0xe8 /home/lot/progmk/STM32103_m/libs/libopencm3/lib/libopencm3_stm32f1.a(flash_common_all.o)
 .debug_macro   0x00000000       0x76 /home/lot/progmk/STM32103_m/libs/libopencm3/lib/libopencm3_stm32f1.a(flash_common_all.o)
 .debug_macro   0x00000000      0x1b4 /home/lot/progmk/STM32103_m/libs/libopencm3/lib/libopencm3_stm32f1.a(flash_common_all.o)
 .debug_macro   0x00000000       0xee /home/lot/progmk/STM32103_m/libs/libopencm3/lib/libopencm3_stm32f1.a(flash_common_all.o)
 .debug_macro   0x00000000       0x82 /home/lot/progmk/STM32103_m/libs/libopencm3/lib/libopencm3_stm32f1.a(flash_common_all.o)

Memory Configuration

Name             Origin             Length             Attributes
rom              0x08000000         0x00020000         xr
ram              0x20000000         0x00005000         xrw
*default*        0x00000000         0xffffffff

Linker script and memory map


.text           0x08000000      0x6dc
 *(.vectors)
 .vectors       0x08000000      0x150 /home/lot/progmk/STM32103_m/libs/libopencm3/lib/libopencm3_stm32f1.a(vector.o)
                0x08000000                vector_table
 *(.text*)
 .text.sys_tick_handler
                0x08000150       0x1c CMakeFiles/STM32103_m.dir/main.c.o
                0x08000150                sys_tick_handler
 .text.main     0x0800016c       0x7c CMakeFiles/STM32103_m.dir/main.c.o
                0x0800016c                main
 .text.gpio_set_mode
                0x080001e8       0x5e /home/lot/progmk/STM32103_m/libs/libopencm3/lib/libopencm3_stm32f1.a(gpio.o)
                0x080001e8                gpio_set_mode
 *fill*         0x08000246        0x2 
 .text.rcc_is_osc_ready
                0x08000248       0x58 /home/lot/progmk/STM32103_m/libs/libopencm3/lib/libopencm3_stm32f1.a(rcc.o)
                0x08000248                rcc_is_osc_ready
 .text.rcc_wait_for_osc_ready
                0x080002a0       0x10 /home/lot/progmk/STM32103_m/libs/libopencm3/lib/libopencm3_stm32f1.a(rcc.o)
                0x080002a0                rcc_wait_for_osc_ready
 .text.rcc_osc_on
                0x080002b0       0x60 /home/lot/progmk/STM32103_m/libs/libopencm3/lib/libopencm3_stm32f1.a(rcc.o)
                0x080002b0                rcc_osc_on
 .text.rcc_set_sysclk_source
                0x08000310       0x14 /home/lot/progmk/STM32103_m/libs/libopencm3/lib/libopencm3_stm32f1.a(rcc.o)
                0x08000310                rcc_set_sysclk_source
 .text.rcc_set_pll_multiplication_factor
                0x08000324       0x14 /home/lot/progmk/STM32103_m/libs/libopencm3/lib/libopencm3_stm32f1.a(rcc.o)
                0x08000324                rcc_set_pll_multiplication_factor
 .text.rcc_set_pll2_multiplication_factor
                0x08000338       0x14 /home/lot/progmk/STM32103_m/libs/libopencm3/lib/libopencm3_stm32f1.a(rcc.o)
                0x08000338                rcc_set_pll2_multiplication_factor
 .text.rcc_set_pll3_multiplication_factor
                0x0800034c       0x14 /home/lot/progmk/STM32103_m/libs/libopencm3/lib/libopencm3_stm32f1.a(rcc.o)
                0x0800034c                rcc_set_pll3_multiplication_factor
 .text.rcc_set_pll_source
                0x08000360       0x14 /home/lot/progmk/STM32103_m/libs/libopencm3/lib/libopencm3_stm32f1.a(rcc.o)
                0x08000360                rcc_set_pll_source
 .text.rcc_set_pllxtpre
                0x08000374       0x14 /home/lot/progmk/STM32103_m/libs/libopencm3/lib/libopencm3_stm32f1.a(rcc.o)
                0x08000374                rcc_set_pllxtpre
 .text.rcc_set_adcpre
                0x08000388       0x14 /home/lot/progmk/STM32103_m/libs/libopencm3/lib/libopencm3_stm32f1.a(rcc.o)
                0x08000388                rcc_set_adcpre
 .text.rcc_set_ppre2
                0x0800039c       0x14 /home/lot/progmk/STM32103_m/libs/libopencm3/lib/libopencm3_stm32f1.a(rcc.o)
                0x0800039c                rcc_set_ppre2
 .text.rcc_set_ppre1
                0x080003b0       0x14 /home/lot/progmk/STM32103_m/libs/libopencm3/lib/libopencm3_stm32f1.a(rcc.o)
                0x080003b0                rcc_set_ppre1
 .text.rcc_set_hpre
                0x080003c4       0x14 /home/lot/progmk/STM32103_m/libs/libopencm3/lib/libopencm3_stm32f1.a(rcc.o)
                0x080003c4                rcc_set_hpre
 .text.rcc_set_usbpre
                0x080003d8       0x18 /home/lot/progmk/STM32103_m/libs/libopencm3/lib/libopencm3_stm32f1.a(rcc.o)
                0x080003d8                rcc_set_usbpre
 .text.rcc_set_prediv1
                0x080003f0       0x14 /home/lot/progmk/STM32103_m/libs/libopencm3/lib/libopencm3_stm32f1.a(rcc.o)
                0x080003f0                rcc_set_prediv1
 .text.rcc_set_prediv2
                0x08000404       0x14 /home/lot/progmk/STM32103_m/libs/libopencm3/lib/libopencm3_stm32f1.a(rcc.o)
                0x08000404                rcc_set_prediv2
 .text.rcc_set_prediv1_source
                0x08000418       0x18 /home/lot/progmk/STM32103_m/libs/libopencm3/lib/libopencm3_stm32f1.a(rcc.o)
                0x08000418                rcc_set_prediv1_source
 .text.rcc_clock_setup_pll
                0x08000430       0xbc /home/lot/progmk/STM32103_m/libs/libopencm3/lib/libopencm3_stm32f1.a(rcc.o)
                0x08000430                rcc_clock_setup_pll
 .text.rcc_get_usart_clk_freq
                0x080004ec       0x1c /home/lot/progmk/STM32103_m/libs/libopencm3/lib/libopencm3_stm32f1.a(rcc.o)
                0x080004ec                rcc_get_usart_clk_freq
 .text.rcc_periph_clock_enable
                0x08000508       0x1a /home/lot/progmk/STM32103_m/libs/libopencm3/lib/libopencm3_stm32f1.a(rcc_common_all.o)
                0x08000508                rcc_periph_clock_enable
 .text.usart_set_baudrate
                0x08000522       0x16 /home/lot/progmk/STM32103_m/libs/libopencm3/lib/libopencm3_stm32f1.a(usart_common_all.o)
                0x08000522                usart_set_baudrate
 .text.usart_set_stopbits
                0x08000538        0xc /home/lot/progmk/STM32103_m/libs/libopencm3/lib/libopencm3_stm32f1.a(usart_common_all.o)
                0x08000538                usart_set_stopbits
 .text.usart_set_mode
                0x08000544        0xc /home/lot/progmk/STM32103_m/libs/libopencm3/lib/libopencm3_stm32f1.a(usart_common_all.o)
                0x08000544                usart_set_mode
 .text.usart_enable
                0x08000550        0xa /home/lot/progmk/STM32103_m/libs/libopencm3/lib/libopencm3_stm32f1.a(usart_common_all.o)
                0x08000550                usart_enable
 .text.usart_send_blocking
                0x0800055a       0x16 /home/lot/progmk/STM32103_m/libs/libopencm3/lib/libopencm3_stm32f1.a(usart_common_all.o)
                0x0800055a                usart_send_blocking
 .text.usart_recv_blocking
                0x08000570       0x12 /home/lot/progmk/STM32103_m/libs/libopencm3/lib/libopencm3_stm32f1.a(usart_common_all.o)
                0x08000570                usart_recv_blocking
 .text.usart_send
                0x08000582        0x8 /home/lot/progmk/STM32103_m/libs/libopencm3/lib/libopencm3_stm32f1.a(usart_common_f124.o)
                0x08000582                usart_send
 .text.usart_recv
                0x0800058a        0x8 /home/lot/progmk/STM32103_m/libs/libopencm3/lib/libopencm3_stm32f1.a(usart_common_f124.o)
                0x0800058a                usart_recv
 .text.usart_wait_send_ready
                0x08000592        0x8 /home/lot/progmk/STM32103_m/libs/libopencm3/lib/libopencm3_stm32f1.a(usart_common_f124.o)
                0x08000592                usart_wait_send_ready
 .text.usart_wait_recv_ready
                0x0800059a        0x8 /home/lot/progmk/STM32103_m/libs/libopencm3/lib/libopencm3_stm32f1.a(usart_common_f124.o)
                0x0800059a                usart_wait_recv_ready
 .text.blocking_handler
                0x080005a2        0x2 /home/lot/progmk/STM32103_m/libs/libopencm3/lib/libopencm3_stm32f1.a(vector.o)
                0x080005a2                usart3_isr
                0x080005a2                rtc_isr
                0x080005a2                tim7_isr
                0x080005a2                adc1_2_isr
                0x080005a2                tim1_trg_com_isr
                0x080005a2                usb_hp_can_tx_isr
                0x080005a2                tim6_isr
                0x080005a2                usb_wakeup_isr
                0x080005a2                blocking_handler
                0x080005a2                tim5_isr
                0x080005a2                otg_fs_isr
                0x080005a2                spi1_isr
                0x080005a2                exti2_isr
                0x080005a2                dma1_channel6_isr
                0x080005a2                can_rx1_isr
                0x080005a2                dma1_channel5_isr
                0x080005a2                dma2_channel5_isr
                0x080005a2                usart1_isr
                0x080005a2                usage_fault_handler
                0x080005a2                tim8_trg_com_isr
                0x080005a2                can2_rx0_isr
                0x080005a2                tim1_brk_isr
                0x080005a2                can2_rx1_isr
                0x080005a2                tim1_cc_isr
                0x080005a2                sdio_isr
                0x080005a2                eth_isr
                0x080005a2                dma1_channel4_isr
                0x080005a2                tim8_brk_isr
                0x080005a2                dma2_channel4_5_isr
                0x080005a2                pvd_isr
                0x080005a2                rcc_isr
                0x080005a2                flash_isr
                0x080005a2                uart4_isr
                0x080005a2                rtc_alarm_isr
                0x080005a2                exti15_10_isr
                0x080005a2                hard_fault_handler
                0x080005a2                exti1_isr
                0x080005a2                i2c1_ev_isr
                0x080005a2                dma2_channel1_isr
                0x080005a2                spi2_isr
                0x080005a2                tim8_up_isr
                0x080005a2                dma2_channel2_isr
                0x080005a2                exti3_isr
                0x080005a2                adc3_isr
                0x080005a2                tim3_isr
                0x080005a2                usart2_isr
                0x080005a2                usb_lp_can_rx0_isr
                0x080005a2                i2c2_er_isr
                0x080005a2                i2c2_ev_isr
                0x080005a2                uart5_isr
                0x080005a2                fsmc_isr
                0x080005a2                dma1_channel1_isr
                0x080005a2                exti4_isr
                0x080005a2                mem_manage_handler
                0x080005a2                can2_tx_isr
                0x080005a2                exti9_5_isr
                0x080005a2                dma2_channel3_isr
                0x080005a2                dma1_channel7_isr
                0x080005a2                tim1_up_isr
                0x080005a2                can2_sce_isr
                0x080005a2                tim4_isr
                0x080005a2                dma1_channel2_isr
                0x080005a2                i2c1_er_isr
                0x080005a2                can_sce_isr
                0x080005a2                tim8_cc_isr
                0x080005a2                tamper_isr
                0x080005a2                eth_wkup_isr
                0x080005a2                bus_fault_handler
                0x080005a2                wwdg_isr
                0x080005a2                dma1_channel3_isr
                0x080005a2                spi3_isr
                0x080005a2                tim2_isr
                0x080005a2                exti0_isr
 .text.null_handler
                0x080005a4        0x2 /home/lot/progmk/STM32103_m/libs/libopencm3/lib/libopencm3_stm32f1.a(vector.o)
                0x080005a4                null_handler
                0x080005a4                sv_call_handler
                0x080005a4                pend_sv_handler
                0x080005a4                debug_monitor_handler
                0x080005a4                nmi_handler
 *fill*         0x080005a6        0x2 
 .text.reset_handler
                0x080005a8       0x94 /home/lot/progmk/STM32103_m/libs/libopencm3/lib/libopencm3_stm32f1.a(vector.o)
                0x080005a8                reset_handler
 .text.flash_set_ws
                0x0800063c       0x14 /home/lot/progmk/STM32103_m/libs/libopencm3/lib/libopencm3_stm32f1.a(flash_common_all.o)
                0x0800063c                flash_set_ws
                0x08000650                        . = ALIGN (0x4)
 *(.rodata*)
 .rodata.rcc_hse_configs
                0x08000650       0x8c /home/lot/progmk/STM32103_m/libs/libopencm3/lib/libopencm3_stm32f1.a(rcc.o)
                0x08000650                rcc_hse_configs
                0x080006dc                        . = ALIGN (0x4)

.glue_7         0x080006dc        0x0
 .glue_7        0x080006dc        0x0 linker stubs

.glue_7t        0x080006dc        0x0
 .glue_7t       0x080006dc        0x0 linker stubs

.vfp11_veneer   0x080006dc        0x0
 .vfp11_veneer  0x080006dc        0x0 linker stubs

.v4_bx          0x080006dc        0x0
 .v4_bx         0x080006dc        0x0 linker stubs

.iplt           0x080006dc        0x0
 .iplt          0x080006dc        0x0 CMakeFiles/STM32103_m.dir/main.c.o

.rel.dyn        0x080006dc        0x0
 .rel.iplt      0x080006dc        0x0 CMakeFiles/STM32103_m.dir/main.c.o

.preinit_array  0x080006dc        0x0
                0x080006dc                        . = ALIGN (0x4)
                0x080006dc                        __preinit_array_start = .
 *(.preinit_array)
                0x080006dc                        __preinit_array_end = .

.init_array     0x080006dc        0x0
                0x080006dc                        . = ALIGN (0x4)
                0x080006dc                        __init_array_start = .
 *(SORT_BY_NAME(.init_array.*))
 *(.init_array)
                0x080006dc                        __init_array_end = .

.fini_array     0x080006dc        0x0
                0x080006dc                        . = ALIGN (0x4)
                0x080006dc                        __fini_array_start = .
 *(.fini_array)
 *(SORT_BY_NAME(.fini_array.*))
                0x080006dc                        __fini_array_end = .

.ARM.extab
 *(.ARM.extab*)

.ARM.exidx      0x080006dc        0x0
                0x080006dc                        __exidx_start = .
 *(.ARM.exidx*)
                0x080006dc                        __exidx_end = .
                0x080006dc                        . = ALIGN (0x4)
                0x080006dc                        _etext = .

.noinit
 *(.noinit*)
                0x080006dc                        . = ALIGN (0x4)

.data           0x20000000        0xc load address 0x080006dc
                0x20000000                        _data = .
 *(.data*)
 .data.rcc_ahb_frequency
                0x20000000        0x4 /home/lot/progmk/STM32103_m/libs/libopencm3/lib/libopencm3_stm32f1.a(rcc.o)
                0x20000000                rcc_ahb_frequency
 .data.rcc_apb2_frequency
                0x20000004        0x4 /home/lot/progmk/STM32103_m/libs/libopencm3/lib/libopencm3_stm32f1.a(rcc.o)
                0x20000004                rcc_apb2_frequency
 .data.rcc_apb1_frequency
                0x20000008        0x4 /home/lot/progmk/STM32103_m/libs/libopencm3/lib/libopencm3_stm32f1.a(rcc.o)
                0x20000008                rcc_apb1_frequency
 *(.ramtext*)
                0x2000000c                        . = ALIGN (0x4)
                0x2000000c                        _edata = .
                0x080006dc                        _data_loadaddr = LOADADDR (.data)

.igot.plt       0x2000000c        0x0 load address 0x080006e8
 .igot.plt      0x2000000c        0x0 CMakeFiles/STM32103_m.dir/main.c.o

.bss            0x2000000c        0x4 load address 0x080006e8
 *(.bss*)
 .bss.Counter   0x2000000c        0x4 CMakeFiles/STM32103_m.dir/main.c.o
 *(COMMON)
                0x20000010                        . = ALIGN (0x4)
                0x20000010                        _ebss = .

/DISCARD/
 *(.eh_frame)
                0x20000010                        . = ALIGN (0x4)
                0x20000010                        end = .
                0x20005000                        PROVIDE (_stack = (ORIGIN (ram) + LENGTH (ram)))
LOAD CMakeFiles/STM32103_m.dir/stm32/startup/startup_stm32f10x_md.c.o
LOAD CMakeFiles/STM32103_m.dir/stm32/system_stm32f10x.c.o
LOAD CMakeFiles/STM32103_m.dir/syscalls/syscalls.c.o
LOAD CMakeFiles/STM32103_m.dir/main.c.o
LOAD /home/lot/progmk/STM32103_m/libs/libopencm3/lib/libopencm3_stm32f1.a
LOAD lib/libfreertos_kernel.a
OUTPUT(STM32103_m.elf elf32-littlearm)
LOAD linker stubs

.debug_info     0x00000000     0x2d4a
 .debug_info    0x00000000      0x581 CMakeFiles/STM32103_m.dir/main.c.o
 .debug_info    0x00000581      0x1d1 /home/lot/progmk/STM32103_m/libs/libopencm3/lib/libopencm3_stm32f1.a(gpio.o)
 .debug_info    0x00000752     0x14b6 /home/lot/progmk/STM32103_m/libs/libopencm3/lib/libopencm3_stm32f1.a(rcc.o)
 .debug_info    0x00001c08      0x5e6 /home/lot/progmk/STM32103_m/libs/libopencm3/lib/libopencm3_stm32f1.a(rcc_common_all.o)
 .debug_info    0x000021ee      0x649 /home/lot/progmk/STM32103_m/libs/libopencm3/lib/libopencm3_stm32f1.a(usart_common_all.o)
 .debug_info    0x00002837      0x176 /home/lot/progmk/STM32103_m/libs/libopencm3/lib/libopencm3_stm32f1.a(usart_common_f124.o)
 .debug_info    0x000029ad      0x2b8 /home/lot/progmk/STM32103_m/libs/libopencm3/lib/libopencm3_stm32f1.a(vector.o)
 .debug_info    0x00002c65       0xe5 /home/lot/progmk/STM32103_m/libs/libopencm3/lib/libopencm3_stm32f1.a(flash_common_all.o)

.debug_abbrev   0x00000000      0xb5a
 .debug_abbrev  0x00000000      0x200 CMakeFiles/STM32103_m.dir/main.c.o
 .debug_abbrev  0x00000200       0xd3 /home/lot/progmk/STM32103_m/libs/libopencm3/lib/libopencm3_stm32f1.a(gpio.o)
 .debug_abbrev  0x000002d3      0x2bf /home/lot/progmk/STM32103_m/libs/libopencm3/lib/libopencm3_stm32f1.a(rcc.o)
 .debug_abbrev  0x00000592      0x186 /home/lot/progmk/STM32103_m/libs/libopencm3/lib/libopencm3_stm32f1.a(rcc_common_all.o)
 .debug_abbrev  0x00000718      0x1ab /home/lot/progmk/STM32103_m/libs/libopencm3/lib/libopencm3_stm32f1.a(usart_common_all.o)
 .debug_abbrev  0x000008c3       0xb8 /home/lot/progmk/STM32103_m/libs/libopencm3/lib/libopencm3_stm32f1.a(usart_common_f124.o)
 .debug_abbrev  0x0000097b      0x149 /home/lot/progmk/STM32103_m/libs/libopencm3/lib/libopencm3_stm32f1.a(vector.o)
 .debug_abbrev  0x00000ac4       0x96 /home/lot/progmk/STM32103_m/libs/libopencm3/lib/libopencm3_stm32f1.a(flash_common_all.o)

.debug_aranges  0x00000000      0x408
 .debug_aranges
                0x00000000       0x48 CMakeFiles/STM32103_m.dir/main.c.o
 .debug_aranges
                0x00000048       0x38 /home/lot/progmk/STM32103_m/libs/libopencm3/lib/libopencm3_stm32f1.a(gpio.o)
 .debug_aranges
                0x00000080      0x170 /home/lot/progmk/STM32103_m/libs/libopencm3/lib/libopencm3_stm32f1.a(rcc.o)
 .debug_aranges
                0x000001f0       0x80 /home/lot/progmk/STM32103_m/libs/libopencm3/lib/libopencm3_stm32f1.a(rcc_common_all.o)
 .debug_aranges
                0x00000270       0xf0 /home/lot/progmk/STM32103_m/libs/libopencm3/lib/libopencm3_stm32f1.a(usart_common_all.o)
 .debug_aranges
                0x00000360       0x40 /home/lot/progmk/STM32103_m/libs/libopencm3/lib/libopencm3_stm32f1.a(usart_common_f124.o)
 .debug_aranges
                0x000003a0       0x30 /home/lot/progmk/STM32103_m/libs/libopencm3/lib/libopencm3_stm32f1.a(vector.o)
 .debug_aranges
                0x000003d0       0x38 /home/lot/progmk/STM32103_m/libs/libopencm3/lib/libopencm3_stm32f1.a(flash_common_all.o)

.debug_rnglists
                0x00000000      0x330
 .debug_rnglists
                0x00000000       0x31 CMakeFiles/STM32103_m.dir/main.c.o
 .debug_rnglists
                0x00000031       0x25 /home/lot/progmk/STM32103_m/libs/libopencm3/lib/libopencm3_stm32f1.a(gpio.o)
 .debug_rnglists
                0x00000056      0x160 /home/lot/progmk/STM32103_m/libs/libopencm3/lib/libopencm3_stm32f1.a(rcc.o)
 .debug_rnglists
                0x000001b6       0x5b /home/lot/progmk/STM32103_m/libs/libopencm3/lib/libopencm3_stm32f1.a(rcc_common_all.o)
 .debug_rnglists
                0x00000211       0xaf /home/lot/progmk/STM32103_m/libs/libopencm3/lib/libopencm3_stm32f1.a(usart_common_all.o)
 .debug_rnglists
                0x000002c0       0x2b /home/lot/progmk/STM32103_m/libs/libopencm3/lib/libopencm3_stm32f1.a(usart_common_f124.o)
 .debug_rnglists
                0x000002eb       0x20 /home/lot/progmk/STM32103_m/libs/libopencm3/lib/libopencm3_stm32f1.a(vector.o)
 .debug_rnglists
                0x0000030b       0x25 /home/lot/progmk/STM32103_m/libs/libopencm3/lib/libopencm3_stm32f1.a(flash_common_all.o)

.debug_macro    0x00000000     0x4baf
 .debug_macro   0x00000000      0x124 CMakeFiles/STM32103_m.dir/main.c.o
 .debug_macro   0x00000124       0x22 CMakeFiles/STM32103_m.dir/main.c.o
 .debug_macro   0x00000146      0x100 CMakeFiles/STM32103_m.dir/main.c.o
 .debug_macro   0x00000246       0x76 CMakeFiles/STM32103_m.dir/main.c.o
 .debug_macro   0x000002bc      0x1b4 CMakeFiles/STM32103_m.dir/main.c.o
 .debug_macro   0x00000470       0x76 CMakeFiles/STM32103_m.dir/main.c.o
 .debug_macro   0x000004e6      0xe2e CMakeFiles/STM32103_m.dir/main.c.o
 .debug_macro   0x00001314      0x8c6 CMakeFiles/STM32103_m.dir/main.c.o
 .debug_macro   0x00001bda      0xf8f CMakeFiles/STM32103_m.dir/main.c.o
 .debug_macro   0x00002b69       0x1f CMakeFiles/STM32103_m.dir/main.c.o
 .debug_macro   0x00002b88       0x6f CMakeFiles/STM32103_m.dir/main.c.o
 .debug_macro   0x00002bf7       0x6e CMakeFiles/STM32103_m.dir/main.c.o
 .debug_macro   0x00002c65      0x1a2 CMakeFiles/STM32103_m.dir/main.c.o
 .debug_macro   0x00002e07      0x39b CMakeFiles/STM32103_m.dir/main.c.o
 .debug_macro   0x000031a2       0xaf CMakeFiles/STM32103_m.dir/main.c.o
 .debug_macro   0x00003251      0x19c CMakeFiles/STM32103_m.dir/main.c.o
 .debug_macro   0x000033ed       0x94 CMakeFiles/STM32103_m.dir/main.c.o
 .debug_macro   0x00003481      0x29e CMakeFiles/STM32103_m.dir/main.c.o
 .debug_macro   0x0000371f       0x6f /home/lot/progmk/STM32103_m/libs/libopencm3/lib/libopencm3_stm32f1.a(gpio.o)
 .debug_macro   0x0000378e      0xac0 /home/lot/progmk/STM32103_m/libs/libopencm3/lib/libopencm3_stm32f1.a(gpio.o)
 .debug_macro   0x0000424e       0x1c /home/lot/progmk/STM32103_m/libs/libopencm3/lib/libopencm3_stm32f1.a(gpio.o)
 .debug_macro   0x0000426a       0xe8 /home/lot/progmk/STM32103_m/libs/libopencm3/lib/libopencm3_stm32f1.a(gpio.o)
 .debug_macro   0x00004352       0x9e /home/lot/progmk/STM32103_m/libs/libopencm3/lib/libopencm3_stm32f1.a(rcc.o)
 .debug_macro   0x000043f0       0x16 /home/lot/progmk/STM32103_m/libs/libopencm3/lib/libopencm3_stm32f1.a(rcc.o)
 .debug_macro   0x00004406       0xee /home/lot/progmk/STM32103_m/libs/libopencm3/lib/libopencm3_stm32f1.a(rcc.o)
 .debug_macro   0x000044f4       0x82 /home/lot/progmk/STM32103_m/libs/libopencm3/lib/libopencm3_stm32f1.a(rcc.o)
 .debug_macro   0x00004576       0x85 /home/lot/progmk/STM32103_m/libs/libopencm3/lib/libopencm3_stm32f1.a(rcc_common_all.o)
 .debug_macro   0x000045fb       0x91 /home/lot/progmk/STM32103_m/libs/libopencm3/lib/libopencm3_stm32f1.a(usart_common_all.o)
 .debug_macro   0x0000468c       0x91 /home/lot/progmk/STM32103_m/libs/libopencm3/lib/libopencm3_stm32f1.a(usart_common_f124.o)
 .debug_macro   0x0000471d       0x86 /home/lot/progmk/STM32103_m/libs/libopencm3/lib/libopencm3_stm32f1.a(vector.o)
 .debug_macro   0x000047a3      0x395 /home/lot/progmk/STM32103_m/libs/libopencm3/lib/libopencm3_stm32f1.a(vector.o)
 .debug_macro   0x00004b38       0x77 /home/lot/progmk/STM32103_m/libs/libopencm3/lib/libopencm3_stm32f1.a(flash_common_all.o)

.debug_line     0x00000000     0x2353
 .debug_line    0x00000000      0x4f6 CMakeFiles/STM32103_m.dir/main.c.o
 .debug_line    0x000004f6      0x293 /home/lot/progmk/STM32103_m/libs/libopencm3/lib/libopencm3_stm32f1.a(gpio.o)
 .debug_line    0x00000789      0xc28 /home/lot/progmk/STM32103_m/libs/libopencm3/lib/libopencm3_stm32f1.a(rcc.o)
 .debug_line    0x000013b1      0x322 /home/lot/progmk/STM32103_m/libs/libopencm3/lib/libopencm3_stm32f1.a(rcc_common_all.o)
 .debug_line    0x000016d3      0x545 /home/lot/progmk/STM32103_m/libs/libopencm3/lib/libopencm3_stm32f1.a(usart_common_all.o)
 .debug_line    0x00001c18      0x262 /home/lot/progmk/STM32103_m/libs/libopencm3/lib/libopencm3_stm32f1.a(usart_common_f124.o)
 .debug_line    0x00001e7a      0x2ad /home/lot/progmk/STM32103_m/libs/libopencm3/lib/libopencm3_stm32f1.a(vector.o)
 .debug_line    0x00002127      0x22c /home/lot/progmk/STM32103_m/libs/libopencm3/lib/libopencm3_stm32f1.a(flash_common_all.o)

.debug_str      0x00000000    0x143b2
 .debug_str     0x00000000    0x143b2 CMakeFiles/STM32103_m.dir/main.c.o
                              0x12542 (size before relaxing)
 .debug_str     0x000143b2     0x82bb /home/lot/progmk/STM32103_m/libs/libopencm3/lib/libopencm3_stm32f1.a(gpio.o)
 .debug_str     0x000143b2     0x7f1b /home/lot/progmk/STM32103_m/libs/libopencm3/lib/libopencm3_stm32f1.a(rcc.o)
 .debug_str     0x000143b2     0x761e /home/lot/progmk/STM32103_m/libs/libopencm3/lib/libopencm3_stm32f1.a(rcc_common_all.o)
 .debug_str     0x000143b2     0x8271 /home/lot/progmk/STM32103_m/libs/libopencm3/lib/libopencm3_stm32f1.a(usart_common_all.o)
 .debug_str     0x000143b2     0x7fdd /home/lot/progmk/STM32103_m/libs/libopencm3/lib/libopencm3_stm32f1.a(usart_common_f124.o)
 .debug_str     0x000143b2     0x630a /home/lot/progmk/STM32103_m/libs/libopencm3/lib/libopencm3_stm32f1.a(vector.o)
 .debug_str     0x000143b2     0x5209 /home/lot/progmk/STM32103_m/libs/libopencm3/lib/libopencm3_stm32f1.a(flash_common_all.o)

.comment        0x00000000       0x26
 .comment       0x00000000       0x26 CMakeFiles/STM32103_m.dir/main.c.o
                                 0x27 (size before relaxing)
 .comment       0x00000026       0x27 /home/lot/progmk/STM32103_m/libs/libopencm3/lib/libopencm3_stm32f1.a(gpio.o)
 .comment       0x00000026       0x27 /home/lot/progmk/STM32103_m/libs/libopencm3/lib/libopencm3_stm32f1.a(rcc.o)
 .comment       0x00000026       0x27 /home/lot/progmk/STM32103_m/libs/libopencm3/lib/libopencm3_stm32f1.a(rcc_common_all.o)
 .comment       0x00000026       0x27 /home/lot/progmk/STM32103_m/libs/libopencm3/lib/libopencm3_stm32f1.a(usart_common_all.o)
 .comment       0x00000026       0x27 /home/lot/progmk/STM32103_m/libs/libopencm3/lib/libopencm3_stm32f1.a(usart_common_f124.o)
 .comment       0x00000026       0x27 /home/lot/progmk/STM32103_m/libs/libopencm3/lib/libopencm3_stm32f1.a(vector.o)
 .comment       0x00000026       0x27 /home/lot/progmk/STM32103_m/libs/libopencm3/lib/libopencm3_stm32f1.a(flash_common_all.o)

.ARM.attributes
                0x00000000       0x2d
 .ARM.attributes
                0x00000000       0x2d CMakeFiles/STM32103_m.dir/main.c.o
 .ARM.attributes
                0x0000002d       0x2d /home/lot/progmk/STM32103_m/libs/libopencm3/lib/libopencm3_stm32f1.a(gpio.o)
 .ARM.attributes
                0x0000005a       0x2d /home/lot/progmk/STM32103_m/libs/libopencm3/lib/libopencm3_stm32f1.a(rcc.o)
 .ARM.attributes
                0x00000087       0x2d /home/lot/progmk/STM32103_m/libs/libopencm3/lib/libopencm3_stm32f1.a(rcc_common_all.o)
 .ARM.attributes
                0x000000b4       0x2d /home/lot/progmk/STM32103_m/libs/libopencm3/lib/libopencm3_stm32f1.a(usart_common_all.o)
 .ARM.attributes
                0x000000e1       0x2d /home/lot/progmk/STM32103_m/libs/libopencm3/lib/libopencm3_stm32f1.a(usart_common_f124.o)
 .ARM.attributes
                0x0000010e       0x2d /home/lot/progmk/STM32103_m/libs/libopencm3/lib/libopencm3_stm32f1.a(vector.o)
 .ARM.attributes
                0x0000013b       0x2d /home/lot/progmk/STM32103_m/libs/libopencm3/lib/libopencm3_stm32f1.a(flash_common_all.o)

.debug_frame    0x00000000      0x824
 .debug_frame   0x00000000       0xe4 CMakeFiles/STM32103_m.dir/main.c.o
 .debug_frame   0x000000e4       0x60 /home/lot/progmk/STM32103_m/libs/libopencm3/lib/libopencm3_stm32f1.a(gpio.o)
 .debug_frame   0x00000144      0x318 /home/lot/progmk/STM32103_m/libs/libopencm3/lib/libopencm3_stm32f1.a(rcc.o)
 .debug_frame   0x0000045c       0xe0 /home/lot/progmk/STM32103_m/libs/libopencm3/lib/libopencm3_stm32f1.a(rcc_common_all.o)
 .debug_frame   0x0000053c      0x1ec /home/lot/progmk/STM32103_m/libs/libopencm3/lib/libopencm3_stm32f1.a(usart_common_all.o)
 .debug_frame   0x00000728       0x60 /home/lot/progmk/STM32103_m/libs/libopencm3/lib/libopencm3_stm32f1.a(usart_common_f124.o)
 .debug_frame   0x00000788       0x4c /home/lot/progmk/STM32103_m/libs/libopencm3/lib/libopencm3_stm32f1.a(vector.o)
 .debug_frame   0x000007d4       0x50 /home/lot/progmk/STM32103_m/libs/libopencm3/lib/libopencm3_stm32f1.a(flash_common_all.o)

.debug_loclists
                0x00000000      0x6fb
 .debug_loclists
                0x00000000       0xd5 /home/lot/progmk/STM32103_m/libs/libopencm3/lib/libopencm3_stm32f1.a(gpio.o)
 .debug_loclists
                0x000000d5      0x2cb /home/lot/progmk/STM32103_m/libs/libopencm3/lib/libopencm3_stm32f1.a(rcc.o)
 .debug_loclists
                0x000003a0       0x87 /home/lot/progmk/STM32103_m/libs/libopencm3/lib/libopencm3_stm32f1.a(rcc_common_all.o)
 .debug_loclists
                0x00000427      0x18e /home/lot/progmk/STM32103_m/libs/libopencm3/lib/libopencm3_stm32f1.a(usart_common_all.o)
 .debug_loclists
                0x000005b5       0x79 /home/lot/progmk/STM32103_m/libs/libopencm3/lib/libopencm3_stm32f1.a(usart_common_f124.o)
 .debug_loclists
                0x0000062e       0xb6 /home/lot/progmk/STM32103_m/libs/libopencm3/lib/libopencm3_stm32f1.a(vector.o)
 .debug_loclists
                0x000006e4       0x17 /home/lot/progmk/STM32103_m/libs/libopencm3/lib/libopencm3_stm32f1.a(flash_common_all.o)
