Archive member included to satisfy reference by file (symbol)

/home/lot/progmk/STM32103_m/libs/libopencm3/lib/libopencm3_stm32f1.a(gpio.o)
                              CMakeFiles/stm32_template.dir/main.c.o (gpio_set_mode)
/home/lot/progmk/STM32103_m/libs/libopencm3/lib/libopencm3_stm32f1.a(gpio_common_all.o)
                              CMakeFiles/stm32_template.dir/main.c.o (gpio_set)
/home/lot/progmk/STM32103_m/libs/libopencm3/lib/libopencm3_stm32f1.a(rcc.o)
                              CMakeFiles/stm32_template.dir/main.c.o (rcc_clock_setup_pll)
/home/lot/progmk/STM32103_m/libs/libopencm3/lib/libopencm3_stm32f1.a(rcc_common_all.o)
                              CMakeFiles/stm32_template.dir/main.c.o (rcc_periph_clock_enable)
/home/lot/progmk/STM32103_m/libs/libopencm3/lib/libopencm3_stm32f1.a(usart_common_all.o)
                              CMakeFiles/stm32_template.dir/main.c.o (usart_send_blocking)
/home/lot/progmk/STM32103_m/libs/libopencm3/lib/libopencm3_stm32f1.a(usart_common_f124.o)
                              /home/lot/progmk/STM32103_m/libs/libopencm3/lib/libopencm3_stm32f1.a(usart_common_all.o) (usart_send)
/home/lot/progmk/STM32103_m/libs/libopencm3/lib/libopencm3_stm32f1.a(vector.o)
                              (reset_handler)
/home/lot/progmk/STM32103_m/libs/libopencm3/lib/libopencm3_stm32f1.a(assert.o)
                              /home/lot/progmk/STM32103_m/libs/libopencm3/lib/libopencm3_stm32f1.a(rcc.o) (cm3_assert_failed)
/home/lot/progmk/STM32103_m/libs/libopencm3/lib/libopencm3_stm32f1.a(flash_common_all.o)
                              /home/lot/progmk/STM32103_m/libs/libopencm3/lib/libopencm3_stm32f1.a(rcc.o) (flash_set_ws)
lib/libfreertos_kernel.a(tasks.c.o)
                              CMakeFiles/stm32_template.dir/main.c.o (xTaskCreate)
lib/libfreertos_kernel.a(list.c.o)
                              lib/libfreertos_kernel.a(tasks.c.o) (vListInitialise)
lib/libfreertos_kernel.a(port.c.o)
                              lib/libfreertos_kernel.a(tasks.c.o) (pxPortInitialiseStack)
lib/libfreertos_kernel.a(heap_4.c.o)
                              lib/libfreertos_kernel.a(tasks.c.o) (pvPortMalloc)
lib/libfreertos_kernel.a(timers.c.o)
                              lib/libfreertos_kernel.a(tasks.c.o) (xTimerCreateTimerTask)
lib/libfreertos_kernel.a(queue.c.o)
                              lib/libfreertos_kernel.a(timers.c.o) (xQueueGenericCreate)
/usr/lib/gcc/arm-none-eabi/13.2.1/../../../arm-none-eabi/lib/thumb/v7-m/nofp/libg.a(libc_a-memset.o)
                              lib/libfreertos_kernel.a(tasks.c.o) (memset)
/usr/lib/gcc/arm-none-eabi/13.2.1/../../../arm-none-eabi/lib/thumb/v7-m/nofp/libg.a(libc_a-memcpy.o)
                              lib/libfreertos_kernel.a(queue.c.o) (memcpy)

Discarded input sections

 .group         0x00000000        0xc CMakeFiles/stm32_template.dir/main.c.o
 .group         0x00000000        0xc CMakeFiles/stm32_template.dir/main.c.o
 .group         0x00000000        0xc CMakeFiles/stm32_template.dir/main.c.o
 .group         0x00000000        0xc CMakeFiles/stm32_template.dir/main.c.o
 .group         0x00000000        0xc CMakeFiles/stm32_template.dir/main.c.o
 .group         0x00000000        0xc CMakeFiles/stm32_template.dir/main.c.o
 .group         0x00000000        0xc CMakeFiles/stm32_template.dir/main.c.o
 .group         0x00000000        0xc CMakeFiles/stm32_template.dir/main.c.o
 .group         0x00000000        0xc CMakeFiles/stm32_template.dir/main.c.o
 .group         0x00000000        0xc CMakeFiles/stm32_template.dir/main.c.o
 .group         0x00000000        0xc CMakeFiles/stm32_template.dir/main.c.o
 .group         0x00000000        0xc CMakeFiles/stm32_template.dir/main.c.o
 .group         0x00000000        0xc CMakeFiles/stm32_template.dir/main.c.o
 .group         0x00000000        0xc CMakeFiles/stm32_template.dir/main.c.o
 .group         0x00000000        0xc CMakeFiles/stm32_template.dir/main.c.o
 .group         0x00000000        0xc CMakeFiles/stm32_template.dir/main.c.o
 .group         0x00000000        0xc CMakeFiles/stm32_template.dir/main.c.o
 .group         0x00000000        0xc CMakeFiles/stm32_template.dir/main.c.o
 .group         0x00000000        0xc CMakeFiles/stm32_template.dir/main.c.o
 .group         0x00000000        0xc CMakeFiles/stm32_template.dir/main.c.o
 .group         0x00000000        0xc CMakeFiles/stm32_template.dir/main.c.o
 .group         0x00000000        0xc CMakeFiles/stm32_template.dir/main.c.o
 .group         0x00000000        0xc CMakeFiles/stm32_template.dir/main.c.o
 .group         0x00000000        0xc CMakeFiles/stm32_template.dir/main.c.o
 .group         0x00000000        0xc CMakeFiles/stm32_template.dir/main.c.o
 .group         0x00000000        0xc CMakeFiles/stm32_template.dir/main.c.o
 .group         0x00000000        0xc CMakeFiles/stm32_template.dir/main.c.o
 .group         0x00000000        0xc CMakeFiles/stm32_template.dir/main.c.o
[...]
Memory Configuration

Name             Origin             Length             Attributes
rom              0x08000000         0x00020000         xr
ram              0x20000000         0x00005000         xrw
*default*        0x00000000         0xffffffff

Linker script and memory map


.text           0x08000000     0x264c
 *(.vectors)
 .vectors       0x08000000      0x150 /home/lot/progmk/STM32103_m/libs/libopencm3/lib/libopencm3_stm32f1.a(vector.o)
                0x08000000                vector_table
 *(.text*)
 .text.hard_fault_handler
                0x08000150        0x6 CMakeFiles/stm32_template.dir/main.c.o
                0x08000150                hard_fault_handler
 *fill*         0x08000156        0x2 
 .text.usart1_isr
                0x08000158       0x68 CMakeFiles/stm32_template.dir/main.c.o
                0x08000158                usart1_isr
 .text.taskBlink
                0x080001c0       0x38 CMakeFiles/stm32_template.dir/main.c.o
                0x080001c0                taskBlink
 .text.main     0x080001f8       0x3c CMakeFiles/stm32_template.dir/main.c.o
                0x080001f8                main
 .text.gpio_set_mode
                0x08000234       0x5e /home/lot/progmk/STM32103_m/libs/libopencm3/lib/libopencm3_stm32f1.a(gpio.o)
                0x08000234                gpio_set_mode
 .text.gpio_toggle
                0x08000292       0x12 /home/lot/progmk/STM32103_m/libs/libopencm3/lib/libopencm3_stm32f1.a(gpio_common_all.o)
                0x08000292                gpio_toggle
 .text.rcc_is_osc_ready
                0x080002a4       0x58 /home/lot/progmk/STM32103_m/libs/libopencm3/lib/libopencm3_stm32f1.a(rcc.o)
                0x080002a4                rcc_is_osc_ready
 .text.rcc_wait_for_osc_ready
                0x080002fc       0x10 /home/lot/progmk/STM32103_m/libs/libopencm3/lib/libopencm3_stm32f1.a(rcc.o)
                0x080002fc                rcc_wait_for_osc_ready
 .text.rcc_osc_on
                0x0800030c       0x60 /home/lot/progmk/STM32103_m/libs/libopencm3/lib/libopencm3_stm32f1.a(rcc.o)
                0x0800030c                rcc_osc_on
 .text.rcc_set_sysclk_source
                0x0800036c       0x14 /home/lot/progmk/STM32103_m/libs/libopencm3/lib/libopencm3_stm32f1.a(rcc.o)
                0x0800036c                rcc_set_sysclk_source
 .text.rcc_set_pll_multiplication_factor
                0x08000380       0x14 /home/lot/progmk/STM32103_m/libs/libopencm3/lib/libopencm3_stm32f1.a(rcc.o)
                0x08000380                rcc_set_pll_multiplication_factor
 .text.rcc_set_pll2_multiplication_factor
                0x08000394       0x14 /home/lot/progmk/STM32103_m/libs/libopencm3/lib/libopencm3_stm32f1.a(rcc.o)
                0x08000394                rcc_set_pll2_multiplication_factor
 .text.rcc_set_pll3_multiplication_factor
                0x080003a8       0x14 /home/lot/progmk/STM32103_m/libs/libopencm3/lib/libopencm3_stm32f1.a(rcc.o)
                0x080003a8                rcc_set_pll3_multiplication_factor
 .text.rcc_set_pll_source
                0x080003bc       0x14 /home/lot/progmk/STM32103_m/libs/libopencm3/lib/libopencm3_stm32f1.a(rcc.o)
                0x080003bc                rcc_set_pll_source
 .text.rcc_set_pllxtpre
                0x080003d0       0x14 /home/lot/progmk/STM32103_m/libs/libopencm3/lib/libopencm3_stm32f1.a(rcc.o)
                0x080003d0                rcc_set_pllxtpre
 .text.rcc_set_adcpre
                0x080003e4       0x14 /home/lot/progmk/STM32103_m/libs/libopencm3/lib/libopencm3_stm32f1.a(rcc.o)
                0x080003e4                rcc_set_adcpre
 .text.rcc_set_ppre2
                0x080003f8       0x14 /home/lot/progmk/STM32103_m/libs/libopencm3/lib/libopencm3_stm32f1.a(rcc.o)
                0x080003f8                rcc_set_ppre2
 .text.rcc_set_ppre1
                0x0800040c       0x14 /home/lot/progmk/STM32103_m/libs/libopencm3/lib/libopencm3_stm32f1.a(rcc.o)
                0x0800040c                rcc_set_ppre1
 .text.rcc_set_hpre
                0x08000420       0x14 /home/lot/progmk/STM32103_m/libs/libopencm3/lib/libopencm3_stm32f1.a(rcc.o)
                0x08000420                rcc_set_hpre
 .text.rcc_set_usbpre
                0x08000434       0x18 /home/lot/progmk/STM32103_m/libs/libopencm3/lib/libopencm3_stm32f1.a(rcc.o)
                0x08000434                rcc_set_usbpre
 .text.rcc_set_prediv1
                0x0800044c       0x14 /home/lot/progmk/STM32103_m/libs/libopencm3/lib/libopencm3_stm32f1.a(rcc.o)
                0x0800044c                rcc_set_prediv1
 .text.rcc_set_prediv2
                0x08000460       0x14 /home/lot/progmk/STM32103_m/libs/libopencm3/lib/libopencm3_stm32f1.a(rcc.o)
                0x08000460                rcc_set_prediv2
 .text.rcc_set_prediv1_source
                0x08000474       0x18 /home/lot/progmk/STM32103_m/libs/libopencm3/lib/libopencm3_stm32f1.a(rcc.o)
                0x08000474                rcc_set_prediv1_source
 .text.rcc_clock_setup_pll
                0x0800048c       0xbc /home/lot/progmk/STM32103_m/libs/libopencm3/lib/libopencm3_stm32f1.a(rcc.o)
                0x0800048c                rcc_clock_setup_pll
 .text.rcc_periph_clock_enable
                0x08000548       0x1a /home/lot/progmk/STM32103_m/libs/libopencm3/lib/libopencm3_stm32f1.a(rcc_common_all.o)
                0x08000548                rcc_periph_clock_enable
 .text.usart_recv
                0x08000562        0x8 /home/lot/progmk/STM32103_m/libs/libopencm3/lib/libopencm3_stm32f1.a(usart_common_f124.o)
                0x08000562                usart_recv
 .text.blocking_handler
                0x0800056a        0x2 /home/lot/progmk/STM32103_m/libs/libopencm3/lib/libopencm3_stm32f1.a(vector.o)
                0x0800056a                usart3_isr
                0x0800056a                rtc_isr
                0x0800056a                tim7_isr
                0x0800056a                adc1_2_isr
                0x0800056a                tim1_trg_com_isr
                0x0800056a                usb_hp_can_tx_isr
                0x0800056a                tim6_isr
                0x0800056a                usb_wakeup_isr
                0x0800056a                blocking_handler
                0x0800056a                tim5_isr
                0x0800056a                otg_fs_isr
                0x0800056a                spi1_isr
                0x0800056a                exti2_isr
                0x0800056a                dma1_channel6_isr
                0x0800056a                can_rx1_isr
                0x0800056a                dma1_channel5_isr
                0x0800056a                dma2_channel5_isr
                0x0800056a                usage_fault_handler
                0x0800056a                tim8_trg_com_isr
                0x0800056a                can2_rx0_isr
                0x0800056a                tim1_brk_isr
                0x0800056a                can2_rx1_isr
                0x0800056a                tim1_cc_isr
                0x0800056a                sdio_isr
                0x0800056a                eth_isr
                0x0800056a                dma1_channel4_isr
                0x0800056a                tim8_brk_isr
                0x0800056a                dma2_channel4_5_isr
                0x0800056a                pvd_isr
                0x0800056a                rcc_isr
                0x0800056a                flash_isr
                0x0800056a                uart4_isr
                0x0800056a                rtc_alarm_isr
                0x0800056a                exti15_10_isr
                0x0800056a                exti1_isr
                0x0800056a                i2c1_ev_isr
                0x0800056a                dma2_channel1_isr
                0x0800056a                spi2_isr
                0x0800056a                tim8_up_isr
                0x0800056a                dma2_channel2_isr
                0x0800056a                exti3_isr
                0x0800056a                adc3_isr
                0x0800056a                tim3_isr
                0x0800056a                usart2_isr
                0x0800056a                usb_lp_can_rx0_isr
                0x0800056a                i2c2_er_isr
                0x0800056a                i2c2_ev_isr
                0x0800056a                uart5_isr
                0x0800056a                fsmc_isr
                0x0800056a                dma1_channel1_isr
                0x0800056a                exti4_isr
                0x0800056a                mem_manage_handler
                0x0800056a                can2_tx_isr
                0x0800056a                exti9_5_isr
                0x0800056a                dma2_channel3_isr
                0x0800056a                dma1_channel7_isr
                0x0800056a                tim1_up_isr
                0x0800056a                can2_sce_isr
                0x0800056a                tim4_isr
                0x0800056a                dma1_channel2_isr
                0x0800056a                i2c1_er_isr
                0x0800056a                can_sce_isr
                0x0800056a                tim8_cc_isr
                0x0800056a                tamper_isr
                0x0800056a                eth_wkup_isr
                0x0800056a                bus_fault_handler
                0x0800056a                wwdg_isr
                0x0800056a                dma1_channel3_isr
                0x0800056a                spi3_isr
                0x0800056a                tim2_isr
                0x0800056a                exti0_isr
 .text.null_handler
                0x0800056c        0x2 /home/lot/progmk/STM32103_m/libs/libopencm3/lib/libopencm3_stm32f1.a(vector.o)
                0x0800056c                null_handler
                0x0800056c                debug_monitor_handler
                0x0800056c                nmi_handler
 *fill*         0x0800056e        0x2 
 .text.reset_handler
                0x08000570       0x94 /home/lot/progmk/STM32103_m/libs/libopencm3/lib/libopencm3_stm32f1.a(vector.o)
                0x08000570                reset_handler
 .text.flash_set_ws
                0x08000604       0x14 /home/lot/progmk/STM32103_m/libs/libopencm3/lib/libopencm3_stm32f1.a(flash_common_all.o)
                0x08000604                flash_set_ws
 .text.prvCreateTask
                0x08000618       0x78 lib/libfreertos_kernel.a(tasks.c.o)
 .text.xTaskCreate
                0x08000690       0x46 lib/libfreertos_kernel.a(tasks.c.o)
                0x08000690                xTaskCreate
 .text.prvInitialiseNewTask
                0x080006d6       0xce lib/libfreertos_kernel.a(tasks.c.o)
 .text.prvAddNewTaskToReadyList
                0x080007a4      0x128 lib/libfreertos_kernel.a(tasks.c.o)
 .text.vTaskDelay
                0x080008cc       0x48 lib/libfreertos_kernel.a(tasks.c.o)
                0x080008cc                vTaskDelay
 .text.prvCreateIdleTasks
                0x08000914       0x98 lib/libfreertos_kernel.a(tasks.c.o)
 .text.vTaskStartScheduler
                0x080009ac       0x68 lib/libfreertos_kernel.a(tasks.c.o)
                0x080009ac                vTaskStartScheduler
 .text.vTaskSuspendAll
                0x08000a14       0x1c lib/libfreertos_kernel.a(tasks.c.o)
                0x08000a14                vTaskSuspendAll
 .text.xTaskResumeAll
                0x08000a30      0x1f0 lib/libfreertos_kernel.a(tasks.c.o)
                0x08000a30                xTaskResumeAll
 .text.xTaskGetTickCount
                0x08000c20       0x1c lib/libfreertos_kernel.a(tasks.c.o)
                0x08000c20                xTaskGetTickCount
 .text.xTaskIncrementTick
                0x08000c3c      0x210 lib/libfreertos_kernel.a(tasks.c.o)
                0x08000c3c                xTaskIncrementTick
 .text.vTaskSwitchContext
                0x08000e4c       0x8c lib/libfreertos_kernel.a(tasks.c.o)
                0x08000e4c                vTaskSwitchContext
 .text.vTaskPlaceOnEventList
                0x08000ed8       0x2c lib/libfreertos_kernel.a(tasks.c.o)
                0x08000ed8                vTaskPlaceOnEventList
 .text.vTaskPlaceOnEventListRestricted
                0x08000f04       0x70 lib/libfreertos_kernel.a(tasks.c.o)
                0x08000f04                vTaskPlaceOnEventListRestricted
 .text.xTaskRemoveFromEventList
                0x08000f74      0x194 lib/libfreertos_kernel.a(tasks.c.o)
                0x08000f74                xTaskRemoveFromEventList
 .text.vTaskInternalSetTimeOutState
                0x08001108       0x2c lib/libfreertos_kernel.a(tasks.c.o)
                0x08001108                vTaskInternalSetTimeOutState
 .text.xTaskCheckForTimeOut
                0x08001134       0x94 lib/libfreertos_kernel.a(tasks.c.o)
                0x08001134                xTaskCheckForTimeOut
 .text.vTaskMissedYield
                0x080011c8       0x18 lib/libfreertos_kernel.a(tasks.c.o)
                0x080011c8                vTaskMissedYield
 .text.prvIdleTask
                0x080011e0       0x30 lib/libfreertos_kernel.a(tasks.c.o)
 .text.prvInitialiseTaskLists
                0x08001210       0x80 lib/libfreertos_kernel.a(tasks.c.o)
 .text.prvCheckTasksWaitingTermination
                0x08001290       0x5c lib/libfreertos_kernel.a(tasks.c.o)
 .text.prvDeleteTCB
                0x080012ec       0x20 lib/libfreertos_kernel.a(tasks.c.o)
 .text.prvResetNextTaskUnblockTime
                0x0800130c       0x34 lib/libfreertos_kernel.a(tasks.c.o)
 .text.prvAddCurrentTaskToDelayedList
                0x08001340      0x104 lib/libfreertos_kernel.a(tasks.c.o)
 .text.vListInitialise
                0x08001444       0x3e lib/libfreertos_kernel.a(list.c.o)
                0x08001444                vListInitialise
 .text.vListInitialiseItem
                0x08001482       0x18 lib/libfreertos_kernel.a(list.c.o)
                0x08001482                vListInitialiseItem
 .text.vListInsert
                0x0800149a       0x70 lib/libfreertos_kernel.a(list.c.o)
                0x0800149a                vListInsert
 .text.uxListRemove
                0x0800150a       0x52 lib/libfreertos_kernel.a(list.c.o)
                0x0800150a                uxListRemove
 .text.pxPortInitialiseStack
                0x0800155c       0x58 lib/libfreertos_kernel.a(port.c.o)
                0x0800155c                pxPortInitialiseStack
 .text.prvTaskExitError
                0x080015b4       0x32 lib/libfreertos_kernel.a(port.c.o)
 *fill*         0x080015e6        0xa 
 .text.sv_call_handler
                0x080015f0       0x28 lib/libfreertos_kernel.a(port.c.o)
                0x080015f0                sv_call_handler
 .text.prvPortStartFirstTask
                0x08001618       0x24 lib/libfreertos_kernel.a(port.c.o)
 .text.xPortStartScheduler
                0x0800163c       0x5c lib/libfreertos_kernel.a(port.c.o)
                0x0800163c                xPortStartScheduler
 .text.vPortEnterCritical
                0x08001698       0x34 lib/libfreertos_kernel.a(port.c.o)
                0x08001698                vPortEnterCritical
 .text.vPortExitCritical
                0x080016cc       0x34 lib/libfreertos_kernel.a(port.c.o)
                0x080016cc                vPortExitCritical
 .text.pend_sv_handler
                0x08001700       0x48 lib/libfreertos_kernel.a(port.c.o)
                0x08001700                pend_sv_handler
 .text.sys_tick_handler
                0x08001748       0x44 lib/libfreertos_kernel.a(port.c.o)
                0x08001748                sys_tick_handler
 .text.vPortSetupTimerInterrupt
                0x0800178c       0x34 lib/libfreertos_kernel.a(port.c.o)
                0x0800178c                vPortSetupTimerInterrupt
 .text.pvPortMalloc
                0x080017c0      0x15c lib/libfreertos_kernel.a(heap_4.c.o)
                0x080017c0                pvPortMalloc
 .text.vPortFree
                0x0800191c       0x74 lib/libfreertos_kernel.a(heap_4.c.o)
                0x0800191c                vPortFree
 .text.prvHeapInit
                0x08001990       0xb4 lib/libfreertos_kernel.a(heap_4.c.o)
 .text.prvInsertBlockIntoFreeList
                0x08001a44       0xb0 lib/libfreertos_kernel.a(heap_4.c.o)
 .text.xTimerCreateTimerTask
                0x08001af4       0x48 lib/libfreertos_kernel.a(timers.c.o)
                0x08001af4                xTimerCreateTimerTask
 .text.prvReloadTimer
                0x08001b3c       0x42 lib/libfreertos_kernel.a(timers.c.o)
 *fill*         0x08001b7e        0x2 
 .text.prvProcessExpiredTimer
                0x08001b80       0x60 lib/libfreertos_kernel.a(timers.c.o)
 .text.prvTimerTask
                0x08001be0       0x24 lib/libfreertos_kernel.a(timers.c.o)
 .text.prvProcessTimerOrBlockTask
                0x08001c04       0x9c lib/libfreertos_kernel.a(timers.c.o)
 .text.prvGetNextExpireTime
                0x08001ca0       0x44 lib/libfreertos_kernel.a(timers.c.o)
 .text.prvSampleTimeNow
                0x08001ce4       0x40 lib/libfreertos_kernel.a(timers.c.o)
 .text.prvInsertTimerInActiveList
                0x08001d24       0x84 lib/libfreertos_kernel.a(timers.c.o)
 .text.prvProcessReceivedCommands
                0x08001da8      0x164 lib/libfreertos_kernel.a(timers.c.o)
 .text.prvSwitchTimerLists
                0x08001f0c       0x4c lib/libfreertos_kernel.a(timers.c.o)
 .text.prvCheckForValidListAndQueue
                0x08001f58       0x54 lib/libfreertos_kernel.a(timers.c.o)
 .text.xQueueGenericReset
                0x08001fac       0xe8 lib/libfreertos_kernel.a(queue.c.o)
                0x08001fac                xQueueGenericReset
 .text.xQueueGenericCreate
                0x08002094       0x7e lib/libfreertos_kernel.a(queue.c.o)
                0x08002094                xQueueGenericCreate
 .text.prvInitialiseNewQueue
                0x08002112       0x3e lib/libfreertos_kernel.a(queue.c.o)
 .text.xQueueReceive
                0x08002150      0x144 lib/libfreertos_kernel.a(queue.c.o)
                0x08002150                xQueueReceive
 .text.prvCopyDataFromQueue
                0x08002294       0x4c lib/libfreertos_kernel.a(queue.c.o)
 .text.prvUnlockQueue
                0x080022e0       0xa4 lib/libfreertos_kernel.a(queue.c.o)
 .text.prvIsQueueEmpty
                0x08002384       0x2c lib/libfreertos_kernel.a(queue.c.o)
 .text.vQueueWaitForMessageRestricted
                0x080023b0       0x68 lib/libfreertos_kernel.a(queue.c.o)
                0x080023b0                vQueueWaitForMessageRestricted
 .text          0x08002418       0xa0 /usr/lib/gcc/arm-none-eabi/13.2.1/../../../arm-none-eabi/lib/thumb/v7-m/nofp/libg.a(libc_a-memset.o)
                0x08002418                memset
 .text          0x080024b8       0xec /usr/lib/gcc/arm-none-eabi/13.2.1/../../../arm-none-eabi/lib/thumb/v7-m/nofp/libg.a(libc_a-memcpy.o)
                0x080024b8                memcpy
                0x080025a4                        . = ALIGN (0x4)
 *(.rodata*)
 .rodata        0x080025a4        0x6 CMakeFiles/stm32_template.dir/main.c.o
 *fill*         0x080025aa        0x2 
 .rodata.rcc_hse_configs
                0x080025ac       0x8c /home/lot/progmk/STM32103_m/libs/libopencm3/lib/libopencm3_stm32f1.a(rcc.o)
                0x080025ac                rcc_hse_configs
 .rodata.uxTopUsedPriority
                0x08002638        0x4 lib/libfreertos_kernel.a(tasks.c.o)
 .rodata        0x0800263c        0x5 lib/libfreertos_kernel.a(tasks.c.o)
 *fill*         0x08002641        0x3 
 .rodata        0x08002644        0x8 lib/libfreertos_kernel.a(timers.c.o)
                0x0800264c                        . = ALIGN (0x4)

.glue_7         0x0800264c        0x0
 .glue_7        0x0800264c        0x0 linker stubs

.glue_7t        0x0800264c        0x0
 .glue_7t       0x0800264c        0x0 linker stubs

.vfp11_veneer   0x0800264c        0x0
 .vfp11_veneer  0x0800264c        0x0 linker stubs

.v4_bx          0x0800264c        0x0
 .v4_bx         0x0800264c        0x0 linker stubs

.iplt           0x0800264c        0x0
 .iplt          0x0800264c        0x0 CMakeFiles/stm32_template.dir/main.c.o

.preinit_array  0x0800264c        0x0
                0x0800264c                        . = ALIGN (0x4)
                0x0800264c                        __preinit_array_start = .
 *(.preinit_array)
                0x0800264c                        __preinit_array_end = .

.init_array     0x0800264c        0x0
                0x0800264c                        . = ALIGN (0x4)
                0x0800264c                        __init_array_start = .
 *(SORT_BY_NAME(.init_array.*))
 *(.init_array)
                0x0800264c                        __init_array_end = .

.fini_array     0x0800264c        0x0
                0x0800264c                        . = ALIGN (0x4)
                0x0800264c                        __fini_array_start = .
 *(.fini_array)
 *(SORT_BY_NAME(.fini_array.*))
                0x0800264c                        __fini_array_end = .

.ARM.extab
 *(.ARM.extab*)

.ARM.exidx      0x0800264c        0x8
                0x0800264c                        __exidx_start = .
 *(.ARM.exidx*)
 .ARM.exidx     0x0800264c        0x8 /usr/lib/gcc/arm-none-eabi/13.2.1/../../../arm-none-eabi/lib/thumb/v7-m/nofp/libg.a(libc_a-memcpy.o)
                0x08002654                        __exidx_end = .

.rel.dyn        0x08002654        0x0
 .rel.iplt      0x08002654        0x0 CMakeFiles/stm32_template.dir/main.c.o
                0x08002654                        . = ALIGN (0x4)
                0x08002654                        _etext = .

.noinit
 *(.noinit*)
                0x08002654                        . = ALIGN (0x4)

.data           0x20000000       0x10 load address 0x08002654
                0x20000000                        _data = .
 *(.data*)
 .data.rcc_ahb_frequency
                0x20000000        0x4 /home/lot/progmk/STM32103_m/libs/libopencm3/lib/libopencm3_stm32f1.a(rcc.o)
                0x20000000                rcc_ahb_frequency
 .data.rcc_apb2_frequency
                0x20000004        0x4 /home/lot/progmk/STM32103_m/libs/libopencm3/lib/libopencm3_stm32f1.a(rcc.o)
                0x20000004                rcc_apb2_frequency
 .data.rcc_apb1_frequency
                0x20000008        0x4 /home/lot/progmk/STM32103_m/libs/libopencm3/lib/libopencm3_stm32f1.a(rcc.o)
                0x20000008                rcc_apb1_frequency
 .data.uxCriticalNesting
                0x2000000c        0x4 lib/libfreertos_kernel.a(port.c.o)
 *(.ramtext*)
                0x20000010                        . = ALIGN (0x4)
                0x20000010                        _edata = .
                0x08002654                        _data_loadaddr = LOADADDR (.data)

.igot.plt       0x20000010        0x0 load address 0x08002664
 .igot.plt      0x20000010        0x0 CMakeFiles/stm32_template.dir/main.c.o

.bss            0x20000010     0x2560 load address 0x08002664
 *(.bss*)
 .bss.Command   0x20000010        0x1 CMakeFiles/stm32_template.dir/main.c.o
                0x20000010                Command
 .bss.LedState  0x20000011        0x1 CMakeFiles/stm32_template.dir/main.c.o
                0x20000011                LedState
 *fill*         0x20000012        0x2 
 .bss.pxCurrentTCB
                0x20000014        0x4 lib/libfreertos_kernel.a(tasks.c.o)
                0x20000014                pxCurrentTCB
 .bss.pxReadyTasksLists
                0x20000018       0x64 lib/libfreertos_kernel.a(tasks.c.o)
 .bss.xDelayedTaskList1
                0x2000007c       0x14 lib/libfreertos_kernel.a(tasks.c.o)
 .bss.xDelayedTaskList2
                0x20000090       0x14 lib/libfreertos_kernel.a(tasks.c.o)
 .bss.pxDelayedTaskList
                0x200000a4        0x4 lib/libfreertos_kernel.a(tasks.c.o)
 .bss.pxOverflowDelayedTaskList
                0x200000a8        0x4 lib/libfreertos_kernel.a(tasks.c.o)
 .bss.xPendingReadyList
                0x200000ac       0x14 lib/libfreertos_kernel.a(tasks.c.o)
 .bss.xTasksWaitingTermination
                0x200000c0       0x14 lib/libfreertos_kernel.a(tasks.c.o)
 .bss.uxDeletedTasksWaitingCleanUp
                0x200000d4        0x4 lib/libfreertos_kernel.a(tasks.c.o)
 .bss.xSuspendedTaskList
                0x200000d8       0x14 lib/libfreertos_kernel.a(tasks.c.o)
 .bss.uxCurrentNumberOfTasks
                0x200000ec        0x4 lib/libfreertos_kernel.a(tasks.c.o)
 .bss.xTickCount
                0x200000f0        0x4 lib/libfreertos_kernel.a(tasks.c.o)
 .bss.uxTopReadyPriority
                0x200000f4        0x4 lib/libfreertos_kernel.a(tasks.c.o)
 .bss.xSchedulerRunning
                0x200000f8        0x4 lib/libfreertos_kernel.a(tasks.c.o)
 .bss.xPendedTicks
                0x200000fc        0x4 lib/libfreertos_kernel.a(tasks.c.o)
 .bss.xYieldPendings
                0x20000100        0x4 lib/libfreertos_kernel.a(tasks.c.o)
 .bss.xNumOfOverflows
                0x20000104        0x4 lib/libfreertos_kernel.a(tasks.c.o)
 .bss.uxTaskNumber
                0x20000108        0x4 lib/libfreertos_kernel.a(tasks.c.o)
 .bss.xNextTaskUnblockTime
                0x2000010c        0x4 lib/libfreertos_kernel.a(tasks.c.o)
 .bss.xIdleTaskHandles
                0x20000110        0x4 lib/libfreertos_kernel.a(tasks.c.o)
 .bss.uxSchedulerSuspended
                0x20000114        0x4 lib/libfreertos_kernel.a(tasks.c.o)
 .bss.ucHeap    0x20000118     0x2400 lib/libfreertos_kernel.a(heap_4.c.o)
 .bss.xStart    0x20002518        0x8 lib/libfreertos_kernel.a(heap_4.c.o)
 .bss.pxEnd     0x20002520        0x4 lib/libfreertos_kernel.a(heap_4.c.o)
 .bss.xFreeBytesRemaining
                0x20002524        0x4 lib/libfreertos_kernel.a(heap_4.c.o)
 .bss.xMinimumEverFreeBytesRemaining
                0x20002528        0x4 lib/libfreertos_kernel.a(heap_4.c.o)
 .bss.xNumberOfSuccessfulAllocations
                0x2000252c        0x4 lib/libfreertos_kernel.a(heap_4.c.o)
 .bss.xNumberOfSuccessfulFrees
                0x20002530        0x4 lib/libfreertos_kernel.a(heap_4.c.o)
 .bss.xActiveTimerList1
                0x20002534       0x14 lib/libfreertos_kernel.a(timers.c.o)
 .bss.xActiveTimerList2
                0x20002548       0x14 lib/libfreertos_kernel.a(timers.c.o)
 .bss.pxCurrentTimerList
                0x2000255c        0x4 lib/libfreertos_kernel.a(timers.c.o)
 .bss.pxOverflowTimerList
                0x20002560        0x4 lib/libfreertos_kernel.a(timers.c.o)
 .bss.xTimerQueue
                0x20002564        0x4 lib/libfreertos_kernel.a(timers.c.o)
 .bss.xTimerTaskHandle
                0x20002568        0x4 lib/libfreertos_kernel.a(timers.c.o)
 .bss.xLastTime.0
                0x2000256c        0x4 lib/libfreertos_kernel.a(timers.c.o)
 *(COMMON)
                0x20002570                        . = ALIGN (0x4)
                0x20002570                        _ebss = .

/DISCARD/
 *(.eh_frame)
                0x20002570                        . = ALIGN (0x4)
                0x20002570                        end = .
                0x20005000                        PROVIDE (_stack = (ORIGIN (ram) + LENGTH (ram)))
LOAD CMakeFiles/stm32_template.dir/main.c.o
LOAD /home/lot/progmk/STM32103_m/libs/libopencm3/lib/libopencm3_stm32f1.a
LOAD lib/libfreertos_kernel.a
START GROUP
LOAD /usr/lib/gcc/arm-none-eabi/13.2.1/thumb/v7-m/nofp/libgcc.a
LOAD /usr/lib/gcc/arm-none-eabi/13.2.1/../../../arm-none-eabi/lib/thumb/v7-m/nofp/libg.a
LOAD /usr/lib/gcc/arm-none-eabi/13.2.1/../../../arm-none-eabi/lib/thumb/v7-m/nofp/libc.a
END GROUP
OUTPUT(build/stm32_template.elf elf32-littlearm)
LOAD linker stubs

.debug_info     0x00000000     0x6e7a
 .debug_info    0x00000000      0x708 CMakeFiles/stm32_template.dir/main.c.o
 .debug_info    0x00000708      0x1d1 /home/lot/progmk/STM32103_m/libs/libopencm3/lib/libopencm3_stm32f1.a(gpio.o)
 .debug_info    0x000008d9      0x23a /home/lot/progmk/STM32103_m/libs/libopencm3/lib/libopencm3_stm32f1.a(gpio_common_all.o)
 .debug_info    0x00000b13     0x14b6 /home/lot/progmk/STM32103_m/libs/libopencm3/lib/libopencm3_stm32f1.a(rcc.o)
 .debug_info    0x00001fc9      0x5e6 /home/lot/progmk/STM32103_m/libs/libopencm3/lib/libopencm3_stm32f1.a(rcc_common_all.o)
 .debug_info    0x000025af      0x176 /home/lot/progmk/STM32103_m/libs/libopencm3/lib/libopencm3_stm32f1.a(usart_common_f124.o)
 .debug_info    0x00002725      0x2b8 /home/lot/progmk/STM32103_m/libs/libopencm3/lib/libopencm3_stm32f1.a(vector.o)
 .debug_info    0x000029dd       0xe5 /home/lot/progmk/STM32103_m/libs/libopencm3/lib/libopencm3_stm32f1.a(flash_common_all.o)
 .debug_info    0x00002ac2     0x1bb1 lib/libfreertos_kernel.a(tasks.c.o)
 .debug_info    0x00004673      0x297 lib/libfreertos_kernel.a(list.c.o)
 .debug_info    0x0000490a      0x314 lib/libfreertos_kernel.a(port.c.o)
 .debug_info    0x00004c1e      0x48a lib/libfreertos_kernel.a(heap_4.c.o)
 .debug_info    0x000050a8      0xcaa lib/libfreertos_kernel.a(timers.c.o)
 .debug_info    0x00005d52      0xfc0 lib/libfreertos_kernel.a(queue.c.o)
 .debug_info    0x00006d12      0x135 /usr/lib/gcc/arm-none-eabi/13.2.1/../../../arm-none-eabi/lib/thumb/v7-m/nofp/libg.a(libc_a-memset.o)
 .debug_info    0x00006e47       0x33 /usr/lib/gcc/arm-none-eabi/13.2.1/../../../arm-none-eabi/lib/thumb/v7-m/nofp/libg.a(libc_a-memcpy.o)

.debug_abbrev   0x00000000     0x19d4
 .debug_abbrev  0x00000000      0x239 CMakeFiles/stm32_template.dir/main.c.o
 .debug_abbrev  0x00000239       0xd3 /home/lot/progmk/STM32103_m/libs/libopencm3/lib/libopencm3_stm32f1.a(gpio.o)
 .debug_abbrev  0x0000030c      0x117 /home/lot/progmk/STM32103_m/libs/libopencm3/lib/libopencm3_stm32f1.a(gpio_common_all.o)
 .debug_abbrev  0x00000423      0x2bf /home/lot/progmk/STM32103_m/libs/libopencm3/lib/libopencm3_stm32f1.a(rcc.o)
 .debug_abbrev  0x000006e2      0x186 /home/lot/progmk/STM32103_m/libs/libopencm3/lib/libopencm3_stm32f1.a(rcc_common_all.o)
 .debug_abbrev  0x00000868       0xb8 /home/lot/progmk/STM32103_m/libs/libopencm3/lib/libopencm3_stm32f1.a(usart_common_f124.o)
 .debug_abbrev  0x00000920      0x149 /home/lot/progmk/STM32103_m/libs/libopencm3/lib/libopencm3_stm32f1.a(vector.o)
 .debug_abbrev  0x00000a69       0x96 /home/lot/progmk/STM32103_m/libs/libopencm3/lib/libopencm3_stm32f1.a(flash_common_all.o)
 .debug_abbrev  0x00000aff      0x391 lib/libfreertos_kernel.a(tasks.c.o)
 .debug_abbrev  0x00000e90       0xee lib/libfreertos_kernel.a(list.c.o)
 .debug_abbrev  0x00000f7e      0x236 lib/libfreertos_kernel.a(port.c.o)
 .debug_abbrev  0x000011b4      0x1f5 lib/libfreertos_kernel.a(heap_4.c.o)
 .debug_abbrev  0x000013a9      0x2a1 lib/libfreertos_kernel.a(timers.c.o)
 .debug_abbrev  0x0000164a      0x2ab lib/libfreertos_kernel.a(queue.c.o)
 .debug_abbrev  0x000018f5       0xb7 /usr/lib/gcc/arm-none-eabi/13.2.1/../../../arm-none-eabi/lib/thumb/v7-m/nofp/libg.a(libc_a-memset.o)
 .debug_abbrev  0x000019ac       0x28 /usr/lib/gcc/arm-none-eabi/13.2.1/../../../arm-none-eabi/lib/thumb/v7-m/nofp/libg.a(libc_a-memcpy.o)

.debug_aranges  0x00000000      0x868
 .debug_aranges
                0x00000000       0x68 CMakeFiles/stm32_template.dir/main.c.o
 .debug_aranges
                0x00000068       0x38 /home/lot/progmk/STM32103_m/libs/libopencm3/lib/libopencm3_stm32f1.a(gpio.o)
 .debug_aranges
                0x000000a0       0x50 /home/lot/progmk/STM32103_m/libs/libopencm3/lib/libopencm3_stm32f1.a(gpio_common_all.o)
 .debug_aranges
                0x000000f0      0x170 /home/lot/progmk/STM32103_m/libs/libopencm3/lib/libopencm3_stm32f1.a(rcc.o)
 .debug_aranges
                0x00000260       0x80 /home/lot/progmk/STM32103_m/libs/libopencm3/lib/libopencm3_stm32f1.a(rcc_common_all.o)
 .debug_aranges
                0x000002e0       0x40 /home/lot/progmk/STM32103_m/libs/libopencm3/lib/libopencm3_stm32f1.a(usart_common_f124.o)
 .debug_aranges
                0x00000320       0x30 /home/lot/progmk/STM32103_m/libs/libopencm3/lib/libopencm3_stm32f1.a(vector.o)
 .debug_aranges
                0x00000350       0x38 /home/lot/progmk/STM32103_m/libs/libopencm3/lib/libopencm3_stm32f1.a(flash_common_all.o)
 .debug_aranges
                0x00000388      0x1c0 lib/libfreertos_kernel.a(tasks.c.o)
 .debug_aranges
                0x00000548       0x40 lib/libfreertos_kernel.a(list.c.o)
 .debug_aranges
                0x00000588       0x70 lib/libfreertos_kernel.a(port.c.o)
 .debug_aranges
                0x000005f8       0x68 lib/libfreertos_kernel.a(heap_4.c.o)
 .debug_aranges
                0x00000660       0xe8 lib/libfreertos_kernel.a(timers.c.o)
 .debug_aranges
                0x00000748       0xe0 lib/libfreertos_kernel.a(queue.c.o)
 .debug_aranges
                0x00000828       0x20 /usr/lib/gcc/arm-none-eabi/13.2.1/../../../arm-none-eabi/lib/thumb/v7-m/nofp/libg.a(libc_a-memset.o)
 .debug_aranges
                0x00000848       0x20 /usr/lib/gcc/arm-none-eabi/13.2.1/../../../arm-none-eabi/lib/thumb/v7-m/nofp/libg.a(libc_a-memcpy.o)

.debug_rnglists
                0x00000000      0x661
 .debug_rnglists
                0x00000000       0x49 CMakeFiles/stm32_template.dir/main.c.o
 .debug_rnglists
                0x00000049       0x25 /home/lot/progmk/STM32103_m/libs/libopencm3/lib/libopencm3_stm32f1.a(gpio.o)
 .debug_rnglists
                0x0000006e       0x37 /home/lot/progmk/STM32103_m/libs/libopencm3/lib/libopencm3_stm32f1.a(gpio_common_all.o)
 .debug_rnglists
                0x000000a5      0x160 /home/lot/progmk/STM32103_m/libs/libopencm3/lib/libopencm3_stm32f1.a(rcc.o)
 .debug_rnglists
                0x00000205       0x5b /home/lot/progmk/STM32103_m/libs/libopencm3/lib/libopencm3_stm32f1.a(rcc_common_all.o)
 .debug_rnglists
                0x00000260       0x2b /home/lot/progmk/STM32103_m/libs/libopencm3/lib/libopencm3_stm32f1.a(usart_common_f124.o)
 .debug_rnglists
                0x0000028b       0x20 /home/lot/progmk/STM32103_m/libs/libopencm3/lib/libopencm3_stm32f1.a(vector.o)
 .debug_rnglists
                0x000002ab       0x25 /home/lot/progmk/STM32103_m/libs/libopencm3/lib/libopencm3_stm32f1.a(flash_common_all.o)
 .debug_rnglists
                0x000002d0      0x171 lib/libfreertos_kernel.a(tasks.c.o)
 .debug_rnglists
                0x00000441       0x2b lib/libfreertos_kernel.a(list.c.o)
 .debug_rnglists
                0x0000046c       0x4f lib/libfreertos_kernel.a(port.c.o)
 .debug_rnglists
                0x000004bb       0x4d lib/libfreertos_kernel.a(heap_4.c.o)
 .debug_rnglists
                0x00000508       0xac lib/libfreertos_kernel.a(timers.c.o)
 .debug_rnglists
                0x000005b4       0xad lib/libfreertos_kernel.a(queue.c.o)

.debug_macro    0x00000000     0x79f0
 .debug_macro   0x00000000      0x189 CMakeFiles/stm32_template.dir/main.c.o
 .debug_macro   0x00000189      0xac0 CMakeFiles/stm32_template.dir/main.c.o
 .debug_macro   0x00000c49      0x34e CMakeFiles/stm32_template.dir/main.c.o
 .debug_macro   0x00000f97       0x22 CMakeFiles/stm32_template.dir/main.c.o
 .debug_macro   0x00000fb9      0x100 CMakeFiles/stm32_template.dir/main.c.o
 .debug_macro   0x000010b9       0x76 CMakeFiles/stm32_template.dir/main.c.o
 .debug_macro   0x0000112f      0x1b4 CMakeFiles/stm32_template.dir/main.c.o
 .debug_macro   0x000012e3       0x76 CMakeFiles/stm32_template.dir/main.c.o
 .debug_macro   0x00001359      0xe2e CMakeFiles/stm32_template.dir/main.c.o
 .debug_macro   0x00002187      0x8c6 CMakeFiles/stm32_template.dir/main.c.o
 .debug_macro   0x00002a4d       0x1f CMakeFiles/stm32_template.dir/main.c.o
 .debug_macro   0x00002a6c       0x6f CMakeFiles/stm32_template.dir/main.c.o
 .debug_macro   0x00002adb       0x6e CMakeFiles/stm32_template.dir/main.c.o
 .debug_macro   0x00002b49      0x1a2 CMakeFiles/stm32_template.dir/main.c.o
 .debug_macro   0x00002ceb      0x39b CMakeFiles/stm32_template.dir/main.c.o
 .debug_macro   0x00003086       0xaf CMakeFiles/stm32_template.dir/main.c.o
 .debug_macro   0x00003135      0x19c CMakeFiles/stm32_template.dir/main.c.o
 .debug_macro   0x000032d1       0x94 CMakeFiles/stm32_template.dir/main.c.o
 .debug_macro   0x00003365      0x29e CMakeFiles/stm32_template.dir/main.c.o
 .debug_macro   0x00003603      0x189 CMakeFiles/stm32_template.dir/main.c.o
 .debug_macro   0x0000378c       0x16 CMakeFiles/stm32_template.dir/main.c.o
 .debug_macro   0x000037a2       0xd6 CMakeFiles/stm32_template.dir/main.c.o
 .debug_macro   0x00003878       0x22 CMakeFiles/stm32_template.dir/main.c.o
 .debug_macro   0x0000389a      0x182 CMakeFiles/stm32_template.dir/main.c.o
 .debug_macro   0x00003a1c       0xe7 CMakeFiles/stm32_template.dir/main.c.o
 .debug_macro   0x00003b03       0x2e CMakeFiles/stm32_template.dir/main.c.o
 .debug_macro   0x00003b31       0x1f CMakeFiles/stm32_template.dir/main.c.o
 .debug_macro   0x00003b50       0x12 CMakeFiles/stm32_template.dir/main.c.o
 .debug_macro   0x00003b62     0x1127 CMakeFiles/stm32_template.dir/main.c.o
 .debug_macro   0x00004c89       0xc3 CMakeFiles/stm32_template.dir/main.c.o
 .debug_macro   0x00004d4c      0x14f CMakeFiles/stm32_template.dir/main.c.o
 .debug_macro   0x00004e9b       0x6f /home/lot/progmk/STM32103_m/libs/libopencm3/lib/libopencm3_stm32f1.a(gpio.o)
 .debug_macro   0x00004f0a      0xac0 /home/lot/progmk/STM32103_m/libs/libopencm3/lib/libopencm3_stm32f1.a(gpio.o)
 .debug_macro   0x000059ca       0x1c /home/lot/progmk/STM32103_m/libs/libopencm3/lib/libopencm3_stm32f1.a(gpio.o)
 .debug_macro   0x000059e6       0xe8 /home/lot/progmk/STM32103_m/libs/libopencm3/lib/libopencm3_stm32f1.a(gpio.o)
 .debug_macro   0x00005ace       0x6f /home/lot/progmk/STM32103_m/libs/libopencm3/lib/libopencm3_stm32f1.a(gpio_common_all.o)
 .debug_macro   0x00005b3d       0x9e /home/lot/progmk/STM32103_m/libs/libopencm3/lib/libopencm3_stm32f1.a(rcc.o)
 .debug_macro   0x00005bdb       0x16 /home/lot/progmk/STM32103_m/libs/libopencm3/lib/libopencm3_stm32f1.a(rcc.o)
 .debug_macro   0x00005bf1       0xee /home/lot/progmk/STM32103_m/libs/libopencm3/lib/libopencm3_stm32f1.a(rcc.o)
 .debug_macro   0x00005cdf       0x82 /home/lot/progmk/STM32103_m/libs/libopencm3/lib/libopencm3_stm32f1.a(rcc.o)
 .debug_macro   0x00005d61       0x85 /home/lot/progmk/STM32103_m/libs/libopencm3/lib/libopencm3_stm32f1.a(rcc_common_all.o)
 .debug_macro   0x00005de6       0x91 /home/lot/progmk/STM32103_m/libs/libopencm3/lib/libopencm3_stm32f1.a(usart_common_f124.o)
 .debug_macro   0x00005e77       0x86 /home/lot/progmk/STM32103_m/libs/libopencm3/lib/libopencm3_stm32f1.a(vector.o)
 .debug_macro   0x00005efd      0x395 /home/lot/progmk/STM32103_m/libs/libopencm3/lib/libopencm3_stm32f1.a(vector.o)
 .debug_macro   0x00006292       0x77 /home/lot/progmk/STM32103_m/libs/libopencm3/lib/libopencm3_stm32f1.a(flash_common_all.o)
 .debug_macro   0x00006309      0x26c lib/libfreertos_kernel.a(tasks.c.o)
 .debug_macro   0x00006575       0x24 lib/libfreertos_kernel.a(tasks.c.o)
 .debug_macro   0x00006599       0x22 lib/libfreertos_kernel.a(tasks.c.o)
 .debug_macro   0x000065bb       0x60 lib/libfreertos_kernel.a(tasks.c.o)
 .debug_macro   0x0000661b       0x5c lib/libfreertos_kernel.a(tasks.c.o)
 .debug_macro   0x00006677       0x3c lib/libfreertos_kernel.a(tasks.c.o)
 .debug_macro   0x000066b3       0x34 lib/libfreertos_kernel.a(tasks.c.o)
 .debug_macro   0x000066e7       0x16 lib/libfreertos_kernel.a(tasks.c.o)
 .debug_macro   0x000066fd      0x11c lib/libfreertos_kernel.a(tasks.c.o)
 .debug_macro   0x00006819       0x94 lib/libfreertos_kernel.a(tasks.c.o)
 .debug_macro   0x000068ad       0x57 lib/libfreertos_kernel.a(tasks.c.o)
 .debug_macro   0x00006904      0x38c lib/libfreertos_kernel.a(tasks.c.o)
 .debug_macro   0x00006c90       0x16 lib/libfreertos_kernel.a(tasks.c.o)
 .debug_macro   0x00006ca6       0x4a lib/libfreertos_kernel.a(tasks.c.o)
 .debug_macro   0x00006cf0       0x34 lib/libfreertos_kernel.a(tasks.c.o)
 .debug_macro   0x00006d24       0x10 lib/libfreertos_kernel.a(tasks.c.o)
 .debug_macro   0x00006d34       0x52 lib/libfreertos_kernel.a(tasks.c.o)
 .debug_macro   0x00006d86      0x1de lib/libfreertos_kernel.a(tasks.c.o)
 .debug_macro   0x00006f64       0x22 lib/libfreertos_kernel.a(tasks.c.o)
 .debug_macro   0x00006f86       0x16 lib/libfreertos_kernel.a(tasks.c.o)
 .debug_macro   0x00006f9c       0x3c lib/libfreertos_kernel.a(tasks.c.o)
 .debug_macro   0x00006fd8       0x98 lib/libfreertos_kernel.a(tasks.c.o)
 .debug_macro   0x00007070       0x17 lib/libfreertos_kernel.a(tasks.c.o)
 .debug_macro   0x00007087      0x168 lib/libfreertos_kernel.a(list.c.o)
 .debug_macro   0x000071ef      0x162 lib/libfreertos_kernel.a(port.c.o)
 .debug_macro   0x00007351      0x1e4 lib/libfreertos_kernel.a(heap_4.c.o)
 .debug_macro   0x00007535      0x1b7 lib/libfreertos_kernel.a(timers.c.o)
 .debug_macro   0x000076ec       0x80 lib/libfreertos_kernel.a(timers.c.o)
 .debug_macro   0x0000776c       0x9e lib/libfreertos_kernel.a(timers.c.o)
 .debug_macro   0x0000780a      0x1e6 lib/libfreertos_kernel.a(queue.c.o)

.debug_line     0x00000000     0x5829
 .debug_line    0x00000000      0x681 CMakeFiles/stm32_template.dir/main.c.o
 .debug_line    0x00000681      0x293 /home/lot/progmk/STM32103_m/libs/libopencm3/lib/libopencm3_stm32f1.a(gpio.o)
 .debug_line    0x00000914      0x27b /home/lot/progmk/STM32103_m/libs/libopencm3/lib/libopencm3_stm32f1.a(gpio_common_all.o)
 .debug_line    0x00000b8f      0xc28 /home/lot/progmk/STM32103_m/libs/libopencm3/lib/libopencm3_stm32f1.a(rcc.o)
 .debug_line    0x000017b7      0x322 /home/lot/progmk/STM32103_m/libs/libopencm3/lib/libopencm3_stm32f1.a(rcc_common_all.o)
 .debug_line    0x00001ad9      0x262 /home/lot/progmk/STM32103_m/libs/libopencm3/lib/libopencm3_stm32f1.a(usart_common_f124.o)
 .debug_line    0x00001d3b      0x2ad /home/lot/progmk/STM32103_m/libs/libopencm3/lib/libopencm3_stm32f1.a(vector.o)
 .debug_line    0x00001fe8      0x22c /home/lot/progmk/STM32103_m/libs/libopencm3/lib/libopencm3_stm32f1.a(flash_common_all.o)
 .debug_line    0x00002214     0x12f8 lib/libfreertos_kernel.a(tasks.c.o)
 .debug_line    0x0000350c      0x3c9 lib/libfreertos_kernel.a(list.c.o)
 .debug_line    0x000038d5      0x362 lib/libfreertos_kernel.a(port.c.o)
 .debug_line    0x00003c37      0x5f4 lib/libfreertos_kernel.a(heap_4.c.o)
 .debug_line    0x0000422b      0x7f9 lib/libfreertos_kernel.a(timers.c.o)
 .debug_line    0x00004a24      0xb97 lib/libfreertos_kernel.a(queue.c.o)
 .debug_line    0x000055bb      0x1b1 /usr/lib/gcc/arm-none-eabi/13.2.1/../../../arm-none-eabi/lib/thumb/v7-m/nofp/libg.a(libc_a-memset.o)
 .debug_line    0x0000576c       0xbd /usr/lib/gcc/arm-none-eabi/13.2.1/../../../arm-none-eabi/lib/thumb/v7-m/nofp/libg.a(libc_a-memcpy.o)

.debug_str      0x00000000    0x22154
 .debug_str     0x00000000    0x22154 CMakeFiles/stm32_template.dir/main.c.o
                              0x192b7 (size before relaxing)
 .debug_str     0x00022154     0x82bb /home/lot/progmk/STM32103_m/libs/libopencm3/lib/libopencm3_stm32f1.a(gpio.o)
 .debug_str     0x00022154     0x82b9 /home/lot/progmk/STM32103_m/libs/libopencm3/lib/libopencm3_stm32f1.a(gpio_common_all.o)
 .debug_str     0x00022154     0x7f1b /home/lot/progmk/STM32103_m/libs/libopencm3/lib/libopencm3_stm32f1.a(rcc.o)
 .debug_str     0x00022154     0x761e /home/lot/progmk/STM32103_m/libs/libopencm3/lib/libopencm3_stm32f1.a(rcc_common_all.o)
 .debug_str     0x00022154     0x7fdd /home/lot/progmk/STM32103_m/libs/libopencm3/lib/libopencm3_stm32f1.a(usart_common_f124.o)
 .debug_str     0x00022154     0x630a /home/lot/progmk/STM32103_m/libs/libopencm3/lib/libopencm3_stm32f1.a(vector.o)
 .debug_str     0x00022154     0x5209 /home/lot/progmk/STM32103_m/libs/libopencm3/lib/libopencm3_stm32f1.a(flash_common_all.o)
 .debug_str     0x00022154    0x1357b lib/libfreertos_kernel.a(tasks.c.o)
 .debug_str     0x00022154    0x100e5 lib/libfreertos_kernel.a(list.c.o)
 .debug_str     0x00022154     0xee52 lib/libfreertos_kernel.a(port.c.o)
 .debug_str     0x00022154    0x11b9d lib/libfreertos_kernel.a(heap_4.c.o)
 .debug_str     0x00022154    0x12c6c lib/libfreertos_kernel.a(timers.c.o)
 .debug_str     0x00022154    0x126b7 lib/libfreertos_kernel.a(queue.c.o)
 .debug_str     0x00022154      0x1a0 /usr/lib/gcc/arm-none-eabi/13.2.1/../../../arm-none-eabi/lib/thumb/v7-m/nofp/libg.a(libc_a-memset.o)
 .debug_str     0x00022154       0xa3 /usr/lib/gcc/arm-none-eabi/13.2.1/../../../arm-none-eabi/lib/thumb/v7-m/nofp/libg.a(libc_a-memcpy.o)

.comment        0x00000000       0x26
 .comment       0x00000000       0x26 CMakeFiles/stm32_template.dir/main.c.o
                                 0x27 (size before relaxing)
 .comment       0x00000026       0x27 /home/lot/progmk/STM32103_m/libs/libopencm3/lib/libopencm3_stm32f1.a(gpio.o)
 .comment       0x00000026       0x27 /home/lot/progmk/STM32103_m/libs/libopencm3/lib/libopencm3_stm32f1.a(gpio_common_all.o)
 .comment       0x00000026       0x27 /home/lot/progmk/STM32103_m/libs/libopencm3/lib/libopencm3_stm32f1.a(rcc.o)
 .comment       0x00000026       0x27 /home/lot/progmk/STM32103_m/libs/libopencm3/lib/libopencm3_stm32f1.a(rcc_common_all.o)
 .comment       0x00000026       0x27 /home/lot/progmk/STM32103_m/libs/libopencm3/lib/libopencm3_stm32f1.a(usart_common_f124.o)
 .comment       0x00000026       0x27 /home/lot/progmk/STM32103_m/libs/libopencm3/lib/libopencm3_stm32f1.a(vector.o)
 .comment       0x00000026       0x27 /home/lot/progmk/STM32103_m/libs/libopencm3/lib/libopencm3_stm32f1.a(flash_common_all.o)
 .comment       0x00000026       0x27 lib/libfreertos_kernel.a(tasks.c.o)
 .comment       0x00000026       0x27 lib/libfreertos_kernel.a(list.c.o)
 .comment       0x00000026       0x27 lib/libfreertos_kernel.a(port.c.o)
 .comment       0x00000026       0x27 lib/libfreertos_kernel.a(heap_4.c.o)
 .comment       0x00000026       0x27 lib/libfreertos_kernel.a(timers.c.o)
 .comment       0x00000026       0x27 lib/libfreertos_kernel.a(queue.c.o)
 .comment       0x00000026       0x27 /usr/lib/gcc/arm-none-eabi/13.2.1/../../../arm-none-eabi/lib/thumb/v7-m/nofp/libg.a(libc_a-memset.o)

.ARM.attributes
                0x00000000       0x2b
 .ARM.attributes
                0x00000000       0x2d CMakeFiles/stm32_template.dir/main.c.o
 .ARM.attributes
                0x0000002d       0x2d /home/lot/progmk/STM32103_m/libs/libopencm3/lib/libopencm3_stm32f1.a(gpio.o)
 .ARM.attributes
                0x0000005a       0x2d /home/lot/progmk/STM32103_m/libs/libopencm3/lib/libopencm3_stm32f1.a(gpio_common_all.o)
 .ARM.attributes
                0x00000087       0x2d /home/lot/progmk/STM32103_m/libs/libopencm3/lib/libopencm3_stm32f1.a(rcc.o)
 .ARM.attributes
                0x000000b4       0x2d /home/lot/progmk/STM32103_m/libs/libopencm3/lib/libopencm3_stm32f1.a(rcc_common_all.o)
 .ARM.attributes
                0x000000e1       0x2d /home/lot/progmk/STM32103_m/libs/libopencm3/lib/libopencm3_stm32f1.a(usart_common_f124.o)
 .ARM.attributes
                0x0000010e       0x2d /home/lot/progmk/STM32103_m/libs/libopencm3/lib/libopencm3_stm32f1.a(vector.o)
 .ARM.attributes
                0x0000013b       0x2d /home/lot/progmk/STM32103_m/libs/libopencm3/lib/libopencm3_stm32f1.a(flash_common_all.o)
 .ARM.attributes
                0x00000168       0x2d lib/libfreertos_kernel.a(tasks.c.o)
 .ARM.attributes
                0x00000195       0x2d lib/libfreertos_kernel.a(list.c.o)
 .ARM.attributes
                0x000001c2       0x2d lib/libfreertos_kernel.a(port.c.o)
 .ARM.attributes
                0x000001ef       0x2d lib/libfreertos_kernel.a(heap_4.c.o)
 .ARM.attributes
                0x0000021c       0x2d lib/libfreertos_kernel.a(timers.c.o)
 .ARM.attributes
                0x00000249       0x2d lib/libfreertos_kernel.a(queue.c.o)
 .ARM.attributes
                0x00000276       0x2d /usr/lib/gcc/arm-none-eabi/13.2.1/../../../arm-none-eabi/lib/thumb/v7-m/nofp/libg.a(libc_a-memset.o)
 .ARM.attributes
                0x000002a3       0x1b /usr/lib/gcc/arm-none-eabi/13.2.1/../../../arm-none-eabi/lib/thumb/v7-m/nofp/libg.a(libc_a-memcpy.o)

.debug_frame    0x00000000     0x1a30
 .debug_frame   0x00000000      0x170 CMakeFiles/stm32_template.dir/main.c.o
 .debug_frame   0x00000170       0x60 /home/lot/progmk/STM32103_m/libs/libopencm3/lib/libopencm3_stm32f1.a(gpio.o)
 .debug_frame   0x000001d0       0x80 /home/lot/progmk/STM32103_m/libs/libopencm3/lib/libopencm3_stm32f1.a(gpio_common_all.o)
 .debug_frame   0x00000250      0x318 /home/lot/progmk/STM32103_m/libs/libopencm3/lib/libopencm3_stm32f1.a(rcc.o)
 .debug_frame   0x00000568       0xe0 /home/lot/progmk/STM32103_m/libs/libopencm3/lib/libopencm3_stm32f1.a(rcc_common_all.o)
 .debug_frame   0x00000648       0x60 /home/lot/progmk/STM32103_m/libs/libopencm3/lib/libopencm3_stm32f1.a(usart_common_f124.o)
 .debug_frame   0x000006a8       0x4c /home/lot/progmk/STM32103_m/libs/libopencm3/lib/libopencm3_stm32f1.a(vector.o)
 .debug_frame   0x000006f4       0x50 /home/lot/progmk/STM32103_m/libs/libopencm3/lib/libopencm3_stm32f1.a(flash_common_all.o)
 .debug_frame   0x00000744      0x7b4 lib/libfreertos_kernel.a(tasks.c.o)
 .debug_frame   0x00000ef8       0xd8 lib/libfreertos_kernel.a(list.c.o)
 .debug_frame   0x00000fd0      0x168 lib/libfreertos_kernel.a(port.c.o)
 .debug_frame   0x00001138      0x170 lib/libfreertos_kernel.a(heap_4.c.o)
 .debug_frame   0x000012a8      0x3b4 lib/libfreertos_kernel.a(timers.c.o)
 .debug_frame   0x0000165c      0x3a8 lib/libfreertos_kernel.a(queue.c.o)
 .debug_frame   0x00001a04       0x2c /usr/lib/gcc/arm-none-eabi/13.2.1/../../../arm-none-eabi/lib/thumb/v7-m/nofp/libg.a(libc_a-memset.o)

.debug_loclists
                0x00000000      0x7da
 .debug_loclists
                0x00000000       0xd5 /home/lot/progmk/STM32103_m/libs/libopencm3/lib/libopencm3_stm32f1.a(gpio.o)
 .debug_loclists
                0x000000d5       0x96 /home/lot/progmk/STM32103_m/libs/libopencm3/lib/libopencm3_stm32f1.a(gpio_common_all.o)
 .debug_loclists
                0x0000016b      0x2cb /home/lot/progmk/STM32103_m/libs/libopencm3/lib/libopencm3_stm32f1.a(rcc.o)
 .debug_loclists
                0x00000436       0x87 /home/lot/progmk/STM32103_m/libs/libopencm3/lib/libopencm3_stm32f1.a(rcc_common_all.o)
 .debug_loclists
                0x000004bd       0x79 /home/lot/progmk/STM32103_m/libs/libopencm3/lib/libopencm3_stm32f1.a(usart_common_f124.o)
 .debug_loclists
                0x00000536       0xb6 /home/lot/progmk/STM32103_m/libs/libopencm3/lib/libopencm3_stm32f1.a(vector.o)
 .debug_loclists
                0x000005ec       0x17 /home/lot/progmk/STM32103_m/libs/libopencm3/lib/libopencm3_stm32f1.a(flash_common_all.o)
 .debug_loclists
                0x00000603      0x1d7 /usr/lib/gcc/arm-none-eabi/13.2.1/../../../arm-none-eabi/lib/thumb/v7-m/nofp/libg.a(libc_a-memset.o)

.debug_line_str
                0x00000000       0x90
 .debug_line_str
                0x00000000       0x90 /usr/lib/gcc/arm-none-eabi/13.2.1/../../../arm-none-eabi/lib/thumb/v7-m/nofp/libg.a(libc_a-memcpy.o)
