Archive member included to satisfy reference by file (symbol)

/home/lot/progmk/STM32103_m/libs/libopencm3/lib/libopencm3_stm32f1.a(adc.o)
                              CMakeFiles/stm32_template.dir/main.c.o (adc_power_on)
/home/lot/progmk/STM32103_m/libs/libopencm3/lib/libopencm3_stm32f1.a(adc_common_v1.o)
                              CMakeFiles/stm32_template.dir/main.c.o (adc_power_off)
/home/lot/progmk/STM32103_m/libs/libopencm3/lib/libopencm3_stm32f1.a(gpio.o)
                              CMakeFiles/stm32_template.dir/main.c.o (gpio_set_mode)
/home/lot/progmk/STM32103_m/libs/libopencm3/lib/libopencm3_stm32f1.a(gpio_common_all.o)
                              CMakeFiles/stm32_template.dir/main.c.o (gpio_toggle)
/home/lot/progmk/STM32103_m/libs/libopencm3/lib/libopencm3_stm32f1.a(rcc.o)
                              CMakeFiles/stm32_template.dir/main.c.o (rcc_set_adcpre)
/home/lot/progmk/STM32103_m/libs/libopencm3/lib/libopencm3_stm32f1.a(rcc_common_all.o)
                              CMakeFiles/stm32_template.dir/main.c.o (rcc_periph_clock_enable)
/home/lot/progmk/STM32103_m/libs/libopencm3/lib/libopencm3_stm32f1.a(timer_common_all.o)
                              CMakeFiles/stm32_template.dir/main.c.o (timer_enable_irq)
/home/lot/progmk/STM32103_m/libs/libopencm3/lib/libopencm3_stm32f1.a(usart_common_all.o)
                              CMakeFiles/stm32_template.dir/main.c.o (usart_set_baudrate)
/home/lot/progmk/STM32103_m/libs/libopencm3/lib/libopencm3_stm32f1.a(usart_common_f124.o)
                              /home/lot/progmk/STM32103_m/libs/libopencm3/lib/libopencm3_stm32f1.a(usart_common_all.o) (usart_send)
/home/lot/progmk/STM32103_m/libs/libopencm3/lib/libopencm3_stm32f1.a(vector.o)
                              (reset_handler)
/home/lot/progmk/STM32103_m/libs/libopencm3/lib/libopencm3_stm32f1.a(nvic.o)
                              CMakeFiles/stm32_template.dir/main.c.o (nvic_enable_irq)
/home/lot/progmk/STM32103_m/libs/libopencm3/lib/libopencm3_stm32f1.a(assert.o)
                              /home/lot/progmk/STM32103_m/libs/libopencm3/lib/libopencm3_stm32f1.a(rcc.o) (cm3_assert_failed)
/home/lot/progmk/STM32103_m/libs/libopencm3/lib/libopencm3_stm32f1.a(flash_common_all.o)
                              /home/lot/progmk/STM32103_m/libs/libopencm3/lib/libopencm3_stm32f1.a(rcc.o) (flash_set_ws)
lib/libfreertos_kernel.a(tasks.c.o)
                              CMakeFiles/stm32_template.dir/main.c.o (xTaskCreate)
lib/libfreertos_kernel.a(list.c.o)
                              lib/libfreertos_kernel.a(tasks.c.o) (vListInitialise)
lib/libfreertos_kernel.a(port.c.o)
                              lib/libfreertos_kernel.a(tasks.c.o) (pxPortInitialiseStack)
lib/libfreertos_kernel.a(heap_4.c.o)
                              lib/libfreertos_kernel.a(tasks.c.o) (pvPortMalloc)
lib/libfreertos_kernel.a(timers.c.o)
                              lib/libfreertos_kernel.a(tasks.c.o) (xTimerCreateTimerTask)
lib/libfreertos_kernel.a(queue.c.o)
                              lib/libfreertos_kernel.a(timers.c.o) (xQueueGenericCreate)
/usr/lib/gcc/arm-none-eabi/13.2.1/thumb/v7-m/nofp/libgcc.a(_arm_mulsf3.o)
                              CMakeFiles/stm32_template.dir/DFT.c.o (__aeabi_fmul)
/usr/lib/gcc/arm-none-eabi/13.2.1/thumb/v7-m/nofp/libgcc.a(_arm_addsubsf3.o)
                              CMakeFiles/stm32_template.dir/DFT.c.o (__aeabi_fsub)
/usr/lib/gcc/arm-none-eabi/13.2.1/thumb/v7-m/nofp/libgcc.a(_arm_muldivsf3.o)
                              CMakeFiles/stm32_template.dir/DFT.c.o (__aeabi_fdiv)
/usr/lib/gcc/arm-none-eabi/13.2.1/../../../arm-none-eabi/lib/thumb/v7-m/nofp/libg.a(libc_a-memset.o)
                              CMakeFiles/stm32_template.dir/main.c.o (memset)
/usr/lib/gcc/arm-none-eabi/13.2.1/../../../arm-none-eabi/lib/thumb/v7-m/nofp/libg.a(libc_a-memcpy.o)
                              lib/libfreertos_kernel.a(queue.c.o) (memcpy)

Discarded input sections

 .group         0x00000000        0xc CMakeFiles/stm32_template.dir/main.c.o
 .group         0x00000000        0xc CMakeFiles/stm32_template.dir/main.c.o
 .group         0x00000000        0xc CMakeFiles/stm32_template.dir/main.c.o
 .group         0x00000000        0xc CMakeFiles/stm32_template.dir/main.c.o
 .group         0x00000000        0xc CMakeFiles/stm32_template.dir/main.c.o
 .group         0x00000000        0xc CMakeFiles/stm32_template.dir/main.c.o
 .group         0x00000000        0xc CMakeFiles/stm32_template.dir/main.c.o
 .group         0x00000000        0xc CMakeFiles/stm32_template.dir/main.c.o
 .group         0x00000000        0xc CMakeFiles/stm32_template.dir/main.c.o
 .group         0x00000000        0xc CMakeFiles/stm32_template.dir/main.c.o
 .group         0x00000000        0xc CMakeFiles/stm32_template.dir/main.c.o
 .group         0x00000000        0xc CMakeFiles/stm32_template.dir/main.c.o
 .group         0x00000000        0xc CMakeFiles/stm32_template.dir/main.c.o
[...]
Memory Configuration

Name             Origin             Length             Attributes
rom              0x08000000         0x00020000         xr
ram              0x20000000         0x00005000         xrw
*default*        0x00000000         0xffffffff

Linker script and memory map


.text           0x08000000     0x2dbc
 *(.vectors)
 .vectors       0x08000000      0x150 /home/lot/progmk/STM32103_m/libs/libopencm3/lib/libopencm3_stm32f1.a(vector.o)
                0x08000000                vector_table
 *(.text*)
 .text.hard_fault_handler
                0x08000150        0x6 CMakeFiles/stm32_template.dir/main.c.o
                0x08000150                hard_fault_handler
 .text.delay_us
                0x08000156       0x2c CMakeFiles/stm32_template.dir/main.c.o
                0x08000156                delay_us
 *fill*         0x08000182        0x2 
 .text.usart_print
                0x08000184       0x38 CMakeFiles/stm32_template.dir/main.c.o
                0x08000184                usart_print
 .text.uint16tohex
                0x080001bc       0x64 CMakeFiles/stm32_template.dir/main.c.o
                0x080001bc                uint16tohex
 .text.init_uart
                0x08000220       0x5c CMakeFiles/stm32_template.dir/main.c.o
                0x08000220                init_uart
 .text.adc1_2_isr
                0x0800027c       0x7c CMakeFiles/stm32_template.dir/main.c.o
                0x0800027c                adc1_2_isr
 .text.adc_task
                0x080002f8      0x204 CMakeFiles/stm32_template.dir/main.c.o
                0x080002f8                adc_task
 .text.taskBlink
                0x080004fc       0x38 CMakeFiles/stm32_template.dir/main.c.o
                0x080004fc                taskBlink
 .text.main     0x08000534       0x58 CMakeFiles/stm32_template.dir/main.c.o
                0x08000534                main
 .text.adc_power_on
                0x0800058c       0x10 /home/lot/progmk/STM32103_m/libs/libopencm3/lib/libopencm3_stm32f1.a(adc.o)
                0x0800058c                adc_power_on
 .text.adc_enable_external_trigger_regular
                0x0800059c       0x14 /home/lot/progmk/STM32103_m/libs/libopencm3/lib/libopencm3_stm32f1.a(adc.o)
                0x0800059c                adc_enable_external_trigger_regular
 .text.adc_reset_calibration
                0x080005b0       0x14 /home/lot/progmk/STM32103_m/libs/libopencm3/lib/libopencm3_stm32f1.a(adc.o)
                0x080005b0                adc_reset_calibration
 .text.adc_calibrate_async
                0x080005c4        0xa /home/lot/progmk/STM32103_m/libs/libopencm3/lib/libopencm3_stm32f1.a(adc.o)
                0x080005c4                adc_calibrate_async
 .text.adc_is_calibrating
                0x080005ce        0x8 /home/lot/progmk/STM32103_m/libs/libopencm3/lib/libopencm3_stm32f1.a(adc.o)
                0x080005ce                adc_is_calibrating
 .text.adc_set_sample_time
                0x080005d6       0x34 /home/lot/progmk/STM32103_m/libs/libopencm3/lib/libopencm3_stm32f1.a(adc.o)
                0x080005d6                adc_set_sample_time
 .text.adc_power_off
                0x0800060a        0xa /home/lot/progmk/STM32103_m/libs/libopencm3/lib/libopencm3_stm32f1.a(adc_common_v1.o)
                0x0800060a                adc_power_off
 .text.adc_enable_eoc_interrupt
                0x08000614        0xa /home/lot/progmk/STM32103_m/libs/libopencm3/lib/libopencm3_stm32f1.a(adc_common_v1.o)
                0x08000614                adc_enable_eoc_interrupt
 .text.adc_eoc  0x0800061e        0x8 /home/lot/progmk/STM32103_m/libs/libopencm3/lib/libopencm3_stm32f1.a(adc_common_v1.o)
                0x0800061e                adc_eoc
 .text.adc_read_regular
                0x08000626        0x4 /home/lot/progmk/STM32103_m/libs/libopencm3/lib/libopencm3_stm32f1.a(adc_common_v1.o)
                0x08000626                adc_read_regular
 .text.adc_set_regular_sequence
                0x0800062a       0x5c /home/lot/progmk/STM32103_m/libs/libopencm3/lib/libopencm3_stm32f1.a(adc_common_v1.o)
                0x0800062a                adc_set_regular_sequence
 .text.adc_start_conversion_regular
                0x08000686       0x14 /home/lot/progmk/STM32103_m/libs/libopencm3/lib/libopencm3_stm32f1.a(adc_common_v1.o)
                0x08000686                adc_start_conversion_regular
 .text.gpio_set_mode
                0x0800069a       0x5e /home/lot/progmk/STM32103_m/libs/libopencm3/lib/libopencm3_stm32f1.a(gpio.o)
                0x0800069a                gpio_set_mode
 .text.gpio_toggle
                0x080006f8       0x12 /home/lot/progmk/STM32103_m/libs/libopencm3/lib/libopencm3_stm32f1.a(gpio_common_all.o)
                0x080006f8                gpio_toggle
 *fill*         0x0800070a        0x2 
 .text.rcc_is_osc_ready
                0x0800070c       0x58 /home/lot/progmk/STM32103_m/libs/libopencm3/lib/libopencm3_stm32f1.a(rcc.o)
                0x0800070c                rcc_is_osc_ready
 .text.rcc_wait_for_osc_ready
                0x08000764       0x10 /home/lot/progmk/STM32103_m/libs/libopencm3/lib/libopencm3_stm32f1.a(rcc.o)
                0x08000764                rcc_wait_for_osc_ready
 .text.rcc_osc_on
                0x08000774       0x60 /home/lot/progmk/STM32103_m/libs/libopencm3/lib/libopencm3_stm32f1.a(rcc.o)
                0x08000774                rcc_osc_on
 .text.rcc_set_sysclk_source
                0x080007d4       0x14 /home/lot/progmk/STM32103_m/libs/libopencm3/lib/libopencm3_stm32f1.a(rcc.o)
                0x080007d4                rcc_set_sysclk_source
 .text.rcc_set_pll_multiplication_factor
                0x080007e8       0x14 /home/lot/progmk/STM32103_m/libs/libopencm3/lib/libopencm3_stm32f1.a(rcc.o)
                0x080007e8                rcc_set_pll_multiplication_factor
 .text.rcc_set_pll2_multiplication_factor
                0x080007fc       0x14 /home/lot/progmk/STM32103_m/libs/libopencm3/lib/libopencm3_stm32f1.a(rcc.o)
                0x080007fc                rcc_set_pll2_multiplication_factor
 .text.rcc_set_pll3_multiplication_factor
                0x08000810       0x14 /home/lot/progmk/STM32103_m/libs/libopencm3/lib/libopencm3_stm32f1.a(rcc.o)
                0x08000810                rcc_set_pll3_multiplication_factor
 .text.rcc_set_pll_source
                0x08000824       0x14 /home/lot/progmk/STM32103_m/libs/libopencm3/lib/libopencm3_stm32f1.a(rcc.o)
                0x08000824                rcc_set_pll_source
 .text.rcc_set_pllxtpre
                0x08000838       0x14 /home/lot/progmk/STM32103_m/libs/libopencm3/lib/libopencm3_stm32f1.a(rcc.o)
                0x08000838                rcc_set_pllxtpre
 .text.rcc_set_adcpre
                0x0800084c       0x14 /home/lot/progmk/STM32103_m/libs/libopencm3/lib/libopencm3_stm32f1.a(rcc.o)
                0x0800084c                rcc_set_adcpre
 .text.rcc_set_ppre2
                0x08000860       0x14 /home/lot/progmk/STM32103_m/libs/libopencm3/lib/libopencm3_stm32f1.a(rcc.o)
                0x08000860                rcc_set_ppre2
 .text.rcc_set_ppre1
                0x08000874       0x14 /home/lot/progmk/STM32103_m/libs/libopencm3/lib/libopencm3_stm32f1.a(rcc.o)
                0x08000874                rcc_set_ppre1
 .text.rcc_set_hpre
                0x08000888       0x14 /home/lot/progmk/STM32103_m/libs/libopencm3/lib/libopencm3_stm32f1.a(rcc.o)
                0x08000888                rcc_set_hpre
 .text.rcc_set_usbpre
                0x0800089c       0x18 /home/lot/progmk/STM32103_m/libs/libopencm3/lib/libopencm3_stm32f1.a(rcc.o)
                0x0800089c                rcc_set_usbpre
 .text.rcc_set_prediv1
                0x080008b4       0x14 /home/lot/progmk/STM32103_m/libs/libopencm3/lib/libopencm3_stm32f1.a(rcc.o)
                0x080008b4                rcc_set_prediv1
 .text.rcc_set_prediv2
                0x080008c8       0x14 /home/lot/progmk/STM32103_m/libs/libopencm3/lib/libopencm3_stm32f1.a(rcc.o)
                0x080008c8                rcc_set_prediv2
 .text.rcc_set_prediv1_source
                0x080008dc       0x18 /home/lot/progmk/STM32103_m/libs/libopencm3/lib/libopencm3_stm32f1.a(rcc.o)
                0x080008dc                rcc_set_prediv1_source
 .text.rcc_clock_setup_pll
                0x080008f4       0xbc /home/lot/progmk/STM32103_m/libs/libopencm3/lib/libopencm3_stm32f1.a(rcc.o)
                0x080008f4                rcc_clock_setup_pll
 .text.rcc_get_usart_clk_freq
                0x080009b0       0x1c /home/lot/progmk/STM32103_m/libs/libopencm3/lib/libopencm3_stm32f1.a(rcc.o)
                0x080009b0                rcc_get_usart_clk_freq
 .text.rcc_periph_clock_enable
                0x080009cc       0x1a /home/lot/progmk/STM32103_m/libs/libopencm3/lib/libopencm3_stm32f1.a(rcc_common_all.o)
                0x080009cc                rcc_periph_clock_enable
 .text.rcc_periph_reset_pulse
                0x080009e6       0x22 /home/lot/progmk/STM32103_m/libs/libopencm3/lib/libopencm3_stm32f1.a(rcc_common_all.o)
                0x080009e6                rcc_periph_reset_pulse
 .text.timer_enable_irq
                0x08000a08        0x8 /home/lot/progmk/STM32103_m/libs/libopencm3/lib/libopencm3_stm32f1.a(timer_common_all.o)
                0x08000a08                timer_enable_irq
 .text.timer_set_mode
                0x08000a10       0x12 /home/lot/progmk/STM32103_m/libs/libopencm3/lib/libopencm3_stm32f1.a(timer_common_all.o)
                0x08000a10                timer_set_mode
 .text.timer_disable_preload
                0x08000a22        0xa /home/lot/progmk/STM32103_m/libs/libopencm3/lib/libopencm3_stm32f1.a(timer_common_all.o)
                0x08000a22                timer_disable_preload
 .text.timer_enable_counter
                0x08000a2c        0xa /home/lot/progmk/STM32103_m/libs/libopencm3/lib/libopencm3_stm32f1.a(timer_common_all.o)
                0x08000a2c                timer_enable_counter
 .text.timer_set_prescaler
                0x08000a36        0x4 /home/lot/progmk/STM32103_m/libs/libopencm3/lib/libopencm3_stm32f1.a(timer_common_all.o)
                0x08000a36                timer_set_prescaler
 .text.timer_set_period
                0x08000a3a        0x4 /home/lot/progmk/STM32103_m/libs/libopencm3/lib/libopencm3_stm32f1.a(timer_common_all.o)
                0x08000a3a                timer_set_period
 .text.timer_set_oc_mode
                0x08000a3e      0x18c /home/lot/progmk/STM32103_m/libs/libopencm3/lib/libopencm3_stm32f1.a(timer_common_all.o)
                0x08000a3e                timer_set_oc_mode
 .text.timer_enable_oc_output
                0x08000bca       0x4a /home/lot/progmk/STM32103_m/libs/libopencm3/lib/libopencm3_stm32f1.a(timer_common_all.o)
                0x08000bca                timer_enable_oc_output
 .text.usart_set_baudrate
                0x08000c14       0x16 /home/lot/progmk/STM32103_m/libs/libopencm3/lib/libopencm3_stm32f1.a(usart_common_all.o)
                0x08000c14                usart_set_baudrate
 .text.usart_set_stopbits
                0x08000c2a        0xc /home/lot/progmk/STM32103_m/libs/libopencm3/lib/libopencm3_stm32f1.a(usart_common_all.o)
                0x08000c2a                usart_set_stopbits
 .text.usart_set_mode
                0x08000c36        0xc /home/lot/progmk/STM32103_m/libs/libopencm3/lib/libopencm3_stm32f1.a(usart_common_all.o)
                0x08000c36                usart_set_mode
 .text.usart_enable
                0x08000c42        0xa /home/lot/progmk/STM32103_m/libs/libopencm3/lib/libopencm3_stm32f1.a(usart_common_all.o)
                0x08000c42                usart_enable
 .text.usart_send_blocking
                0x08000c4c       0x16 /home/lot/progmk/STM32103_m/libs/libopencm3/lib/libopencm3_stm32f1.a(usart_common_all.o)
                0x08000c4c                usart_send_blocking
 .text.usart_send
                0x08000c62        0x8 /home/lot/progmk/STM32103_m/libs/libopencm3/lib/libopencm3_stm32f1.a(usart_common_f124.o)
                0x08000c62                usart_send
 .text.usart_wait_send_ready
                0x08000c6a        0x8 /home/lot/progmk/STM32103_m/libs/libopencm3/lib/libopencm3_stm32f1.a(usart_common_f124.o)
                0x08000c6a                usart_wait_send_ready
 .text.blocking_handler
                0x08000c72        0x2 /home/lot/progmk/STM32103_m/libs/libopencm3/lib/libopencm3_stm32f1.a(vector.o)
                0x08000c72                usart3_isr
                0x08000c72                rtc_isr
                0x08000c72                tim7_isr
                0x08000c72                tim1_trg_com_isr
                0x08000c72                usb_hp_can_tx_isr
                0x08000c72                tim6_isr
                0x08000c72                usb_wakeup_isr
                0x08000c72                blocking_handler
                0x08000c72                tim5_isr
                0x08000c72                otg_fs_isr
                0x08000c72                spi1_isr
                0x08000c72                exti2_isr
                0x08000c72                dma1_channel6_isr
                0x08000c72                can_rx1_isr
                0x08000c72                dma1_channel5_isr
                0x08000c72                dma2_channel5_isr
                0x08000c72                usart1_isr
                0x08000c72                usage_fault_handler
                0x08000c72                tim8_trg_com_isr
                0x08000c72                can2_rx0_isr
                0x08000c72                tim1_brk_isr
                0x08000c72                can2_rx1_isr
                0x08000c72                tim1_cc_isr
                0x08000c72                sdio_isr
                0x08000c72                eth_isr
                0x08000c72                dma1_channel4_isr
                0x08000c72                tim8_brk_isr
                0x08000c72                dma2_channel4_5_isr
                0x08000c72                pvd_isr
                0x08000c72                rcc_isr
                0x08000c72                flash_isr
                0x08000c72                uart4_isr
                0x08000c72                rtc_alarm_isr
                0x08000c72                exti15_10_isr
                0x08000c72                exti1_isr
                0x08000c72                i2c1_ev_isr
                0x08000c72                dma2_channel1_isr
                0x08000c72                spi2_isr
                0x08000c72                tim8_up_isr
                0x08000c72                dma2_channel2_isr
                0x08000c72                exti3_isr
                0x08000c72                adc3_isr
                0x08000c72                tim3_isr
                0x08000c72                usart2_isr
                0x08000c72                usb_lp_can_rx0_isr
                0x08000c72                i2c2_er_isr
                0x08000c72                i2c2_ev_isr
                0x08000c72                uart5_isr
                0x08000c72                fsmc_isr
                0x08000c72                dma1_channel1_isr
                0x08000c72                exti4_isr
                0x08000c72                mem_manage_handler
                0x08000c72                can2_tx_isr
                0x08000c72                exti9_5_isr
                0x08000c72                dma2_channel3_isr
                0x08000c72                dma1_channel7_isr
                0x08000c72                tim1_up_isr
                0x08000c72                can2_sce_isr
                0x08000c72                tim4_isr
                0x08000c72                dma1_channel2_isr
                0x08000c72                i2c1_er_isr
                0x08000c72                can_sce_isr
                0x08000c72                tim8_cc_isr
                0x08000c72                tamper_isr
                0x08000c72                eth_wkup_isr
                0x08000c72                bus_fault_handler
                0x08000c72                wwdg_isr
                0x08000c72                dma1_channel3_isr
                0x08000c72                spi3_isr
                0x08000c72                tim2_isr
                0x08000c72                exti0_isr
 .text.null_handler
                0x08000c74        0x2 /home/lot/progmk/STM32103_m/libs/libopencm3/lib/libopencm3_stm32f1.a(vector.o)
                0x08000c74                null_handler
                0x08000c74                debug_monitor_handler
                0x08000c74                nmi_handler
 *fill*         0x08000c76        0x2 
 .text.reset_handler
                0x08000c78       0x94 /home/lot/progmk/STM32103_m/libs/libopencm3/lib/libopencm3_stm32f1.a(vector.o)
                0x08000c78                reset_handler
 .text.nvic_enable_irq
                0x08000d0c       0x18 /home/lot/progmk/STM32103_m/libs/libopencm3/lib/libopencm3_stm32f1.a(nvic.o)
                0x08000d0c                nvic_enable_irq
 .text.nvic_set_priority
                0x08000d24       0x20 /home/lot/progmk/STM32103_m/libs/libopencm3/lib/libopencm3_stm32f1.a(nvic.o)
                0x08000d24                nvic_set_priority
 .text.flash_set_ws
                0x08000d44       0x14 /home/lot/progmk/STM32103_m/libs/libopencm3/lib/libopencm3_stm32f1.a(flash_common_all.o)
                0x08000d44                flash_set_ws
 .text.prvCreateTask
                0x08000d58       0x78 lib/libfreertos_kernel.a(tasks.c.o)
 .text.xTaskCreate
                0x08000dd0       0x46 lib/libfreertos_kernel.a(tasks.c.o)
                0x08000dd0                xTaskCreate
 .text.prvInitialiseNewTask
                0x08000e16       0xce lib/libfreertos_kernel.a(tasks.c.o)
 .text.prvAddNewTaskToReadyList
                0x08000ee4      0x128 lib/libfreertos_kernel.a(tasks.c.o)
 .text.vTaskDelay
                0x0800100c       0x48 lib/libfreertos_kernel.a(tasks.c.o)
                0x0800100c                vTaskDelay
 .text.prvCreateIdleTasks
                0x08001054       0x98 lib/libfreertos_kernel.a(tasks.c.o)
 .text.vTaskStartScheduler
                0x080010ec       0x68 lib/libfreertos_kernel.a(tasks.c.o)
                0x080010ec                vTaskStartScheduler
 .text.vTaskSuspendAll
                0x08001154       0x1c lib/libfreertos_kernel.a(tasks.c.o)
                0x08001154                vTaskSuspendAll
 .text.xTaskResumeAll
                0x08001170      0x1f0 lib/libfreertos_kernel.a(tasks.c.o)
                0x08001170                xTaskResumeAll
 .text.xTaskGetTickCount
                0x08001360       0x1c lib/libfreertos_kernel.a(tasks.c.o)
                0x08001360                xTaskGetTickCount
 .text.xTaskIncrementTick
                0x0800137c      0x210 lib/libfreertos_kernel.a(tasks.c.o)
                0x0800137c                xTaskIncrementTick
 .text.vTaskSwitchContext
                0x0800158c       0x8c lib/libfreertos_kernel.a(tasks.c.o)
                0x0800158c                vTaskSwitchContext
 .text.vTaskPlaceOnEventList
                0x08001618       0x2c lib/libfreertos_kernel.a(tasks.c.o)
                0x08001618                vTaskPlaceOnEventList
 .text.vTaskPlaceOnEventListRestricted
                0x08001644       0x70 lib/libfreertos_kernel.a(tasks.c.o)
                0x08001644                vTaskPlaceOnEventListRestricted
 .text.xTaskRemoveFromEventList
                0x080016b4      0x194 lib/libfreertos_kernel.a(tasks.c.o)
                0x080016b4                xTaskRemoveFromEventList
 .text.vTaskInternalSetTimeOutState
                0x08001848       0x2c lib/libfreertos_kernel.a(tasks.c.o)
                0x08001848                vTaskInternalSetTimeOutState
 .text.xTaskCheckForTimeOut
                0x08001874       0x94 lib/libfreertos_kernel.a(tasks.c.o)
                0x08001874                xTaskCheckForTimeOut
 .text.vTaskMissedYield
                0x08001908       0x18 lib/libfreertos_kernel.a(tasks.c.o)
                0x08001908                vTaskMissedYield
 .text.prvIdleTask
                0x08001920       0x30 lib/libfreertos_kernel.a(tasks.c.o)
 .text.prvInitialiseTaskLists
                0x08001950       0x80 lib/libfreertos_kernel.a(tasks.c.o)
 .text.prvCheckTasksWaitingTermination
                0x080019d0       0x5c lib/libfreertos_kernel.a(tasks.c.o)
 .text.prvDeleteTCB
                0x08001a2c       0x20 lib/libfreertos_kernel.a(tasks.c.o)
 .text.prvResetNextTaskUnblockTime
                0x08001a4c       0x34 lib/libfreertos_kernel.a(tasks.c.o)
 .text.prvAddCurrentTaskToDelayedList
                0x08001a80      0x104 lib/libfreertos_kernel.a(tasks.c.o)
 .text.vListInitialise
                0x08001b84       0x3e lib/libfreertos_kernel.a(list.c.o)
                0x08001b84                vListInitialise
 .text.vListInitialiseItem
                0x08001bc2       0x18 lib/libfreertos_kernel.a(list.c.o)
                0x08001bc2                vListInitialiseItem
 .text.vListInsert
                0x08001bda       0x70 lib/libfreertos_kernel.a(list.c.o)
                0x08001bda                vListInsert
 .text.uxListRemove
                0x08001c4a       0x52 lib/libfreertos_kernel.a(list.c.o)
                0x08001c4a                uxListRemove
 .text.pxPortInitialiseStack
                0x08001c9c       0x58 lib/libfreertos_kernel.a(port.c.o)
                0x08001c9c                pxPortInitialiseStack
 .text.prvTaskExitError
                0x08001cf4       0x32 lib/libfreertos_kernel.a(port.c.o)
 *fill*         0x08001d26        0xa 
 .text.sv_call_handler
                0x08001d30       0x28 lib/libfreertos_kernel.a(port.c.o)
                0x08001d30                sv_call_handler
 .text.prvPortStartFirstTask
                0x08001d58       0x24 lib/libfreertos_kernel.a(port.c.o)
 .text.xPortStartScheduler
                0x08001d7c       0x5c lib/libfreertos_kernel.a(port.c.o)
                0x08001d7c                xPortStartScheduler
 .text.vPortEnterCritical
                0x08001dd8       0x34 lib/libfreertos_kernel.a(port.c.o)
                0x08001dd8                vPortEnterCritical
 .text.vPortExitCritical
                0x08001e0c       0x34 lib/libfreertos_kernel.a(port.c.o)
                0x08001e0c                vPortExitCritical
 .text.pend_sv_handler
                0x08001e40       0x48 lib/libfreertos_kernel.a(port.c.o)
                0x08001e40                pend_sv_handler
 .text.sys_tick_handler
                0x08001e88       0x44 lib/libfreertos_kernel.a(port.c.o)
                0x08001e88                sys_tick_handler
 .text.vPortSetupTimerInterrupt
                0x08001ecc       0x34 lib/libfreertos_kernel.a(port.c.o)
                0x08001ecc                vPortSetupTimerInterrupt
 .text.pvPortMalloc
                0x08001f00      0x15c lib/libfreertos_kernel.a(heap_4.c.o)
                0x08001f00                pvPortMalloc
 .text.vPortFree
                0x0800205c       0x74 lib/libfreertos_kernel.a(heap_4.c.o)
                0x0800205c                vPortFree
 .text.prvHeapInit
                0x080020d0       0xb4 lib/libfreertos_kernel.a(heap_4.c.o)
 .text.prvInsertBlockIntoFreeList
                0x08002184       0xb0 lib/libfreertos_kernel.a(heap_4.c.o)
 .text.xTimerCreateTimerTask
                0x08002234       0x48 lib/libfreertos_kernel.a(timers.c.o)
                0x08002234                xTimerCreateTimerTask
 .text.prvReloadTimer
                0x0800227c       0x42 lib/libfreertos_kernel.a(timers.c.o)
 *fill*         0x080022be        0x2 
 .text.prvProcessExpiredTimer
                0x080022c0       0x60 lib/libfreertos_kernel.a(timers.c.o)
 .text.prvTimerTask
                0x08002320       0x24 lib/libfreertos_kernel.a(timers.c.o)
 .text.prvProcessTimerOrBlockTask
                0x08002344       0x9c lib/libfreertos_kernel.a(timers.c.o)
 .text.prvGetNextExpireTime
                0x080023e0       0x44 lib/libfreertos_kernel.a(timers.c.o)
 .text.prvSampleTimeNow
                0x08002424       0x40 lib/libfreertos_kernel.a(timers.c.o)
 .text.prvInsertTimerInActiveList
                0x08002464       0x84 lib/libfreertos_kernel.a(timers.c.o)
 .text.prvProcessReceivedCommands
                0x080024e8      0x164 lib/libfreertos_kernel.a(timers.c.o)
 .text.prvSwitchTimerLists
                0x0800264c       0x4c lib/libfreertos_kernel.a(timers.c.o)
 .text.prvCheckForValidListAndQueue
                0x08002698       0x54 lib/libfreertos_kernel.a(timers.c.o)
 .text.xQueueGenericReset
                0x080026ec       0xe8 lib/libfreertos_kernel.a(queue.c.o)
                0x080026ec                xQueueGenericReset
 .text.xQueueGenericCreate
                0x080027d4       0x7e lib/libfreertos_kernel.a(queue.c.o)
                0x080027d4                xQueueGenericCreate
 .text.prvInitialiseNewQueue
                0x08002852       0x3e lib/libfreertos_kernel.a(queue.c.o)
 .text.xQueueReceive
                0x08002890      0x144 lib/libfreertos_kernel.a(queue.c.o)
                0x08002890                xQueueReceive
 .text.prvCopyDataFromQueue
                0x080029d4       0x4c lib/libfreertos_kernel.a(queue.c.o)
 .text.prvUnlockQueue
                0x08002a20       0xa4 lib/libfreertos_kernel.a(queue.c.o)
 .text.prvIsQueueEmpty
                0x08002ac4       0x2c lib/libfreertos_kernel.a(queue.c.o)
 .text.vQueueWaitForMessageRestricted
                0x08002af0       0x68 lib/libfreertos_kernel.a(queue.c.o)
                0x08002af0                vQueueWaitForMessageRestricted
 .text          0x08002b58       0xa0 /usr/lib/gcc/arm-none-eabi/13.2.1/../../../arm-none-eabi/lib/thumb/v7-m/nofp/libg.a(libc_a-memset.o)
                0x08002b58                memset
 .text          0x08002bf8       0xec /usr/lib/gcc/arm-none-eabi/13.2.1/../../../arm-none-eabi/lib/thumb/v7-m/nofp/libg.a(libc_a-memcpy.o)
                0x08002bf8                memcpy
                0x08002ce4                        . = ALIGN (0x4)
 *(.rodata*)
 .rodata        0x08002ce4       0x38 CMakeFiles/stm32_template.dir/main.c.o
 .rodata.rcc_hse_configs
                0x08002d1c       0x8c /home/lot/progmk/STM32103_m/libs/libopencm3/lib/libopencm3_stm32f1.a(rcc.o)
                0x08002d1c                rcc_hse_configs
 .rodata.uxTopUsedPriority
                0x08002da8        0x4 lib/libfreertos_kernel.a(tasks.c.o)
 .rodata        0x08002dac        0x5 lib/libfreertos_kernel.a(tasks.c.o)
 *fill*         0x08002db1        0x3 
 .rodata        0x08002db4        0x8 lib/libfreertos_kernel.a(timers.c.o)
                0x08002dbc                        . = ALIGN (0x4)

.glue_7         0x08002dbc        0x0
 .glue_7        0x08002dbc        0x0 linker stubs

.glue_7t        0x08002dbc        0x0
 .glue_7t       0x08002dbc        0x0 linker stubs

.vfp11_veneer   0x08002dbc        0x0
 .vfp11_veneer  0x08002dbc        0x0 linker stubs

.v4_bx          0x08002dbc        0x0
 .v4_bx         0x08002dbc        0x0 linker stubs

.iplt           0x08002dbc        0x0
 .iplt          0x08002dbc        0x0 CMakeFiles/stm32_template.dir/main.c.o

.preinit_array  0x08002dbc        0x0
                0x08002dbc                        . = ALIGN (0x4)
                0x08002dbc                        __preinit_array_start = .
 *(.preinit_array)
                0x08002dbc                        __preinit_array_end = .

.init_array     0x08002dbc        0x0
                0x08002dbc                        . = ALIGN (0x4)
                0x08002dbc                        __init_array_start = .
 *(SORT_BY_NAME(.init_array.*))
 *(.init_array)
                0x08002dbc                        __init_array_end = .

.fini_array     0x08002dbc        0x0
                0x08002dbc                        . = ALIGN (0x4)
                0x08002dbc                        __fini_array_start = .
 *(.fini_array)
 *(SORT_BY_NAME(.fini_array.*))
                0x08002dbc                        __fini_array_end = .

.ARM.extab
 *(.ARM.extab*)

.ARM.exidx      0x08002dbc        0x8
                0x08002dbc                        __exidx_start = .
 *(.ARM.exidx*)
 .ARM.exidx     0x08002dbc        0x8 /usr/lib/gcc/arm-none-eabi/13.2.1/../../../arm-none-eabi/lib/thumb/v7-m/nofp/libg.a(libc_a-memcpy.o)
                0x08002dc4                        __exidx_end = .

.rel.dyn        0x08002dc4        0x0
 .rel.iplt      0x08002dc4        0x0 CMakeFiles/stm32_template.dir/main.c.o
                0x08002dc4                        . = ALIGN (0x4)
                0x08002dc4                        _etext = .

.noinit
 *(.noinit*)
                0x08002dc4                        . = ALIGN (0x4)

.data           0x20000000       0x10 load address 0x08002dc4
                0x20000000                        _data = .
 *(.data*)
 .data.rcc_ahb_frequency
                0x20000000        0x4 /home/lot/progmk/STM32103_m/libs/libopencm3/lib/libopencm3_stm32f1.a(rcc.o)
                0x20000000                rcc_ahb_frequency
 .data.rcc_apb2_frequency
                0x20000004        0x4 /home/lot/progmk/STM32103_m/libs/libopencm3/lib/libopencm3_stm32f1.a(rcc.o)
                0x20000004                rcc_apb2_frequency
 .data.rcc_apb1_frequency
                0x20000008        0x4 /home/lot/progmk/STM32103_m/libs/libopencm3/lib/libopencm3_stm32f1.a(rcc.o)
                0x20000008                rcc_apb1_frequency
 .data.uxCriticalNesting
                0x2000000c        0x4 lib/libfreertos_kernel.a(port.c.o)
 *(.ramtext*)
                0x20000010                        . = ALIGN (0x4)
                0x20000010                        _edata = .
                0x08002dc4                        _data_loadaddr = LOADADDR (.data)

.igot.plt       0x20000010        0x0 load address 0x08002dd4
 .igot.plt      0x20000010        0x0 CMakeFiles/stm32_template.dir/main.c.o

.bss            0x20000010     0x2d60 load address 0x08002dd4
 *(.bss*)
 .bss.ADCBuffer
                0x20000010      0x800 CMakeFiles/stm32_template.dir/main.c.o
 .bss.ADCBufPos
                0x20000810        0x2 CMakeFiles/stm32_template.dir/main.c.o
 .bss.Complete  0x20000812        0x1 CMakeFiles/stm32_template.dir/main.c.o
 *fill*         0x20000813        0x1 
 .bss.pxCurrentTCB
                0x20000814        0x4 lib/libfreertos_kernel.a(tasks.c.o)
                0x20000814                pxCurrentTCB
 .bss.pxReadyTasksLists
                0x20000818       0x64 lib/libfreertos_kernel.a(tasks.c.o)
 .bss.xDelayedTaskList1
                0x2000087c       0x14 lib/libfreertos_kernel.a(tasks.c.o)
 .bss.xDelayedTaskList2
                0x20000890       0x14 lib/libfreertos_kernel.a(tasks.c.o)
 .bss.pxDelayedTaskList
                0x200008a4        0x4 lib/libfreertos_kernel.a(tasks.c.o)
 .bss.pxOverflowDelayedTaskList
                0x200008a8        0x4 lib/libfreertos_kernel.a(tasks.c.o)
 .bss.xPendingReadyList
                0x200008ac       0x14 lib/libfreertos_kernel.a(tasks.c.o)
 .bss.xTasksWaitingTermination
                0x200008c0       0x14 lib/libfreertos_kernel.a(tasks.c.o)
 .bss.uxDeletedTasksWaitingCleanUp
                0x200008d4        0x4 lib/libfreertos_kernel.a(tasks.c.o)
 .bss.xSuspendedTaskList
                0x200008d8       0x14 lib/libfreertos_kernel.a(tasks.c.o)
 .bss.uxCurrentNumberOfTasks
                0x200008ec        0x4 lib/libfreertos_kernel.a(tasks.c.o)
 .bss.xTickCount
                0x200008f0        0x4 lib/libfreertos_kernel.a(tasks.c.o)
 .bss.uxTopReadyPriority
                0x200008f4        0x4 lib/libfreertos_kernel.a(tasks.c.o)
 .bss.xSchedulerRunning
                0x200008f8        0x4 lib/libfreertos_kernel.a(tasks.c.o)
 .bss.xPendedTicks
                0x200008fc        0x4 lib/libfreertos_kernel.a(tasks.c.o)
 .bss.xYieldPendings
                0x20000900        0x4 lib/libfreertos_kernel.a(tasks.c.o)
 .bss.xNumOfOverflows
                0x20000904        0x4 lib/libfreertos_kernel.a(tasks.c.o)
 .bss.uxTaskNumber
                0x20000908        0x4 lib/libfreertos_kernel.a(tasks.c.o)
 .bss.xNextTaskUnblockTime
                0x2000090c        0x4 lib/libfreertos_kernel.a(tasks.c.o)
 .bss.xIdleTaskHandles
                0x20000910        0x4 lib/libfreertos_kernel.a(tasks.c.o)
 .bss.uxSchedulerSuspended
                0x20000914        0x4 lib/libfreertos_kernel.a(tasks.c.o)
 .bss.ucHeap    0x20000918     0x2400 lib/libfreertos_kernel.a(heap_4.c.o)
 .bss.xStart    0x20002d18        0x8 lib/libfreertos_kernel.a(heap_4.c.o)
 .bss.pxEnd     0x20002d20        0x4 lib/libfreertos_kernel.a(heap_4.c.o)
 .bss.xFreeBytesRemaining
                0x20002d24        0x4 lib/libfreertos_kernel.a(heap_4.c.o)
 .bss.xMinimumEverFreeBytesRemaining
                0x20002d28        0x4 lib/libfreertos_kernel.a(heap_4.c.o)
 .bss.xNumberOfSuccessfulAllocations
                0x20002d2c        0x4 lib/libfreertos_kernel.a(heap_4.c.o)
 .bss.xNumberOfSuccessfulFrees
                0x20002d30        0x4 lib/libfreertos_kernel.a(heap_4.c.o)
 .bss.xActiveTimerList1
                0x20002d34       0x14 lib/libfreertos_kernel.a(timers.c.o)
 .bss.xActiveTimerList2
                0x20002d48       0x14 lib/libfreertos_kernel.a(timers.c.o)
 .bss.pxCurrentTimerList
                0x20002d5c        0x4 lib/libfreertos_kernel.a(timers.c.o)
 .bss.pxOverflowTimerList
                0x20002d60        0x4 lib/libfreertos_kernel.a(timers.c.o)
 .bss.xTimerQueue
                0x20002d64        0x4 lib/libfreertos_kernel.a(timers.c.o)
 .bss.xTimerTaskHandle
                0x20002d68        0x4 lib/libfreertos_kernel.a(timers.c.o)
 .bss.xLastTime.0
                0x20002d6c        0x4 lib/libfreertos_kernel.a(timers.c.o)
 *(COMMON)
                0x20002d70                        . = ALIGN (0x4)
                0x20002d70                        _ebss = .

/DISCARD/
 *(.eh_frame)
                0x20002d70                        . = ALIGN (0x4)
                0x20002d70                        end = .
                0x20005000                        PROVIDE (_stack = (ORIGIN (ram) + LENGTH (ram)))
LOAD CMakeFiles/stm32_template.dir/main.c.o
LOAD CMakeFiles/stm32_template.dir/DFT.c.o
LOAD /home/lot/progmk/STM32103_m/libs/libopencm3/lib/libopencm3_stm32f1.a
LOAD lib/libfreertos_kernel.a
START GROUP
LOAD /usr/lib/gcc/arm-none-eabi/13.2.1/thumb/v7-m/nofp/libgcc.a
LOAD /usr/lib/gcc/arm-none-eabi/13.2.1/../../../arm-none-eabi/lib/thumb/v7-m/nofp/libg.a
LOAD /usr/lib/gcc/arm-none-eabi/13.2.1/../../../arm-none-eabi/lib/thumb/v7-m/nofp/libc.a
END GROUP
OUTPUT(build/stm32_template.elf elf32-littlearm)
LOAD linker stubs

.debug_info     0x00000000     0x9704
 .debug_info    0x00000000      0xb9f CMakeFiles/stm32_template.dir/main.c.o
 .debug_info    0x00000b9f      0x37d /home/lot/progmk/STM32103_m/libs/libopencm3/lib/libopencm3_stm32f1.a(adc.o)
 .debug_info    0x00000f1c      0x831 /home/lot/progmk/STM32103_m/libs/libopencm3/lib/libopencm3_stm32f1.a(adc_common_v1.o)
 .debug_info    0x0000174d      0x1d1 /home/lot/progmk/STM32103_m/libs/libopencm3/lib/libopencm3_stm32f1.a(gpio.o)
 .debug_info    0x0000191e      0x23a /home/lot/progmk/STM32103_m/libs/libopencm3/lib/libopencm3_stm32f1.a(gpio_common_all.o)
 .debug_info    0x00001b58     0x14b6 /home/lot/progmk/STM32103_m/libs/libopencm3/lib/libopencm3_stm32f1.a(rcc.o)
 .debug_info    0x0000300e      0x5e6 /home/lot/progmk/STM32103_m/libs/libopencm3/lib/libopencm3_stm32f1.a(rcc_common_all.o)
 .debug_info    0x000035f4      0xfea /home/lot/progmk/STM32103_m/libs/libopencm3/lib/libopencm3_stm32f1.a(timer_common_all.o)
 .debug_info    0x000045de      0x649 /home/lot/progmk/STM32103_m/libs/libopencm3/lib/libopencm3_stm32f1.a(usart_common_all.o)
 .debug_info    0x00004c27      0x176 /home/lot/progmk/STM32103_m/libs/libopencm3/lib/libopencm3_stm32f1.a(usart_common_f124.o)
 .debug_info    0x00004d9d      0x2b8 /home/lot/progmk/STM32103_m/libs/libopencm3/lib/libopencm3_stm32f1.a(vector.o)
 .debug_info    0x00005055      0x212 /home/lot/progmk/STM32103_m/libs/libopencm3/lib/libopencm3_stm32f1.a(nvic.o)
 .debug_info    0x00005267       0xe5 /home/lot/progmk/STM32103_m/libs/libopencm3/lib/libopencm3_stm32f1.a(flash_common_all.o)
 .debug_info    0x0000534c     0x1bb1 lib/libfreertos_kernel.a(tasks.c.o)
 .debug_info    0x00006efd      0x297 lib/libfreertos_kernel.a(list.c.o)
 .debug_info    0x00007194      0x314 lib/libfreertos_kernel.a(port.c.o)
 .debug_info    0x000074a8      0x48a lib/libfreertos_kernel.a(heap_4.c.o)
 .debug_info    0x00007932      0xcaa lib/libfreertos_kernel.a(timers.c.o)
 .debug_info    0x000085dc      0xfc0 lib/libfreertos_kernel.a(queue.c.o)
 .debug_info    0x0000959c      0x135 /usr/lib/gcc/arm-none-eabi/13.2.1/../../../arm-none-eabi/lib/thumb/v7-m/nofp/libg.a(libc_a-memset.o)
 .debug_info    0x000096d1       0x33 /usr/lib/gcc/arm-none-eabi/13.2.1/../../../arm-none-eabi/lib/thumb/v7-m/nofp/libg.a(libc_a-memcpy.o)

.debug_abbrev   0x00000000     0x2118
 .debug_abbrev  0x00000000      0x22c CMakeFiles/stm32_template.dir/main.c.o
 .debug_abbrev  0x0000022c      0x196 /home/lot/progmk/STM32103_m/libs/libopencm3/lib/libopencm3_stm32f1.a(adc.o)
 .debug_abbrev  0x000003c2      0x1ac /home/lot/progmk/STM32103_m/libs/libopencm3/lib/libopencm3_stm32f1.a(adc_common_v1.o)
 .debug_abbrev  0x0000056e       0xd3 /home/lot/progmk/STM32103_m/libs/libopencm3/lib/libopencm3_stm32f1.a(gpio.o)
 .debug_abbrev  0x00000641      0x117 /home/lot/progmk/STM32103_m/libs/libopencm3/lib/libopencm3_stm32f1.a(gpio_common_all.o)
 .debug_abbrev  0x00000758      0x2bf /home/lot/progmk/STM32103_m/libs/libopencm3/lib/libopencm3_stm32f1.a(rcc.o)
 .debug_abbrev  0x00000a17      0x186 /home/lot/progmk/STM32103_m/libs/libopencm3/lib/libopencm3_stm32f1.a(rcc_common_all.o)
 .debug_abbrev  0x00000b9d      0x1ad /home/lot/progmk/STM32103_m/libs/libopencm3/lib/libopencm3_stm32f1.a(timer_common_all.o)
 .debug_abbrev  0x00000d4a      0x1ab /home/lot/progmk/STM32103_m/libs/libopencm3/lib/libopencm3_stm32f1.a(usart_common_all.o)
 .debug_abbrev  0x00000ef5       0xb8 /home/lot/progmk/STM32103_m/libs/libopencm3/lib/libopencm3_stm32f1.a(usart_common_f124.o)
 .debug_abbrev  0x00000fad      0x149 /home/lot/progmk/STM32103_m/libs/libopencm3/lib/libopencm3_stm32f1.a(vector.o)
 .debug_abbrev  0x000010f6       0xb7 /home/lot/progmk/STM32103_m/libs/libopencm3/lib/libopencm3_stm32f1.a(nvic.o)
 .debug_abbrev  0x000011ad       0x96 /home/lot/progmk/STM32103_m/libs/libopencm3/lib/libopencm3_stm32f1.a(flash_common_all.o)
 .debug_abbrev  0x00001243      0x391 lib/libfreertos_kernel.a(tasks.c.o)
 .debug_abbrev  0x000015d4       0xee lib/libfreertos_kernel.a(list.c.o)
 .debug_abbrev  0x000016c2      0x236 lib/libfreertos_kernel.a(port.c.o)
 .debug_abbrev  0x000018f8      0x1f5 lib/libfreertos_kernel.a(heap_4.c.o)
 .debug_abbrev  0x00001aed      0x2a1 lib/libfreertos_kernel.a(timers.c.o)
 .debug_abbrev  0x00001d8e      0x2ab lib/libfreertos_kernel.a(queue.c.o)
 .debug_abbrev  0x00002039       0xb7 /usr/lib/gcc/arm-none-eabi/13.2.1/../../../arm-none-eabi/lib/thumb/v7-m/nofp/libg.a(libc_a-memset.o)
 .debug_abbrev  0x000020f0       0x28 /usr/lib/gcc/arm-none-eabi/13.2.1/../../../arm-none-eabi/lib/thumb/v7-m/nofp/libg.a(libc_a-memcpy.o)

.debug_aranges  0x00000000      0xe20
 .debug_aranges
                0x00000000       0x68 CMakeFiles/stm32_template.dir/main.c.o
 .debug_aranges
                0x00000068       0x98 /home/lot/progmk/STM32103_m/libs/libopencm3/lib/libopencm3_stm32f1.a(adc.o)
 .debug_aranges
                0x00000100      0x158 /home/lot/progmk/STM32103_m/libs/libopencm3/lib/libopencm3_stm32f1.a(adc_common_v1.o)
 .debug_aranges
                0x00000258       0x38 /home/lot/progmk/STM32103_m/libs/libopencm3/lib/libopencm3_stm32f1.a(gpio.o)
 .debug_aranges
                0x00000290       0x50 /home/lot/progmk/STM32103_m/libs/libopencm3/lib/libopencm3_stm32f1.a(gpio_common_all.o)
 .debug_aranges
                0x000002e0      0x170 /home/lot/progmk/STM32103_m/libs/libopencm3/lib/libopencm3_stm32f1.a(rcc.o)
 .debug_aranges
                0x00000450       0x80 /home/lot/progmk/STM32103_m/libs/libopencm3/lib/libopencm3_stm32f1.a(rcc_common_all.o)
 .debug_aranges
                0x000004d0      0x278 /home/lot/progmk/STM32103_m/libs/libopencm3/lib/libopencm3_stm32f1.a(timer_common_all.o)
 .debug_aranges
                0x00000748       0xf0 /home/lot/progmk/STM32103_m/libs/libopencm3/lib/libopencm3_stm32f1.a(usart_common_all.o)
 .debug_aranges
                0x00000838       0x40 /home/lot/progmk/STM32103_m/libs/libopencm3/lib/libopencm3_stm32f1.a(usart_common_f124.o)
 .debug_aranges
                0x00000878       0x30 /home/lot/progmk/STM32103_m/libs/libopencm3/lib/libopencm3_stm32f1.a(vector.o)
 .debug_aranges
                0x000008a8       0x60 /home/lot/progmk/STM32103_m/libs/libopencm3/lib/libopencm3_stm32f1.a(nvic.o)
 .debug_aranges
                0x00000908       0x38 /home/lot/progmk/STM32103_m/libs/libopencm3/lib/libopencm3_stm32f1.a(flash_common_all.o)
 .debug_aranges
                0x00000940      0x1c0 lib/libfreertos_kernel.a(tasks.c.o)
 .debug_aranges
                0x00000b00       0x40 lib/libfreertos_kernel.a(list.c.o)
 .debug_aranges
                0x00000b40       0x70 lib/libfreertos_kernel.a(port.c.o)
 .debug_aranges
                0x00000bb0       0x68 lib/libfreertos_kernel.a(heap_4.c.o)
 .debug_aranges
                0x00000c18       0xe8 lib/libfreertos_kernel.a(timers.c.o)
 .debug_aranges
                0x00000d00       0xe0 lib/libfreertos_kernel.a(queue.c.o)
 .debug_aranges
                0x00000de0       0x20 /usr/lib/gcc/arm-none-eabi/13.2.1/../../../arm-none-eabi/lib/thumb/v7-m/nofp/libg.a(libc_a-memset.o)
 .debug_aranges
                0x00000e00       0x20 /usr/lib/gcc/arm-none-eabi/13.2.1/../../../arm-none-eabi/lib/thumb/v7-m/nofp/libg.a(libc_a-memcpy.o)

.debug_rnglists
                0x00000000      0xa94
 .debug_rnglists
                0x00000000       0x4a CMakeFiles/stm32_template.dir/main.c.o
 .debug_rnglists
                0x0000004a       0x6d /home/lot/progmk/STM32103_m/libs/libopencm3/lib/libopencm3_stm32f1.a(adc.o)
 .debug_rnglists
                0x000000b7       0xfd /home/lot/progmk/STM32103_m/libs/libopencm3/lib/libopencm3_stm32f1.a(adc_common_v1.o)
 .debug_rnglists
                0x000001b4       0x25 /home/lot/progmk/STM32103_m/libs/libopencm3/lib/libopencm3_stm32f1.a(gpio.o)
 .debug_rnglists
                0x000001d9       0x37 /home/lot/progmk/STM32103_m/libs/libopencm3/lib/libopencm3_stm32f1.a(gpio_common_all.o)
 .debug_rnglists
                0x00000210      0x160 /home/lot/progmk/STM32103_m/libs/libopencm3/lib/libopencm3_stm32f1.a(rcc.o)
 .debug_rnglists
                0x00000370       0x5b /home/lot/progmk/STM32103_m/libs/libopencm3/lib/libopencm3_stm32f1.a(rcc_common_all.o)
 .debug_rnglists
                0x000003cb      0x1d6 /home/lot/progmk/STM32103_m/libs/libopencm3/lib/libopencm3_stm32f1.a(timer_common_all.o)
 .debug_rnglists
                0x000005a1       0xaf /home/lot/progmk/STM32103_m/libs/libopencm3/lib/libopencm3_stm32f1.a(usart_common_all.o)
 .debug_rnglists
                0x00000650       0x2b /home/lot/progmk/STM32103_m/libs/libopencm3/lib/libopencm3_stm32f1.a(usart_common_f124.o)
 .debug_rnglists
                0x0000067b       0x20 /home/lot/progmk/STM32103_m/libs/libopencm3/lib/libopencm3_stm32f1.a(vector.o)
 .debug_rnglists
                0x0000069b       0x43 /home/lot/progmk/STM32103_m/libs/libopencm3/lib/libopencm3_stm32f1.a(nvic.o)
 .debug_rnglists
                0x000006de       0x25 /home/lot/progmk/STM32103_m/libs/libopencm3/lib/libopencm3_stm32f1.a(flash_common_all.o)
 .debug_rnglists
                0x00000703      0x171 lib/libfreertos_kernel.a(tasks.c.o)
 .debug_rnglists
                0x00000874       0x2b lib/libfreertos_kernel.a(list.c.o)
 .debug_rnglists
                0x0000089f       0x4f lib/libfreertos_kernel.a(port.c.o)
 .debug_rnglists
                0x000008ee       0x4d lib/libfreertos_kernel.a(heap_4.c.o)
 .debug_rnglists
                0x0000093b       0xac lib/libfreertos_kernel.a(timers.c.o)
 .debug_rnglists
                0x000009e7       0xad lib/libfreertos_kernel.a(queue.c.o)

.debug_macro    0x00000000     0x8ce5
 .debug_macro   0x00000000      0x1bc CMakeFiles/stm32_template.dir/main.c.o
 .debug_macro   0x000001bc      0xac0 CMakeFiles/stm32_template.dir/main.c.o
 .debug_macro   0x00000c7c      0x34e CMakeFiles/stm32_template.dir/main.c.o
 .debug_macro   0x00000fca       0x22 CMakeFiles/stm32_template.dir/main.c.o
 .debug_macro   0x00000fec      0x100 CMakeFiles/stm32_template.dir/main.c.o
 .debug_macro   0x000010ec       0x76 CMakeFiles/stm32_template.dir/main.c.o
 .debug_macro   0x00001162      0x1b4 CMakeFiles/stm32_template.dir/main.c.o
 .debug_macro   0x00001316       0x76 CMakeFiles/stm32_template.dir/main.c.o
 .debug_macro   0x0000138c      0xe2e CMakeFiles/stm32_template.dir/main.c.o
 .debug_macro   0x000021ba      0x8c6 CMakeFiles/stm32_template.dir/main.c.o
 .debug_macro   0x00002a80       0x1f CMakeFiles/stm32_template.dir/main.c.o
 .debug_macro   0x00002a9f       0x6f CMakeFiles/stm32_template.dir/main.c.o
 .debug_macro   0x00002b0e       0x6e CMakeFiles/stm32_template.dir/main.c.o
 .debug_macro   0x00002b7c      0x1a2 CMakeFiles/stm32_template.dir/main.c.o
 .debug_macro   0x00002d1e      0x39b CMakeFiles/stm32_template.dir/main.c.o
 .debug_macro   0x000030b9       0xaf CMakeFiles/stm32_template.dir/main.c.o
 .debug_macro   0x00003168      0x19c CMakeFiles/stm32_template.dir/main.c.o
 .debug_macro   0x00003304       0x94 CMakeFiles/stm32_template.dir/main.c.o
 .debug_macro   0x00003398      0x29e CMakeFiles/stm32_template.dir/main.c.o
 .debug_macro   0x00003636      0xf8f CMakeFiles/stm32_template.dir/main.c.o
 .debug_macro   0x000045c5      0x189 CMakeFiles/stm32_template.dir/main.c.o
 .debug_macro   0x0000474e       0x16 CMakeFiles/stm32_template.dir/main.c.o
 .debug_macro   0x00004764       0xd6 CMakeFiles/stm32_template.dir/main.c.o
 .debug_macro   0x0000483a       0x22 CMakeFiles/stm32_template.dir/main.c.o
 .debug_macro   0x0000485c      0x182 CMakeFiles/stm32_template.dir/main.c.o
 .debug_macro   0x000049de       0xe7 CMakeFiles/stm32_template.dir/main.c.o
 .debug_macro   0x00004ac5       0x2e CMakeFiles/stm32_template.dir/main.c.o
 .debug_macro   0x00004af3       0x1f CMakeFiles/stm32_template.dir/main.c.o
 .debug_macro   0x00004b12       0x12 CMakeFiles/stm32_template.dir/main.c.o
 .debug_macro   0x00004b24     0x1127 CMakeFiles/stm32_template.dir/main.c.o
 .debug_macro   0x00005c4b       0xc3 CMakeFiles/stm32_template.dir/main.c.o
 .debug_macro   0x00005d0e      0x14f CMakeFiles/stm32_template.dir/main.c.o
 .debug_macro   0x00005e5d      0x449 CMakeFiles/stm32_template.dir/main.c.o
 .debug_macro   0x000062a6      0x456 CMakeFiles/stm32_template.dir/main.c.o
 .debug_macro   0x000066fc       0x6f /home/lot/progmk/STM32103_m/libs/libopencm3/lib/libopencm3_stm32f1.a(adc.o)
 .debug_macro   0x0000676b      0xac0 /home/lot/progmk/STM32103_m/libs/libopencm3/lib/libopencm3_stm32f1.a(adc.o)
 .debug_macro   0x0000722b       0x1c /home/lot/progmk/STM32103_m/libs/libopencm3/lib/libopencm3_stm32f1.a(adc.o)
 .debug_macro   0x00007247       0xe8 /home/lot/progmk/STM32103_m/libs/libopencm3/lib/libopencm3_stm32f1.a(adc.o)
 .debug_macro   0x0000732f       0x6f /home/lot/progmk/STM32103_m/libs/libopencm3/lib/libopencm3_stm32f1.a(adc_common_v1.o)
 .debug_macro   0x0000739e       0x6f /home/lot/progmk/STM32103_m/libs/libopencm3/lib/libopencm3_stm32f1.a(gpio.o)
 .debug_macro   0x0000740d       0x6f /home/lot/progmk/STM32103_m/libs/libopencm3/lib/libopencm3_stm32f1.a(gpio_common_all.o)
 .debug_macro   0x0000747c       0x9e /home/lot/progmk/STM32103_m/libs/libopencm3/lib/libopencm3_stm32f1.a(rcc.o)
 .debug_macro   0x0000751a       0x16 /home/lot/progmk/STM32103_m/libs/libopencm3/lib/libopencm3_stm32f1.a(rcc.o)
 .debug_macro   0x00007530       0xee /home/lot/progmk/STM32103_m/libs/libopencm3/lib/libopencm3_stm32f1.a(rcc.o)
 .debug_macro   0x0000761e       0x82 /home/lot/progmk/STM32103_m/libs/libopencm3/lib/libopencm3_stm32f1.a(rcc.o)
 .debug_macro   0x000076a0       0x85 /home/lot/progmk/STM32103_m/libs/libopencm3/lib/libopencm3_stm32f1.a(rcc_common_all.o)
 .debug_macro   0x00007725       0x7c /home/lot/progmk/STM32103_m/libs/libopencm3/lib/libopencm3_stm32f1.a(timer_common_all.o)
 .debug_macro   0x000077a1       0x91 /home/lot/progmk/STM32103_m/libs/libopencm3/lib/libopencm3_stm32f1.a(usart_common_all.o)
 .debug_macro   0x00007832       0x91 /home/lot/progmk/STM32103_m/libs/libopencm3/lib/libopencm3_stm32f1.a(usart_common_f124.o)
 .debug_macro   0x000078c3       0x86 /home/lot/progmk/STM32103_m/libs/libopencm3/lib/libopencm3_stm32f1.a(vector.o)
 .debug_macro   0x00007949      0x395 /home/lot/progmk/STM32103_m/libs/libopencm3/lib/libopencm3_stm32f1.a(vector.o)
 .debug_macro   0x00007cde       0x6a /home/lot/progmk/STM32103_m/libs/libopencm3/lib/libopencm3_stm32f1.a(nvic.o)
 .debug_macro   0x00007d48       0x68 /home/lot/progmk/STM32103_m/libs/libopencm3/lib/libopencm3_stm32f1.a(nvic.o)
 .debug_macro   0x00007db0       0x77 /home/lot/progmk/STM32103_m/libs/libopencm3/lib/libopencm3_stm32f1.a(flash_common_all.o)
 .debug_macro   0x00007e27      0x26c lib/libfreertos_kernel.a(tasks.c.o)
 .debug_macro   0x00008093       0x16 lib/libfreertos_kernel.a(tasks.c.o)
 .debug_macro   0x000080a9      0x11c lib/libfreertos_kernel.a(tasks.c.o)
 .debug_macro   0x000081c5       0x94 lib/libfreertos_kernel.a(tasks.c.o)
 .debug_macro   0x00008259       0x22 lib/libfreertos_kernel.a(tasks.c.o)
 .debug_macro   0x0000827b       0x16 lib/libfreertos_kernel.a(tasks.c.o)
 .debug_macro   0x00008291       0x3c lib/libfreertos_kernel.a(tasks.c.o)
 .debug_macro   0x000082cd       0x98 lib/libfreertos_kernel.a(tasks.c.o)
 .debug_macro   0x00008365       0x17 lib/libfreertos_kernel.a(tasks.c.o)
 .debug_macro   0x0000837c      0x168 lib/libfreertos_kernel.a(list.c.o)
 .debug_macro   0x000084e4      0x162 lib/libfreertos_kernel.a(port.c.o)
 .debug_macro   0x00008646      0x1e4 lib/libfreertos_kernel.a(heap_4.c.o)
 .debug_macro   0x0000882a      0x1b7 lib/libfreertos_kernel.a(timers.c.o)
 .debug_macro   0x000089e1       0x80 lib/libfreertos_kernel.a(timers.c.o)
 .debug_macro   0x00008a61       0x9e lib/libfreertos_kernel.a(timers.c.o)
 .debug_macro   0x00008aff      0x1e6 lib/libfreertos_kernel.a(queue.c.o)

.debug_line     0x00000000     0x7c4f
 .debug_line    0x00000000      0x78d CMakeFiles/stm32_template.dir/main.c.o
 .debug_line    0x0000078d      0x463 /home/lot/progmk/STM32103_m/libs/libopencm3/lib/libopencm3_stm32f1.a(adc.o)
 .debug_line    0x00000bf0      0x76e /home/lot/progmk/STM32103_m/libs/libopencm3/lib/libopencm3_stm32f1.a(adc_common_v1.o)
 .debug_line    0x0000135e      0x293 /home/lot/progmk/STM32103_m/libs/libopencm3/lib/libopencm3_stm32f1.a(gpio.o)
 .debug_line    0x000015f1      0x27b /home/lot/progmk/STM32103_m/libs/libopencm3/lib/libopencm3_stm32f1.a(gpio_common_all.o)
 .debug_line    0x0000186c      0xc28 /home/lot/progmk/STM32103_m/libs/libopencm3/lib/libopencm3_stm32f1.a(rcc.o)
 .debug_line    0x00002494      0x322 /home/lot/progmk/STM32103_m/libs/libopencm3/lib/libopencm3_stm32f1.a(rcc_common_all.o)
 .debug_line    0x000027b6      0xf61 /home/lot/progmk/STM32103_m/libs/libopencm3/lib/libopencm3_stm32f1.a(timer_common_all.o)
 .debug_line    0x00003717      0x545 /home/lot/progmk/STM32103_m/libs/libopencm3/lib/libopencm3_stm32f1.a(usart_common_all.o)
 .debug_line    0x00003c5c      0x262 /home/lot/progmk/STM32103_m/libs/libopencm3/lib/libopencm3_stm32f1.a(usart_common_f124.o)
 .debug_line    0x00003ebe      0x2ad /home/lot/progmk/STM32103_m/libs/libopencm3/lib/libopencm3_stm32f1.a(vector.o)
 .debug_line    0x0000416b      0x2a3 /home/lot/progmk/STM32103_m/libs/libopencm3/lib/libopencm3_stm32f1.a(nvic.o)
 .debug_line    0x0000440e      0x22c /home/lot/progmk/STM32103_m/libs/libopencm3/lib/libopencm3_stm32f1.a(flash_common_all.o)
 .debug_line    0x0000463a     0x12f8 lib/libfreertos_kernel.a(tasks.c.o)
 .debug_line    0x00005932      0x3c9 lib/libfreertos_kernel.a(list.c.o)
 .debug_line    0x00005cfb      0x362 lib/libfreertos_kernel.a(port.c.o)
 .debug_line    0x0000605d      0x5f4 lib/libfreertos_kernel.a(heap_4.c.o)
 .debug_line    0x00006651      0x7f9 lib/libfreertos_kernel.a(timers.c.o)
 .debug_line    0x00006e4a      0xb97 lib/libfreertos_kernel.a(queue.c.o)
 .debug_line    0x000079e1      0x1b1 /usr/lib/gcc/arm-none-eabi/13.2.1/../../../arm-none-eabi/lib/thumb/v7-m/nofp/libg.a(libc_a-memset.o)
 .debug_line    0x00007b92       0xbd /usr/lib/gcc/arm-none-eabi/13.2.1/../../../arm-none-eabi/lib/thumb/v7-m/nofp/libg.a(libc_a-memcpy.o)

.debug_str      0x00000000    0x29bbd
 .debug_str     0x00000000    0x29bbd CMakeFiles/stm32_template.dir/main.c.o
                              0x1fd17 (size before relaxing)
 .debug_str     0x00029bbd     0x70c2 /home/lot/progmk/STM32103_m/libs/libopencm3/lib/libopencm3_stm32f1.a(adc.o)
 .debug_str     0x00029bbd     0x7408 /home/lot/progmk/STM32103_m/libs/libopencm3/lib/libopencm3_stm32f1.a(adc_common_v1.o)
 .debug_str     0x00029bbd     0x82bb /home/lot/progmk/STM32103_m/libs/libopencm3/lib/libopencm3_stm32f1.a(gpio.o)
 .debug_str     0x00029bbd     0x82b9 /home/lot/progmk/STM32103_m/libs/libopencm3/lib/libopencm3_stm32f1.a(gpio_common_all.o)
 .debug_str     0x00029bbd     0x7f1b /home/lot/progmk/STM32103_m/libs/libopencm3/lib/libopencm3_stm32f1.a(rcc.o)
 .debug_str     0x00029bbd     0x761e /home/lot/progmk/STM32103_m/libs/libopencm3/lib/libopencm3_stm32f1.a(rcc_common_all.o)
 .debug_str     0x00029bbd     0xbbc5 /home/lot/progmk/STM32103_m/libs/libopencm3/lib/libopencm3_stm32f1.a(timer_common_all.o)
 .debug_str     0x00029bbd     0x8271 /home/lot/progmk/STM32103_m/libs/libopencm3/lib/libopencm3_stm32f1.a(usart_common_all.o)
 .debug_str     0x00029bbd     0x7fdd /home/lot/progmk/STM32103_m/libs/libopencm3/lib/libopencm3_stm32f1.a(usart_common_f124.o)
 .debug_str     0x00029bbd     0x630a /home/lot/progmk/STM32103_m/libs/libopencm3/lib/libopencm3_stm32f1.a(vector.o)
 .debug_str     0x00029bbd     0x58d7 /home/lot/progmk/STM32103_m/libs/libopencm3/lib/libopencm3_stm32f1.a(nvic.o)
 .debug_str     0x00029bbd     0x5209 /home/lot/progmk/STM32103_m/libs/libopencm3/lib/libopencm3_stm32f1.a(flash_common_all.o)
 .debug_str     0x00029bbd    0x1357b lib/libfreertos_kernel.a(tasks.c.o)
 .debug_str     0x00029bbd    0x100e5 lib/libfreertos_kernel.a(list.c.o)
 .debug_str     0x00029bbd     0xee52 lib/libfreertos_kernel.a(port.c.o)
 .debug_str     0x00029bbd    0x11b9d lib/libfreertos_kernel.a(heap_4.c.o)
 .debug_str     0x00029bbd    0x12c6c lib/libfreertos_kernel.a(timers.c.o)
 .debug_str     0x00029bbd    0x126b7 lib/libfreertos_kernel.a(queue.c.o)
 .debug_str     0x00029bbd      0x1a0 /usr/lib/gcc/arm-none-eabi/13.2.1/../../../arm-none-eabi/lib/thumb/v7-m/nofp/libg.a(libc_a-memset.o)
 .debug_str     0x00029bbd       0xa3 /usr/lib/gcc/arm-none-eabi/13.2.1/../../../arm-none-eabi/lib/thumb/v7-m/nofp/libg.a(libc_a-memcpy.o)

.comment        0x00000000       0x26
 .comment       0x00000000       0x26 CMakeFiles/stm32_template.dir/main.c.o
                                 0x27 (size before relaxing)
 .comment       0x00000026       0x27 /home/lot/progmk/STM32103_m/libs/libopencm3/lib/libopencm3_stm32f1.a(adc.o)
 .comment       0x00000026       0x27 /home/lot/progmk/STM32103_m/libs/libopencm3/lib/libopencm3_stm32f1.a(adc_common_v1.o)
 .comment       0x00000026       0x27 /home/lot/progmk/STM32103_m/libs/libopencm3/lib/libopencm3_stm32f1.a(gpio.o)
 .comment       0x00000026       0x27 /home/lot/progmk/STM32103_m/libs/libopencm3/lib/libopencm3_stm32f1.a(gpio_common_all.o)
 .comment       0x00000026       0x27 /home/lot/progmk/STM32103_m/libs/libopencm3/lib/libopencm3_stm32f1.a(rcc.o)
 .comment       0x00000026       0x27 /home/lot/progmk/STM32103_m/libs/libopencm3/lib/libopencm3_stm32f1.a(rcc_common_all.o)
 .comment       0x00000026       0x27 /home/lot/progmk/STM32103_m/libs/libopencm3/lib/libopencm3_stm32f1.a(timer_common_all.o)
 .comment       0x00000026       0x27 /home/lot/progmk/STM32103_m/libs/libopencm3/lib/libopencm3_stm32f1.a(usart_common_all.o)
 .comment       0x00000026       0x27 /home/lot/progmk/STM32103_m/libs/libopencm3/lib/libopencm3_stm32f1.a(usart_common_f124.o)
 .comment       0x00000026       0x27 /home/lot/progmk/STM32103_m/libs/libopencm3/lib/libopencm3_stm32f1.a(vector.o)
 .comment       0x00000026       0x27 /home/lot/progmk/STM32103_m/libs/libopencm3/lib/libopencm3_stm32f1.a(nvic.o)
 .comment       0x00000026       0x27 /home/lot/progmk/STM32103_m/libs/libopencm3/lib/libopencm3_stm32f1.a(flash_common_all.o)
 .comment       0x00000026       0x27 lib/libfreertos_kernel.a(tasks.c.o)
 .comment       0x00000026       0x27 lib/libfreertos_kernel.a(list.c.o)
 .comment       0x00000026       0x27 lib/libfreertos_kernel.a(port.c.o)
 .comment       0x00000026       0x27 lib/libfreertos_kernel.a(heap_4.c.o)
 .comment       0x00000026       0x27 lib/libfreertos_kernel.a(timers.c.o)
 .comment       0x00000026       0x27 lib/libfreertos_kernel.a(queue.c.o)
 .comment       0x00000026       0x27 /usr/lib/gcc/arm-none-eabi/13.2.1/../../../arm-none-eabi/lib/thumb/v7-m/nofp/libg.a(libc_a-memset.o)

.ARM.attributes
                0x00000000       0x2b
 .ARM.attributes
                0x00000000       0x2d CMakeFiles/stm32_template.dir/main.c.o
 .ARM.attributes
                0x0000002d       0x2d /home/lot/progmk/STM32103_m/libs/libopencm3/lib/libopencm3_stm32f1.a(adc.o)
 .ARM.attributes
                0x0000005a       0x2d /home/lot/progmk/STM32103_m/libs/libopencm3/lib/libopencm3_stm32f1.a(adc_common_v1.o)
 .ARM.attributes
                0x00000087       0x2d /home/lot/progmk/STM32103_m/libs/libopencm3/lib/libopencm3_stm32f1.a(gpio.o)
 .ARM.attributes
                0x000000b4       0x2d /home/lot/progmk/STM32103_m/libs/libopencm3/lib/libopencm3_stm32f1.a(gpio_common_all.o)
 .ARM.attributes
                0x000000e1       0x2d /home/lot/progmk/STM32103_m/libs/libopencm3/lib/libopencm3_stm32f1.a(rcc.o)
 .ARM.attributes
                0x0000010e       0x2d /home/lot/progmk/STM32103_m/libs/libopencm3/lib/libopencm3_stm32f1.a(rcc_common_all.o)
 .ARM.attributes
                0x0000013b       0x2d /home/lot/progmk/STM32103_m/libs/libopencm3/lib/libopencm3_stm32f1.a(timer_common_all.o)
 .ARM.attributes
                0x00000168       0x2d /home/lot/progmk/STM32103_m/libs/libopencm3/lib/libopencm3_stm32f1.a(usart_common_all.o)
 .ARM.attributes
                0x00000195       0x2d /home/lot/progmk/STM32103_m/libs/libopencm3/lib/libopencm3_stm32f1.a(usart_common_f124.o)
 .ARM.attributes
                0x000001c2       0x2d /home/lot/progmk/STM32103_m/libs/libopencm3/lib/libopencm3_stm32f1.a(vector.o)
 .ARM.attributes
                0x000001ef       0x2d /home/lot/progmk/STM32103_m/libs/libopencm3/lib/libopencm3_stm32f1.a(nvic.o)
 .ARM.attributes
                0x0000021c       0x2d /home/lot/progmk/STM32103_m/libs/libopencm3/lib/libopencm3_stm32f1.a(flash_common_all.o)
 .ARM.attributes
                0x00000249       0x2d lib/libfreertos_kernel.a(tasks.c.o)
 .ARM.attributes
                0x00000276       0x2d lib/libfreertos_kernel.a(list.c.o)
 .ARM.attributes
                0x000002a3       0x2d lib/libfreertos_kernel.a(port.c.o)
 .ARM.attributes
                0x000002d0       0x2d lib/libfreertos_kernel.a(heap_4.c.o)
 .ARM.attributes
                0x000002fd       0x2d lib/libfreertos_kernel.a(timers.c.o)
 .ARM.attributes
                0x0000032a       0x2d lib/libfreertos_kernel.a(queue.c.o)
 .ARM.attributes
                0x00000357       0x2d /usr/lib/gcc/arm-none-eabi/13.2.1/../../../arm-none-eabi/lib/thumb/v7-m/nofp/libg.a(libc_a-memset.o)
 .ARM.attributes
                0x00000384       0x1b /usr/lib/gcc/arm-none-eabi/13.2.1/../../../arm-none-eabi/lib/thumb/v7-m/nofp/libg.a(libc_a-memcpy.o)

.debug_frame    0x00000000     0x2568
 .debug_frame   0x00000000      0x168 CMakeFiles/stm32_template.dir/main.c.o
 .debug_frame   0x00000168      0x128 /home/lot/progmk/STM32103_m/libs/libopencm3/lib/libopencm3_stm32f1.a(adc.o)
 .debug_frame   0x00000290      0x2b4 /home/lot/progmk/STM32103_m/libs/libopencm3/lib/libopencm3_stm32f1.a(adc_common_v1.o)
 .debug_frame   0x00000544       0x60 /home/lot/progmk/STM32103_m/libs/libopencm3/lib/libopencm3_stm32f1.a(gpio.o)
 .debug_frame   0x000005a4       0x80 /home/lot/progmk/STM32103_m/libs/libopencm3/lib/libopencm3_stm32f1.a(gpio_common_all.o)
 .debug_frame   0x00000624      0x318 /home/lot/progmk/STM32103_m/libs/libopencm3/lib/libopencm3_stm32f1.a(rcc.o)
 .debug_frame   0x0000093c       0xe0 /home/lot/progmk/STM32103_m/libs/libopencm3/lib/libopencm3_stm32f1.a(rcc_common_all.o)
 .debug_frame   0x00000a1c      0x4d8 /home/lot/progmk/STM32103_m/libs/libopencm3/lib/libopencm3_stm32f1.a(timer_common_all.o)
 .debug_frame   0x00000ef4      0x1ec /home/lot/progmk/STM32103_m/libs/libopencm3/lib/libopencm3_stm32f1.a(usart_common_all.o)
 .debug_frame   0x000010e0       0x60 /home/lot/progmk/STM32103_m/libs/libopencm3/lib/libopencm3_stm32f1.a(usart_common_f124.o)
 .debug_frame   0x00001140       0x4c /home/lot/progmk/STM32103_m/libs/libopencm3/lib/libopencm3_stm32f1.a(vector.o)
 .debug_frame   0x0000118c       0xa0 /home/lot/progmk/STM32103_m/libs/libopencm3/lib/libopencm3_stm32f1.a(nvic.o)
 .debug_frame   0x0000122c       0x50 /home/lot/progmk/STM32103_m/libs/libopencm3/lib/libopencm3_stm32f1.a(flash_common_all.o)
 .debug_frame   0x0000127c      0x7b4 lib/libfreertos_kernel.a(tasks.c.o)
 .debug_frame   0x00001a30       0xd8 lib/libfreertos_kernel.a(list.c.o)
 .debug_frame   0x00001b08      0x168 lib/libfreertos_kernel.a(port.c.o)
 .debug_frame   0x00001c70      0x170 lib/libfreertos_kernel.a(heap_4.c.o)
 .debug_frame   0x00001de0      0x3b4 lib/libfreertos_kernel.a(timers.c.o)
 .debug_frame   0x00002194      0x3a8 lib/libfreertos_kernel.a(queue.c.o)
 .debug_frame   0x0000253c       0x2c /usr/lib/gcc/arm-none-eabi/13.2.1/../../../arm-none-eabi/lib/thumb/v7-m/nofp/libg.a(libc_a-memset.o)

.debug_loclists
                0x00000000     0x10d7
 .debug_loclists
                0x00000000      0x164 /home/lot/progmk/STM32103_m/libs/libopencm3/lib/libopencm3_stm32f1.a(adc.o)
 .debug_loclists
                0x00000164      0x325 /home/lot/progmk/STM32103_m/libs/libopencm3/lib/libopencm3_stm32f1.a(adc_common_v1.o)
 .debug_loclists
                0x00000489       0xd5 /home/lot/progmk/STM32103_m/libs/libopencm3/lib/libopencm3_stm32f1.a(gpio.o)
 .debug_loclists
                0x0000055e       0x96 /home/lot/progmk/STM32103_m/libs/libopencm3/lib/libopencm3_stm32f1.a(gpio_common_all.o)
 .debug_loclists
                0x000005f4      0x2cb /home/lot/progmk/STM32103_m/libs/libopencm3/lib/libopencm3_stm32f1.a(rcc.o)
 .debug_loclists
                0x000008bf       0x87 /home/lot/progmk/STM32103_m/libs/libopencm3/lib/libopencm3_stm32f1.a(rcc_common_all.o)
 .debug_loclists
                0x00000946      0x1d5 /home/lot/progmk/STM32103_m/libs/libopencm3/lib/libopencm3_stm32f1.a(timer_common_all.o)
 .debug_loclists
                0x00000b1b      0x18e /home/lot/progmk/STM32103_m/libs/libopencm3/lib/libopencm3_stm32f1.a(usart_common_all.o)
 .debug_loclists
                0x00000ca9       0x79 /home/lot/progmk/STM32103_m/libs/libopencm3/lib/libopencm3_stm32f1.a(usart_common_f124.o)
 .debug_loclists
                0x00000d22       0xb6 /home/lot/progmk/STM32103_m/libs/libopencm3/lib/libopencm3_stm32f1.a(vector.o)
 .debug_loclists
                0x00000dd8      0x111 /home/lot/progmk/STM32103_m/libs/libopencm3/lib/libopencm3_stm32f1.a(nvic.o)
 .debug_loclists
                0x00000ee9       0x17 /home/lot/progmk/STM32103_m/libs/libopencm3/lib/libopencm3_stm32f1.a(flash_common_all.o)
 .debug_loclists
                0x00000f00      0x1d7 /usr/lib/gcc/arm-none-eabi/13.2.1/../../../arm-none-eabi/lib/thumb/v7-m/nofp/libg.a(libc_a-memset.o)

.debug_line_str
                0x00000000       0x90
 .debug_line_str
                0x00000000       0x90 /usr/lib/gcc/arm-none-eabi/13.2.1/../../../arm-none-eabi/lib/thumb/v7-m/nofp/libg.a(libc_a-memcpy.o)
